C:/PP/Dydaktyka/MATERIALY/ISPiS_MATERIALY/ISPiS_PRZYKLADY/L01/smiglo/MCSDK_v5.4.8/MotorControl/MCSDK/MCLib/F0xx/Src/r3_f0xx_pwm_curr_fdbk.c:263:13:R3_1_GetPhaseCurrents	20	static
C:/PP/Dydaktyka/MATERIALY/ISPiS_MATERIALY/ISPiS_PRZYKLADY/L01/smiglo/MCSDK_v5.4.8/MotorControl/MCSDK/MCLib/F0xx/Src/r3_f0xx_pwm_curr_fdbk.c:566:13:R3_1_HFCurrentsCalibrationAB	12	static
C:/PP/Dydaktyka/MATERIALY/ISPiS_MATERIALY/ISPiS_PRZYKLADY/L01/smiglo/MCSDK_v5.4.8/MotorControl/MCSDK/MCLib/F0xx/Src/r3_f0xx_pwm_curr_fdbk.c:602:13:R3_1_HFCurrentsCalibrationC	12	static
C:/PP/Dydaktyka/MATERIALY/ISPiS_MATERIALY/ISPiS_PRZYKLADY/L01/smiglo/MCSDK_v5.4.8/MotorControl/MCSDK/MCLib/F0xx/Src/r3_f0xx_pwm_curr_fdbk.c:86:13:R3_1_Init	24	static
C:/PP/Dydaktyka/MATERIALY/ISPiS_MATERIALY/ISPiS_PRZYKLADY/L01/smiglo/MCSDK_v5.4.8/MotorControl/MCSDK/MCLib/F0xx/Src/r3_f0xx_pwm_curr_fdbk.c:519:17:R3_1_WriteTIMRegisters	0	static
C:/PP/Dydaktyka/MATERIALY/ISPiS_MATERIALY/ISPiS_PRZYKLADY/L01/smiglo/MCSDK_v5.4.8/MotorControl/MCSDK/MCLib/F0xx/Src/r3_f0xx_pwm_curr_fdbk.c:426:17:R3_1_SetADCSampPointCalibration	8	static
C:/PP/Dydaktyka/MATERIALY/ISPiS_MATERIALY/ISPiS_PRZYKLADY/L01/smiglo/MCSDK_v5.4.8/MotorControl/MCSDK/MCLib/F0xx/Src/r3_f0xx_pwm_curr_fdbk.c:449:17:R3_1_SetADCSampPointSectX	16	static
C:/PP/Dydaktyka/MATERIALY/ISPiS_MATERIALY/ISPiS_PRZYKLADY/L01/smiglo/MCSDK_v5.4.8/MotorControl/MCSDK/MCLib/F0xx/Src/r3_f0xx_pwm_curr_fdbk.c:636:13:R3_1_TurnOnLowSides	0	static
C:/PP/Dydaktyka/MATERIALY/ISPiS_MATERIALY/ISPiS_PRZYKLADY/L01/smiglo/MCSDK_v5.4.8/MotorControl/MCSDK/MCLib/F0xx/Src/r3_f0xx_pwm_curr_fdbk.c:680:13:R3_1_SwitchOnPWM	16	static
C:/PP/Dydaktyka/MATERIALY/ISPiS_MATERIALY/ISPiS_PRZYKLADY/L01/smiglo/MCSDK_v5.4.8/MotorControl/MCSDK/MCLib/F0xx/Src/r3_f0xx_pwm_curr_fdbk.c:773:13:R3_1_SwitchOffPWM	8	static
C:/PP/Dydaktyka/MATERIALY/ISPiS_MATERIALY/ISPiS_PRZYKLADY/L01/smiglo/MCSDK_v5.4.8/MotorControl/MCSDK/MCLib/F0xx/Src/r3_f0xx_pwm_curr_fdbk.c:170:13:R3_1_CurrentReadingCalibration	40	static
C:/PP/Dydaktyka/MATERIALY/ISPiS_MATERIALY/ISPiS_PRZYKLADY/L01/smiglo/MCSDK_v5.4.8/MotorControl/MCSDK/MCLib/F0xx/Src/r3_f0xx_pwm_curr_fdbk.c:839:8:R3_1_TIMx_UP_IRQHandler	20	static
C:/PP/Dydaktyka/MATERIALY/ISPiS_MATERIALY/ISPiS_PRZYKLADY/L01/smiglo/MCSDK_v5.4.8/MotorControl/MCSDK/MCLib/F0xx/Src/r3_f0xx_pwm_curr_fdbk.c:868:15:F0XX_BRK_IRQHandler	0	static
C:/PP/Dydaktyka/MATERIALY/ISPiS_MATERIALY/ISPiS_PRZYKLADY/L01/smiglo/MCSDK_v5.4.8/MotorControl/MCSDK/MCLib/F0xx/Src/r3_f0xx_pwm_curr_fdbk.c:887:17:R3_1_IsOverCurrentOccurred	8	static
