C:/PP/Dydaktyka/MATERIALY/ISPiS_MATERIALY/ISPiS_PRZYKLADY/L01/smiglo/MCSDK_v5.4.8/MotorControl/MCSDK/MCLib/Any/Src/speed_pos_fdbk.c:62:16:SPD_GetElAngle	0	static
C:/PP/Dydaktyka/MATERIALY/ISPiS_MATERIALY/ISPiS_PRZYKLADY/L01/smiglo/MCSDK_v5.4.8/MotorControl/MCSDK/MCLib/Any/Src/speed_pos_fdbk.c:77:16:SPD_GetMecAngle	0	static
C:/PP/Dydaktyka/MATERIALY/ISPiS_MATERIALY/ISPiS_PRZYKLADY/L01/smiglo/MCSDK_v5.4.8/MotorControl/MCSDK/MCLib/Any/Src/speed_pos_fdbk.c:87:16:SPD_GetAvrgMecSpeedUnit	0	static
C:/PP/Dydaktyka/MATERIALY/ISPiS_MATERIALY/ISPiS_PRZYKLADY/L01/smiglo/MCSDK_v5.4.8/MotorControl/MCSDK/MCLib/Any/Src/speed_pos_fdbk.c:100:16:SPD_GetElSpeedDpp	0	static
C:/PP/Dydaktyka/MATERIALY/ISPiS_MATERIALY/ISPiS_PRZYKLADY/L01/smiglo/MCSDK_v5.4.8/MotorControl/MCSDK/MCLib/Any/Src/speed_pos_fdbk.c:120:16:SPD_GetInstElSpeedDpp	0	static
C:/PP/Dydaktyka/MATERIALY/ISPiS_MATERIALY/ISPiS_PRZYKLADY/L01/smiglo/MCSDK_v5.4.8/MotorControl/MCSDK/MCLib/Any/Src/speed_pos_fdbk.c:135:13:SPD_Check	0	static
C:/PP/Dydaktyka/MATERIALY/ISPiS_MATERIALY/ISPiS_PRZYKLADY/L01/smiglo/MCSDK_v5.4.8/MotorControl/MCSDK/MCLib/Any/Src/speed_pos_fdbk.c:169:13:SPD_IsMecSpeedReliable	16	static
C:/PP/Dydaktyka/MATERIALY/ISPiS_MATERIALY/ISPiS_PRZYKLADY/L01/smiglo/MCSDK_v5.4.8/MotorControl/MCSDK/MCLib/Any/Src/speed_pos_fdbk.c:254:16:SPD_GetS16Speed	8	static
C:/PP/Dydaktyka/MATERIALY/ISPiS_MATERIALY/ISPiS_PRZYKLADY/L01/smiglo/MCSDK_v5.4.8/MotorControl/MCSDK/MCLib/Any/Src/speed_pos_fdbk.c:269:16:SPD_GetElToMecRatio	0	static
C:/PP/Dydaktyka/MATERIALY/ISPiS_MATERIALY/ISPiS_PRZYKLADY/L01/smiglo/MCSDK_v5.4.8/MotorControl/MCSDK/MCLib/Any/Src/speed_pos_fdbk.c:281:13:SPD_SetElToMecRatio	0	static
