Archive member included to satisfy reference by file (symbol)

../../MCSDK_v5.4.8/MotorControl/lib\libmc-gcc_M0.lib(revup_ctrl.o)
                              ./Application/User/user_interface.o (RUC_SetPhaseDurationms)
../../MCSDK_v5.4.8/MotorControl/lib\libmc-gcc_M0.lib(fast_div.o)
                              ./Middlewares/MotorControl/ramp_ext_mngr.o (FD_Init)
c:/st/stm32cubeide_1.8.0/stm32cubeide/plugins/com.st.stm32cube.ide.mcu.externaltools.gnu-tools-for-stm32.10.3-2021.10.win32_1.0.0.202111181127/tools/bin/../lib/gcc/arm-none-eabi/10.3.1/../../../../arm-none-eabi/lib/thumb/v6-m/nofp\libc_nano.a(lib_a-errno.o)
                              ./Application/User/syscalls.o (__errno)
c:/st/stm32cubeide_1.8.0/stm32cubeide/plugins/com.st.stm32cube.ide.mcu.externaltools.gnu-tools-for-stm32.10.3-2021.10.win32_1.0.0.202111181127/tools/bin/../lib/gcc/arm-none-eabi/10.3.1/../../../../arm-none-eabi/lib/thumb/v6-m/nofp\libc_nano.a(lib_a-exit.o)
                              c:/st/stm32cubeide_1.8.0/stm32cubeide/plugins/com.st.stm32cube.ide.mcu.externaltools.gnu-tools-for-stm32.10.3-2021.10.win32_1.0.0.202111181127/tools/bin/../lib/gcc/arm-none-eabi/10.3.1/../../../../arm-none-eabi/lib/thumb/v6-m/nofp/crt0.o (exit)
c:/st/stm32cubeide_1.8.0/stm32cubeide/plugins/com.st.stm32cube.ide.mcu.externaltools.gnu-tools-for-stm32.10.3-2021.10.win32_1.0.0.202111181127/tools/bin/../lib/gcc/arm-none-eabi/10.3.1/../../../../arm-none-eabi/lib/thumb/v6-m/nofp\libc_nano.a(lib_a-impure.o)
                              c:/st/stm32cubeide_1.8.0/stm32cubeide/plugins/com.st.stm32cube.ide.mcu.externaltools.gnu-tools-for-stm32.10.3-2021.10.win32_1.0.0.202111181127/tools/bin/../lib/gcc/arm-none-eabi/10.3.1/../../../../arm-none-eabi/lib/thumb/v6-m/nofp\libc_nano.a(lib_a-exit.o) (_global_impure_ptr)
c:/st/stm32cubeide_1.8.0/stm32cubeide/plugins/com.st.stm32cube.ide.mcu.externaltools.gnu-tools-for-stm32.10.3-2021.10.win32_1.0.0.202111181127/tools/bin/../lib/gcc/arm-none-eabi/10.3.1/../../../../arm-none-eabi/lib/thumb/v6-m/nofp\libc_nano.a(lib_a-init.o)
                              c:/st/stm32cubeide_1.8.0/stm32cubeide/plugins/com.st.stm32cube.ide.mcu.externaltools.gnu-tools-for-stm32.10.3-2021.10.win32_1.0.0.202111181127/tools/bin/../lib/gcc/arm-none-eabi/10.3.1/../../../../arm-none-eabi/lib/thumb/v6-m/nofp/crt0.o (__libc_init_array)
c:/st/stm32cubeide_1.8.0/stm32cubeide/plugins/com.st.stm32cube.ide.mcu.externaltools.gnu-tools-for-stm32.10.3-2021.10.win32_1.0.0.202111181127/tools/bin/../lib/gcc/arm-none-eabi/10.3.1/../../../../arm-none-eabi/lib/thumb/v6-m/nofp\libc_nano.a(lib_a-memcpy-stub.o)
                              ./Application/User/mc_interface.o (memcpy)
c:/st/stm32cubeide_1.8.0/stm32cubeide/plugins/com.st.stm32cube.ide.mcu.externaltools.gnu-tools-for-stm32.10.3-2021.10.win32_1.0.0.202111181127/tools/bin/../lib/gcc/arm-none-eabi/10.3.1/../../../../arm-none-eabi/lib/thumb/v6-m/nofp\libc_nano.a(lib_a-memset.o)
                              c:/st/stm32cubeide_1.8.0/stm32cubeide/plugins/com.st.stm32cube.ide.mcu.externaltools.gnu-tools-for-stm32.10.3-2021.10.win32_1.0.0.202111181127/tools/bin/../lib/gcc/arm-none-eabi/10.3.1/../../../../arm-none-eabi/lib/thumb/v6-m/nofp/crt0.o (memset)
c:/st/stm32cubeide_1.8.0/stm32cubeide/plugins/com.st.stm32cube.ide.mcu.externaltools.gnu-tools-for-stm32.10.3-2021.10.win32_1.0.0.202111181127/tools/bin/../lib/gcc/arm-none-eabi/10.3.1/thumb/v6-m/nofp\libgcc.a(_udivsi3.o)
                              ./Application/User/motorcontrol.o (__aeabi_uidiv)
c:/st/stm32cubeide_1.8.0/stm32cubeide/plugins/com.st.stm32cube.ide.mcu.externaltools.gnu-tools-for-stm32.10.3-2021.10.win32_1.0.0.202111181127/tools/bin/../lib/gcc/arm-none-eabi/10.3.1/thumb/v6-m/nofp\libgcc.a(_divsi3.o)
                              ./Application/User/mc_math.o (__aeabi_idiv)
c:/st/stm32cubeide_1.8.0/stm32cubeide/plugins/com.st.stm32cube.ide.mcu.externaltools.gnu-tools-for-stm32.10.3-2021.10.win32_1.0.0.202111181127/tools/bin/../lib/gcc/arm-none-eabi/10.3.1/thumb/v6-m/nofp\libgcc.a(_dvmd_tls.o)
                              c:/st/stm32cubeide_1.8.0/stm32cubeide/plugins/com.st.stm32cube.ide.mcu.externaltools.gnu-tools-for-stm32.10.3-2021.10.win32_1.0.0.202111181127/tools/bin/../lib/gcc/arm-none-eabi/10.3.1/thumb/v6-m/nofp\libgcc.a(_udivsi3.o) (__aeabi_idiv0)

Discarded input sections

 .text          0x0000000000000000        0x0 c:/st/stm32cubeide_1.8.0/stm32cubeide/plugins/com.st.stm32cube.ide.mcu.externaltools.gnu-tools-for-stm32.10.3-2021.10.win32_1.0.0.202111181127/tools/bin/../lib/gcc/arm-none-eabi/10.3.1/thumb/v6-m/nofp/crti.o
 .data          0x0000000000000000        0x0 c:/st/stm32cubeide_1.8.0/stm32cubeide/plugins/com.st.stm32cube.ide.mcu.externaltools.gnu-tools-for-stm32.10.3-2021.10.win32_1.0.0.202111181127/tools/bin/../lib/gcc/arm-none-eabi/10.3.1/thumb/v6-m/nofp/crti.o
[...]
Memory Configuration

Name             Origin             Length             Attributes
RAM              0x0000000020000000 0x0000000000001000 xrw
FLASH            0x0000000008000000 0x0000000000008000 xr
*default*        0x0000000000000000 0xffffffffffffffff

Linker script and memory map

LOAD c:/st/stm32cubeide_1.8.0/stm32cubeide/plugins/com.st.stm32cube.ide.mcu.externaltools.gnu-tools-for-stm32.10.3-2021.10.win32_1.0.0.202111181127/tools/bin/../lib/gcc/arm-none-eabi/10.3.1/thumb/v6-m/nofp/crti.o
LOAD c:/st/stm32cubeide_1.8.0/stm32cubeide/plugins/com.st.stm32cube.ide.mcu.externaltools.gnu-tools-for-stm32.10.3-2021.10.win32_1.0.0.202111181127/tools/bin/../lib/gcc/arm-none-eabi/10.3.1/thumb/v6-m/nofp/crtbegin.o
LOAD c:/st/stm32cubeide_1.8.0/stm32cubeide/plugins/com.st.stm32cube.ide.mcu.externaltools.gnu-tools-for-stm32.10.3-2021.10.win32_1.0.0.202111181127/tools/bin/../lib/gcc/arm-none-eabi/10.3.1/../../../../arm-none-eabi/lib/thumb/v6-m/nofp/crt0.o
LOAD ./Application/Startup/startup_stm32f031c6tx.o
LOAD ./Application/User/main.o
LOAD ./Application/User/mc_api.o
LOAD ./Application/User/mc_config.o
LOAD ./Application/User/mc_interface.o
LOAD ./Application/User/mc_math.o
LOAD ./Application/User/mc_parameters.o
LOAD ./Application/User/mc_tasks.o
LOAD ./Application/User/motor_control_protocol.o
LOAD ./Application/User/motorcontrol.o
LOAD ./Application/User/regular_conversion_manager.o
LOAD ./Application/User/stm32f0xx_hal_msp.o
LOAD ./Application/User/stm32f0xx_it.o
LOAD ./Application/User/stm32f0xx_mc_it.o
LOAD ./Application/User/syscalls.o
LOAD ./Application/User/sysmem.o
LOAD ./Application/User/ui_task.o
LOAD ./Application/User/user_interface.o
LOAD ./Drivers/CMSIS/system_stm32f0xx.o
LOAD ./Drivers/STM32F0xx_HAL_Driver/stm32f0xx_hal.o
LOAD ./Drivers/STM32F0xx_HAL_Driver/stm32f0xx_hal_adc.o
LOAD ./Drivers/STM32F0xx_HAL_Driver/stm32f0xx_hal_adc_ex.o
LOAD ./Drivers/STM32F0xx_HAL_Driver/stm32f0xx_hal_cortex.o
LOAD ./Drivers/STM32F0xx_HAL_Driver/stm32f0xx_hal_dma.o
LOAD ./Drivers/STM32F0xx_HAL_Driver/stm32f0xx_hal_exti.o
LOAD ./Drivers/STM32F0xx_HAL_Driver/stm32f0xx_hal_flash.o
LOAD ./Drivers/STM32F0xx_HAL_Driver/stm32f0xx_hal_flash_ex.o
LOAD ./Drivers/STM32F0xx_HAL_Driver/stm32f0xx_hal_gpio.o
LOAD ./Drivers/STM32F0xx_HAL_Driver/stm32f0xx_hal_i2c.o
LOAD ./Drivers/STM32F0xx_HAL_Driver/stm32f0xx_hal_i2c_ex.o
LOAD ./Drivers/STM32F0xx_HAL_Driver/stm32f0xx_hal_pwr.o
LOAD ./Drivers/STM32F0xx_HAL_Driver/stm32f0xx_hal_pwr_ex.o
LOAD ./Drivers/STM32F0xx_HAL_Driver/stm32f0xx_hal_rcc.o
LOAD ./Drivers/STM32F0xx_HAL_Driver/stm32f0xx_hal_rcc_ex.o
LOAD ./Drivers/STM32F0xx_HAL_Driver/stm32f0xx_hal_tim.o
LOAD ./Drivers/STM32F0xx_HAL_Driver/stm32f0xx_hal_tim_ex.o
LOAD ./Drivers/STM32F0xx_HAL_Driver/stm32f0xx_hal_uart.o
LOAD ./Drivers/STM32F0xx_HAL_Driver/stm32f0xx_hal_uart_ex.o
LOAD ./Middlewares/MotorControl/bus_voltage_sensor.o
LOAD ./Middlewares/MotorControl/circle_limitation.o
LOAD ./Middlewares/MotorControl/digital_output.o
LOAD ./Middlewares/MotorControl/frame_communication_protocol.o
LOAD ./Middlewares/MotorControl/hall_speed_pos_fdbk.o
LOAD ./Middlewares/MotorControl/motor_power_measurement.o
LOAD ./Middlewares/MotorControl/ntc_temperature_sensor.o
LOAD ./Middlewares/MotorControl/open_loop.o
LOAD ./Middlewares/MotorControl/pid_regulator.o
LOAD ./Middlewares/MotorControl/pqd_motor_power_measurement.o
LOAD ./Middlewares/MotorControl/pwm_common.o
LOAD ./Middlewares/MotorControl/pwm_curr_fdbk.o
LOAD ./Middlewares/MotorControl/r3_f0xx_pwm_curr_fdbk.o
LOAD ./Middlewares/MotorControl/r_divider_bus_voltage_sensor.o
LOAD ./Middlewares/MotorControl/ramp_ext_mngr.o
LOAD ./Middlewares/MotorControl/speed_pos_fdbk.o
LOAD ./Middlewares/MotorControl/speed_torq_ctrl.o
LOAD ./Middlewares/MotorControl/state_machine.o
LOAD ./Middlewares/MotorControl/ui_irq_handler.o
LOAD ./Middlewares/MotorControl/usart_frame_communication_protocol.o
LOAD ./Middlewares/MotorControl/virtual_speed_sensor.o
LOAD ../../MCSDK_v5.4.8/MotorControl/lib\libmc-gcc_M0.lib
START GROUP
LOAD c:/st/stm32cubeide_1.8.0/stm32cubeide/plugins/com.st.stm32cube.ide.mcu.externaltools.gnu-tools-for-stm32.10.3-2021.10.win32_1.0.0.202111181127/tools/bin/../lib/gcc/arm-none-eabi/10.3.1/../../../../arm-none-eabi/lib/thumb/v6-m/nofp\libc_nano.a
LOAD c:/st/stm32cubeide_1.8.0/stm32cubeide/plugins/com.st.stm32cube.ide.mcu.externaltools.gnu-tools-for-stm32.10.3-2021.10.win32_1.0.0.202111181127/tools/bin/../lib/gcc/arm-none-eabi/10.3.1/../../../../arm-none-eabi/lib/thumb/v6-m/nofp\libm.a
END GROUP
START GROUP
LOAD c:/st/stm32cubeide_1.8.0/stm32cubeide/plugins/com.st.stm32cube.ide.mcu.externaltools.gnu-tools-for-stm32.10.3-2021.10.win32_1.0.0.202111181127/tools/bin/../lib/gcc/arm-none-eabi/10.3.1/thumb/v6-m/nofp\libgcc.a
LOAD c:/st/stm32cubeide_1.8.0/stm32cubeide/plugins/com.st.stm32cube.ide.mcu.externaltools.gnu-tools-for-stm32.10.3-2021.10.win32_1.0.0.202111181127/tools/bin/../lib/gcc/arm-none-eabi/10.3.1/../../../../arm-none-eabi/lib/thumb/v6-m/nofp\libc_nano.a
END GROUP
START GROUP
LOAD c:/st/stm32cubeide_1.8.0/stm32cubeide/plugins/com.st.stm32cube.ide.mcu.externaltools.gnu-tools-for-stm32.10.3-2021.10.win32_1.0.0.202111181127/tools/bin/../lib/gcc/arm-none-eabi/10.3.1/thumb/v6-m/nofp\libgcc.a
LOAD c:/st/stm32cubeide_1.8.0/stm32cubeide/plugins/com.st.stm32cube.ide.mcu.externaltools.gnu-tools-for-stm32.10.3-2021.10.win32_1.0.0.202111181127/tools/bin/../lib/gcc/arm-none-eabi/10.3.1/../../../../arm-none-eabi/lib/thumb/v6-m/nofp\libc_nano.a
LOAD c:/st/stm32cubeide_1.8.0/stm32cubeide/plugins/com.st.stm32cube.ide.mcu.externaltools.gnu-tools-for-stm32.10.3-2021.10.win32_1.0.0.202111181127/tools/bin/../lib/gcc/arm-none-eabi/10.3.1/../../../../arm-none-eabi/lib/thumb/v6-m/nofp\libnosys.a
END GROUP
START GROUP
LOAD c:/st/stm32cubeide_1.8.0/stm32cubeide/plugins/com.st.stm32cube.ide.mcu.externaltools.gnu-tools-for-stm32.10.3-2021.10.win32_1.0.0.202111181127/tools/bin/../lib/gcc/arm-none-eabi/10.3.1/thumb/v6-m/nofp\libgcc.a
LOAD c:/st/stm32cubeide_1.8.0/stm32cubeide/plugins/com.st.stm32cube.ide.mcu.externaltools.gnu-tools-for-stm32.10.3-2021.10.win32_1.0.0.202111181127/tools/bin/../lib/gcc/arm-none-eabi/10.3.1/../../../../arm-none-eabi/lib/thumb/v6-m/nofp\libc_nano.a
LOAD c:/st/stm32cubeide_1.8.0/stm32cubeide/plugins/com.st.stm32cube.ide.mcu.externaltools.gnu-tools-for-stm32.10.3-2021.10.win32_1.0.0.202111181127/tools/bin/../lib/gcc/arm-none-eabi/10.3.1/../../../../arm-none-eabi/lib/thumb/v6-m/nofp\libnosys.a
END GROUP
LOAD c:/st/stm32cubeide_1.8.0/stm32cubeide/plugins/com.st.stm32cube.ide.mcu.externaltools.gnu-tools-for-stm32.10.3-2021.10.win32_1.0.0.202111181127/tools/bin/../lib/gcc/arm-none-eabi/10.3.1/thumb/v6-m/nofp/crtend.o
LOAD c:/st/stm32cubeide_1.8.0/stm32cubeide/plugins/com.st.stm32cube.ide.mcu.externaltools.gnu-tools-for-stm32.10.3-2021.10.win32_1.0.0.202111181127/tools/bin/../lib/gcc/arm-none-eabi/10.3.1/thumb/v6-m/nofp/crtn.o
                0x0000000020001000                _estack = (ORIGIN (RAM) + LENGTH (RAM))
                0x0000000000000080                _Min_Heap_Size = 0x80
                0x0000000000000400                _Min_Stack_Size = 0x400

.isr_vector     0x0000000008000000       0xc0
                0x0000000008000000                . = ALIGN (0x4)
 *(.isr_vector)
 .isr_vector    0x0000000008000000       0xc0 ./Application/Startup/startup_stm32f031c6tx.o
                0x0000000008000000                g_pfnVectors
                0x00000000080000c0                . = ALIGN (0x4)

.text           0x00000000080000c0     0x5cc8
                0x00000000080000c0                . = ALIGN (0x4)
 *(.text)
 .text          0x00000000080000c0       0x48 c:/st/stm32cubeide_1.8.0/stm32cubeide/plugins/com.st.stm32cube.ide.mcu.externaltools.gnu-tools-for-stm32.10.3-2021.10.win32_1.0.0.202111181127/tools/bin/../lib/gcc/arm-none-eabi/10.3.1/thumb/v6-m/nofp/crtbegin.o
 .text          0x0000000008000108      0x114 c:/st/stm32cubeide_1.8.0/stm32cubeide/plugins/com.st.stm32cube.ide.mcu.externaltools.gnu-tools-for-stm32.10.3-2021.10.win32_1.0.0.202111181127/tools/bin/../lib/gcc/arm-none-eabi/10.3.1/thumb/v6-m/nofp\libgcc.a(_udivsi3.o)
                0x0000000008000108                __aeabi_uidiv
                0x0000000008000108                __udivsi3
                0x0000000008000214                __aeabi_uidivmod
 .text          0x000000000800021c      0x1d4 c:/st/stm32cubeide_1.8.0/stm32cubeide/plugins/com.st.stm32cube.ide.mcu.externaltools.gnu-tools-for-stm32.10.3-2021.10.win32_1.0.0.202111181127/tools/bin/../lib/gcc/arm-none-eabi/10.3.1/thumb/v6-m/nofp\libgcc.a(_divsi3.o)
                0x000000000800021c                __divsi3
                0x000000000800021c                __aeabi_idiv
                0x00000000080003e8                __aeabi_idivmod
 .text          0x00000000080003f0        0x4 c:/st/stm32cubeide_1.8.0/stm32cubeide/plugins/com.st.stm32cube.ide.mcu.externaltools.gnu-tools-for-stm32.10.3-2021.10.win32_1.0.0.202111181127/tools/bin/../lib/gcc/arm-none-eabi/10.3.1/thumb/v6-m/nofp\libgcc.a(_dvmd_tls.o)
                0x00000000080003f0                __aeabi_idiv0
                0x00000000080003f0                __aeabi_ldiv0
 *(.text*)
 .text.Reset_Handler
                0x00000000080003f4       0x50 ./Application/Startup/startup_stm32f031c6tx.o
                0x00000000080003f4                Reset_Handler
 .text.Default_Handler
                0x0000000008000444        0x2 ./Application/Startup/startup_stm32f031c6tx.o
                0x0000000008000444                TIM1_CC_IRQHandler
                0x0000000008000444                PVD_IRQHandler
                0x0000000008000444                PendSV_Handler
                0x0000000008000444                NMI_Handler
                0x0000000008000444                I2C1_IRQHandler
                0x0000000008000444                SPI1_IRQHandler
                0x0000000008000444                EXTI2_3_IRQHandler
                0x0000000008000444                ADC1_IRQHandler
                0x0000000008000444                TIM17_IRQHandler
                0x0000000008000444                RTC_IRQHandler
                0x0000000008000444                TIM16_IRQHandler
                0x0000000008000444                TIM3_IRQHandler
                0x0000000008000444                EXTI4_15_IRQHandler
                0x0000000008000444                RCC_IRQHandler
                0x0000000008000444                Default_Handler
                0x0000000008000444                TIM14_IRQHandler
                0x0000000008000444                SVC_Handler
                0x0000000008000444                WWDG_IRQHandler
                0x0000000008000444                DMA1_Channel2_3_IRQHandler
                0x0000000008000444                FLASH_IRQHandler
 *fill*         0x0000000008000446        0x2 
 .text.SystemClock_Config
                0x0000000008000448       0x84 ./Application/User/main.o
                0x0000000008000448                SystemClock_Config
 .text.startup.main
                0x00000000080004cc      0x3a0 ./Application/User/main.o
                0x00000000080004cc                main
 .text.Error_Handler
                0x000000000800086c        0x4 ./Application/User/main.o
                0x000000000800086c                Error_Handler
 .text.MC_StartMotor1
                0x0000000008000870       0x10 ./Application/User/mc_api.o
                0x0000000008000870                MC_StartMotor1
 .text.MC_StopMotor1
                0x0000000008000880       0x10 ./Application/User/mc_api.o
                0x0000000008000880                MC_StopMotor1
 .text.MC_GetSTMStateMotor1
                0x0000000008000890       0x10 ./Application/User/mc_api.o
                0x0000000008000890                MC_GetSTMStateMotor1
 .text.MCI_Init
                0x00000000080008a0       0x14 ./Application/User/mc_interface.o
                0x00000000080008a0                MCI_Init
 .text.MCI_ExecSpeedRamp
                0x00000000080008b4       0x10 ./Application/User/mc_interface.o
                0x00000000080008b4                MCI_ExecSpeedRamp
 .text.MCI_ExecTorqueRamp
                0x00000000080008c4       0x10 ./Application/User/mc_interface.o
                0x00000000080008c4                MCI_ExecTorqueRamp
 .text.MCI_SetCurrentReferences
                0x00000000080008d4       0x14 ./Application/User/mc_interface.o
                0x00000000080008d4                MCI_SetCurrentReferences
 .text.MCI_StartMotor
                0x00000000080008e8       0x18 ./Application/User/mc_interface.o
                0x00000000080008e8                MCI_StartMotor
 .text.MCI_StopMotor
                0x0000000008000900        0xc ./Application/User/mc_interface.o
                0x0000000008000900                MCI_StopMotor
 .text.MCI_FaultAcknowledged
                0x000000000800090c        0xc ./Application/User/mc_interface.o
                0x000000000800090c                MCI_FaultAcknowledged
 .text.MCI_EncoderAlign
                0x0000000008000918        0xc ./Application/User/mc_interface.o
                0x0000000008000918                MCI_EncoderAlign
 .text.MCI_ExecBufferedCommands
                0x0000000008000924       0x7c ./Application/User/mc_interface.o
                0x0000000008000924                MCI_ExecBufferedCommands
 .text.MCI_GetSTMState
                0x00000000080009a0        0xc ./Application/User/mc_interface.o
                0x00000000080009a0                MCI_GetSTMState
 .text.MCI_GetControlMode
                0x00000000080009ac        0x4 ./Application/User/mc_interface.o
                0x00000000080009ac                MCI_GetControlMode
 .text.MCI_GetLastRampFinalSpeed
                0x00000000080009b0       0x10 ./Application/User/mc_interface.o
                0x00000000080009b0                MCI_GetLastRampFinalSpeed
 .text.MCI_StopRamp
                0x00000000080009c0        0xc ./Application/User/mc_interface.o
                0x00000000080009c0                MCI_StopRamp
 .text.MCI_GetAvrgMecSpeedUnit
                0x00000000080009cc       0x10 ./Application/User/mc_interface.o
                0x00000000080009cc                MCI_GetAvrgMecSpeedUnit
 .text.MCI_GetMecSpeedRefUnit
                0x00000000080009dc        0xc ./Application/User/mc_interface.o
                0x00000000080009dc                MCI_GetMecSpeedRefUnit
 .text.MCI_GetIab
                0x00000000080009e8       0x20 ./Application/User/mc_interface.o
                0x00000000080009e8                MCI_GetIab
 .text.MCI_GetIalphabeta
                0x0000000008000a08       0x20 ./Application/User/mc_interface.o
                0x0000000008000a08                MCI_GetIalphabeta
 .text.MCI_GetIqd
                0x0000000008000a28       0x20 ./Application/User/mc_interface.o
                0x0000000008000a28                MCI_GetIqd
 .text.MCI_GetIqdref
                0x0000000008000a48       0x20 ./Application/User/mc_interface.o
                0x0000000008000a48                MCI_GetIqdref
 .text.MCI_GetVqd
                0x0000000008000a68       0x20 ./Application/User/mc_interface.o
                0x0000000008000a68                MCI_GetVqd
 .text.MCI_GetValphabeta
                0x0000000008000a88       0x20 ./Application/User/mc_interface.o
                0x0000000008000a88                MCI_GetValphabeta
 .text.MCI_GetTeref
                0x0000000008000aa8        0x8 ./Application/User/mc_interface.o
                0x0000000008000aa8                MCI_GetTeref
 .text.MCI_SetIdref
                0x0000000008000ab0        0x8 ./Application/User/mc_interface.o
                0x0000000008000ab0                MCI_SetIdref
 .text.MCI_Clear_Iqdref
                0x0000000008000ab8       0x14 ./Application/User/mc_interface.o
                0x0000000008000ab8                MCI_Clear_Iqdref
 .text.MCM_Clarke
                0x0000000008000acc       0x58 ./Application/User/mc_math.o
                0x0000000008000acc                MCM_Clarke
 .text.MCM_Trig_Functions
                0x0000000008000b24       0x9c ./Application/User/mc_math.o
                0x0000000008000b24                MCM_Trig_Functions
 .text.MCM_Park
                0x0000000008000bc0       0xa0 ./Application/User/mc_math.o
                0x0000000008000bc0                MCM_Park
 .text.MCM_Rev_Park
                0x0000000008000c60       0x34 ./Application/User/mc_math.o
                0x0000000008000c60                MCM_Rev_Park
 .text.FOC_Clear
                0x0000000008000c94       0x64 ./Application/User/mc_tasks.o
                0x0000000008000c94                FOC_Clear
 .text.MCboot   0x0000000008000cf8      0x1cc ./Application/User/mc_tasks.o
                0x0000000008000cf8                MCboot
 .text.FOC_InitAdditionalMethods
                0x0000000008000ec4        0x4 ./Application/User/mc_tasks.o
                0x0000000008000ec4                FOC_InitAdditionalMethods
 .text.FOC_CalcCurrRef
                0x0000000008000ec8       0x30 ./Application/User/mc_tasks.o
                0x0000000008000ec8                FOC_CalcCurrRef
 .text.TSK_SetChargeBootCapDelayM1
                0x0000000008000ef8        0xc ./Application/User/mc_tasks.o
                0x0000000008000ef8                TSK_SetChargeBootCapDelayM1
 .text.TSK_ChargeBootCapDelayHasElapsedM1
                0x0000000008000f04       0x10 ./Application/User/mc_tasks.o
                0x0000000008000f04                TSK_ChargeBootCapDelayHasElapsedM1
 .text.TSK_SetStopPermanencyTimeM1
                0x0000000008000f14        0xc ./Application/User/mc_tasks.o
                0x0000000008000f14                TSK_SetStopPermanencyTimeM1
 .text.TSK_StopPermanencyTimeHasElapsedM1
                0x0000000008000f20       0x10 ./Application/User/mc_tasks.o
                0x0000000008000f20                TSK_StopPermanencyTimeHasElapsedM1
 .text.TSK_MediumFrequencyTaskM1
                0x0000000008000f30      0x154 ./Application/User/mc_tasks.o
                0x0000000008000f30                TSK_MediumFrequencyTaskM1
 .text.MC_Scheduler
                0x0000000008001084       0x58 ./Application/User/mc_tasks.o
                0x0000000008001084                MC_Scheduler
 .text.TSK_HighFrequencyTask
                0x00000000080010dc      0x100 ./Application/User/mc_tasks.o
                0x00000000080010dc                TSK_HighFrequencyTask
 .text.TSK_SafetyTask_PWMOFF
                0x00000000080011dc       0xa0 ./Application/User/mc_tasks.o
                0x00000000080011dc                TSK_SafetyTask_PWMOFF
 .text.TSK_SafetyTask
                0x000000000800127c       0x1c ./Application/User/mc_tasks.o
                0x000000000800127c                TSK_SafetyTask
 .text.MC_RunMotorControlTasks
                0x0000000008001298       0x20 ./Application/User/mc_tasks.o
                0x0000000008001298                MC_RunMotorControlTasks
 .text.TSK_HardwareFaultTask
                0x00000000080012b8       0x20 ./Application/User/mc_tasks.o
                0x00000000080012b8                TSK_HardwareFaultTask
 .text.mc_lock_pins
                0x00000000080012d8      0x124 ./Application/User/mc_tasks.o
                0x00000000080012d8                mc_lock_pins
 .text.MCP_ReceivedFrame
                0x00000000080013fc      0x370 ./Application/User/motor_control_protocol.o
                0x00000000080013fc                MCP_ReceivedFrame
 .text.MCP_WaitNextFrame
                0x000000000800176c       0x18 ./Application/User/motor_control_protocol.o
                0x000000000800176c                MCP_WaitNextFrame
 .text.MCP_Init
                0x0000000008001784       0x40 ./Application/User/motor_control_protocol.o
                0x0000000008001784                MCP_Init
 .text.MCP_OnTimeOut
                0x00000000080017c4        0x8 ./Application/User/motor_control_protocol.o
                0x00000000080017c4                MCP_OnTimeOut
 .text.MCP_SentFrame
                0x00000000080017cc        0x8 ./Application/User/motor_control_protocol.o
                0x00000000080017cc                MCP_SentFrame
 .text.MX_MotorControl_Init
                0x00000000080017d4       0x48 ./Application/User/motorcontrol.o
                0x00000000080017d4                MX_MotorControl_Init
 .text.RCM_RegisterRegConv
                0x000000000800181c      0x134 ./Application/User/regular_conversion_manager.o
                0x000000000800181c                RCM_RegisterRegConv
 .text.RCM_ExecRegularConv
                0x0000000008001950      0x180 ./Application/User/regular_conversion_manager.o
                0x0000000008001950                RCM_ExecRegularConv
 .text.RCM_ExecUserConv
                0x0000000008001ad0       0x5c ./Application/User/regular_conversion_manager.o
                0x0000000008001ad0                RCM_ExecUserConv
 .text.RCM_ExecNextConv
                0x0000000008001b2c       0x7c ./Application/User/regular_conversion_manager.o
                0x0000000008001b2c                RCM_ExecNextConv
 .text.RCM_ReadOngoingConv
                0x0000000008001ba8       0x50 ./Application/User/regular_conversion_manager.o
                0x0000000008001ba8                RCM_ReadOngoingConv
 .text.HAL_MspInit
                0x0000000008001bf8       0x30 ./Application/User/stm32f0xx_hal_msp.o
                0x0000000008001bf8                HAL_MspInit
 .text.HAL_ADC_MspInit
                0x0000000008001c28       0xc8 ./Application/User/stm32f0xx_hal_msp.o
                0x0000000008001c28                HAL_ADC_MspInit
 .text.HAL_TIM_PWM_MspInit
                0x0000000008001cf0       0x68 ./Application/User/stm32f0xx_hal_msp.o
                0x0000000008001cf0                HAL_TIM_PWM_MspInit
 .text.HAL_TIM_Base_MspInit
                0x0000000008001d58       0x64 ./Application/User/stm32f0xx_hal_msp.o
                0x0000000008001d58                HAL_TIM_Base_MspInit
 .text.HAL_TIM_MspPostInit
                0x0000000008001dbc       0x88 ./Application/User/stm32f0xx_hal_msp.o
                0x0000000008001dbc                HAL_TIM_MspPostInit
 .text.HAL_UART_MspInit
                0x0000000008001e44       0x60 ./Application/User/stm32f0xx_hal_msp.o
                0x0000000008001e44                HAL_UART_MspInit
 .text.DMA1_Channel1_IRQHandler
                0x0000000008001ea4       0x14 ./Application/User/stm32f0xx_mc_it.o
                0x0000000008001ea4                DMA1_Channel1_IRQHandler
 .text.TIM1_BRK_UP_TRG_COM_IRQHandler
                0x0000000008001eb8       0x48 ./Application/User/stm32f0xx_mc_it.o
                0x0000000008001eb8                TIM1_BRK_UP_TRG_COM_IRQHandler
 .text.DMA1_Channel4_5_IRQHandler
                0x0000000008001f00       0x14 ./Application/User/stm32f0xx_mc_it.o
                0x0000000008001f00                DMA1_Channel4_5_IRQHandler
 .text.TIM2_IRQHandler
                0x0000000008001f14       0x34 ./Application/User/stm32f0xx_mc_it.o
                0x0000000008001f14                TIM2_IRQHandler
 .text.USART1_IRQHandler
                0x0000000008001f48       0x6c ./Application/User/stm32f0xx_mc_it.o
                0x0000000008001f48                USART1_IRQHandler
 .text.HardFault_Handler
                0x0000000008001fb4       0x6c ./Application/User/stm32f0xx_mc_it.o
                0x0000000008001fb4                HardFault_Handler
 .text.SysTick_Handler
                0x0000000008002020       0x28 ./Application/User/stm32f0xx_mc_it.o
                0x0000000008002020                SysTick_Handler
 .text.EXTI0_1_IRQHandler
                0x0000000008002048       0x1c ./Application/User/stm32f0xx_mc_it.o
                0x0000000008002048                EXTI0_1_IRQHandler
 .text.UI_TaskInit
                0x0000000008002064       0x84 ./Application/User/ui_task.o
                0x0000000008002064                UI_TaskInit
 .text.UI_Scheduler
                0x00000000080020e8       0x40 ./Application/User/ui_task.o
                0x00000000080020e8                UI_Scheduler
 .text.UI_SerialCommunicationTimeOutStop
                0x0000000008002128        0xc ./Application/User/ui_task.o
                0x0000000008002128                UI_SerialCommunicationTimeOutStop
 .text.UI_SerialCommunicationTimeOutStart
                0x0000000008002134        0xc ./Application/User/ui_task.o
                0x0000000008002134                UI_SerialCommunicationTimeOutStart
 .text.UI_HandleStartStopButton_cb
                0x0000000008002140       0x18 ./Application/User/ui_task.o
                0x0000000008002140                UI_HandleStartStopButton_cb
 .text.UI_Init  0x0000000008002158       0x10 ./Application/User/user_interface.o
                0x0000000008002158                UI_Init
 .text.UI_SelectMC
                0x0000000008002168       0x10 ./Application/User/user_interface.o
                0x0000000008002168                UI_SelectMC
 .text.UI_GetSelectedMC
                0x0000000008002178        0x4 ./Application/User/user_interface.o
                0x0000000008002178                UI_GetSelectedMC
 .text.UI_SetReg
                0x000000000800217c      0x124 ./Application/User/user_interface.o
                0x000000000800217c                UI_SetReg
 .text.UI_GetReg
                0x00000000080022a0      0x220 ./Application/User/user_interface.o
                0x00000000080022a0                UI_GetReg
 .text.UI_ExecCmd
                0x00000000080024c0       0x74 ./Application/User/user_interface.o
                0x00000000080024c0                UI_ExecCmd
 .text.UI_ExecSpeedRamp
                0x0000000008002534       0x24 ./Application/User/user_interface.o
                0x0000000008002534                UI_ExecSpeedRamp
 .text.UI_ExecTorqueRamp
                0x0000000008002558       0x14 ./Application/User/user_interface.o
                0x0000000008002558                UI_ExecTorqueRamp
 .text.UI_GetRevupData
                0x000000000800256c       0x3c ./Application/User/user_interface.o
                0x000000000800256c                UI_GetRevupData
 .text.UI_SetRevupData
                0x00000000080025a8       0x38 ./Application/User/user_interface.o
                0x00000000080025a8                UI_SetRevupData
 .text.UI_SetCurrentReferences
                0x00000000080025e0       0x1c ./Application/User/user_interface.o
                0x00000000080025e0                UI_SetCurrentReferences
 .text.UI_GetMPInfo
                0x00000000080025fc        0x4 ./Application/User/user_interface.o
                0x00000000080025fc                UI_GetMPInfo
 .text.SystemInit
                0x0000000008002600        0x4 ./Drivers/CMSIS/system_stm32f0xx.o
                0x0000000008002600                SystemInit
 .text.HAL_InitTick
                0x0000000008002604       0x4c ./Drivers/STM32F0xx_HAL_Driver/stm32f0xx_hal.o
                0x0000000008002604                HAL_InitTick
 .text.HAL_Init
                0x0000000008002650       0x20 ./Drivers/STM32F0xx_HAL_Driver/stm32f0xx_hal.o
                0x0000000008002650                HAL_Init
 .text.HAL_IncTick
                0x0000000008002670       0x18 ./Drivers/STM32F0xx_HAL_Driver/stm32f0xx_hal.o
                0x0000000008002670                HAL_IncTick
 .text.HAL_GetTick
                0x0000000008002688        0xc ./Drivers/STM32F0xx_HAL_Driver/stm32f0xx_hal.o
                0x0000000008002688                HAL_GetTick
 .text.HAL_ADC_Init
                0x0000000008002694      0x154 ./Drivers/STM32F0xx_HAL_Driver/stm32f0xx_hal_adc.o
                0x0000000008002694                HAL_ADC_Init
 .text.HAL_ADC_ConfigChannel
                0x00000000080027e8      0x124 ./Drivers/STM32F0xx_HAL_Driver/stm32f0xx_hal_adc.o
                0x00000000080027e8                HAL_ADC_ConfigChannel
 .text.HAL_NVIC_SetPriority
                0x000000000800290c       0x64 ./Drivers/STM32F0xx_HAL_Driver/stm32f0xx_hal_cortex.o
                0x000000000800290c                HAL_NVIC_SetPriority
 .text.HAL_NVIC_EnableIRQ
                0x0000000008002970       0x18 ./Drivers/STM32F0xx_HAL_Driver/stm32f0xx_hal_cortex.o
                0x0000000008002970                HAL_NVIC_EnableIRQ
 .text.HAL_SYSTICK_Config
                0x0000000008002988       0x34 ./Drivers/STM32F0xx_HAL_Driver/stm32f0xx_hal_cortex.o
                0x0000000008002988                HAL_SYSTICK_Config
 .text.HAL_SYSTICK_Callback
                0x00000000080029bc        0x4 ./Drivers/STM32F0xx_HAL_Driver/stm32f0xx_hal_cortex.o
                0x00000000080029bc                HAL_SYSTICK_Callback
 .text.HAL_SYSTICK_IRQHandler
                0x00000000080029c0        0x8 ./Drivers/STM32F0xx_HAL_Driver/stm32f0xx_hal_cortex.o
                0x00000000080029c0                HAL_SYSTICK_IRQHandler
 .text.HAL_DMA_Init
                0x00000000080029c8       0x68 ./Drivers/STM32F0xx_HAL_Driver/stm32f0xx_hal_dma.o
                0x00000000080029c8                HAL_DMA_Init
 .text.HAL_GPIO_Init
                0x0000000008002a30      0x218 ./Drivers/STM32F0xx_HAL_Driver/stm32f0xx_hal_gpio.o
                0x0000000008002a30                HAL_GPIO_Init
 .text.HAL_GPIO_WritePin
                0x0000000008002c48        0xc ./Drivers/STM32F0xx_HAL_Driver/stm32f0xx_hal_gpio.o
                0x0000000008002c48                HAL_GPIO_WritePin
 .text.HAL_RCC_OscConfig
                0x0000000008002c54      0x4b4 ./Drivers/STM32F0xx_HAL_Driver/stm32f0xx_hal_rcc.o
                0x0000000008002c54                HAL_RCC_OscConfig
 .text.HAL_RCC_ClockConfig
                0x0000000008003108      0x17c ./Drivers/STM32F0xx_HAL_Driver/stm32f0xx_hal_rcc.o
                0x0000000008003108                HAL_RCC_ClockConfig
 .text.HAL_RCC_EnableCSS
                0x0000000008003284       0x14 ./Drivers/STM32F0xx_HAL_Driver/stm32f0xx_hal_rcc.o
                0x0000000008003284                HAL_RCC_EnableCSS
 .text.HAL_RCC_GetSysClockFreq
                0x0000000008003298       0x70 ./Drivers/STM32F0xx_HAL_Driver/stm32f0xx_hal_rcc.o
                0x0000000008003298                HAL_RCC_GetSysClockFreq
 .text.HAL_RCC_GetHCLKFreq
                0x0000000008003308        0xc ./Drivers/STM32F0xx_HAL_Driver/stm32f0xx_hal_rcc.o
                0x0000000008003308                HAL_RCC_GetHCLKFreq
 .text.HAL_RCC_GetPCLK1Freq
                0x0000000008003314       0x20 ./Drivers/STM32F0xx_HAL_Driver/stm32f0xx_hal_rcc.o
                0x0000000008003314                HAL_RCC_GetPCLK1Freq
 .text.HAL_RCCEx_PeriphCLKConfig
                0x0000000008003334      0x13c ./Drivers/STM32F0xx_HAL_Driver/stm32f0xx_hal_rcc_ex.o
                0x0000000008003334                HAL_RCCEx_PeriphCLKConfig
 .text.HAL_TIM_Base_Init
                0x0000000008003470       0xf0 ./Drivers/STM32F0xx_HAL_Driver/stm32f0xx_hal_tim.o
                0x0000000008003470                HAL_TIM_Base_Init
 .text.HAL_TIM_PWM_Init
                0x0000000008003560       0xf0 ./Drivers/STM32F0xx_HAL_Driver/stm32f0xx_hal_tim.o
                0x0000000008003560                HAL_TIM_PWM_Init
 .text.HAL_TIM_PWM_ConfigChannel
                0x0000000008003650      0x244 ./Drivers/STM32F0xx_HAL_Driver/stm32f0xx_hal_tim.o
                0x0000000008003650                HAL_TIM_PWM_ConfigChannel
 .text.HAL_TIM_ConfigClockSource
                0x0000000008003894      0x178 ./Drivers/STM32F0xx_HAL_Driver/stm32f0xx_hal_tim.o
                0x0000000008003894                HAL_TIM_ConfigClockSource
 .text.TIM_Base_SetConfig
                0x0000000008003a0c       0x94 ./Drivers/STM32F0xx_HAL_Driver/stm32f0xx_hal_tim.o
                0x0000000008003a0c                TIM_Base_SetConfig
 .text.TIM_OC2_SetConfig
                0x0000000008003aa0       0x78 ./Drivers/STM32F0xx_HAL_Driver/stm32f0xx_hal_tim.o
                0x0000000008003aa0                TIM_OC2_SetConfig
 .text.TIM_TI1_SetConfig
                0x0000000008003b18       0x54 ./Drivers/STM32F0xx_HAL_Driver/stm32f0xx_hal_tim.o
                0x0000000008003b18                TIM_TI1_SetConfig
 .text.HAL_TIMEx_HallSensor_MspInit
                0x0000000008003b6c        0x4 ./Drivers/STM32F0xx_HAL_Driver/stm32f0xx_hal_tim_ex.o
                0x0000000008003b6c                HAL_TIMEx_HallSensor_MspInit
 .text.HAL_TIMEx_HallSensor_Init
                0x0000000008003b70       0xc0 ./Drivers/STM32F0xx_HAL_Driver/stm32f0xx_hal_tim_ex.o
                0x0000000008003b70                HAL_TIMEx_HallSensor_Init
 .text.HAL_TIMEx_MasterConfigSynchronization
                0x0000000008003c30       0x5c ./Drivers/STM32F0xx_HAL_Driver/stm32f0xx_hal_tim_ex.o
                0x0000000008003c30                HAL_TIMEx_MasterConfigSynchronization
 .text.HAL_TIMEx_ConfigBreakDeadTime
                0x0000000008003c8c       0x64 ./Drivers/STM32F0xx_HAL_Driver/stm32f0xx_hal_tim_ex.o
                0x0000000008003c8c                HAL_TIMEx_ConfigBreakDeadTime
 .text.UART_AdvFeatureConfig
                0x0000000008003cf0       0xd0 ./Drivers/STM32F0xx_HAL_Driver/stm32f0xx_hal_uart.o
                0x0000000008003cf0                UART_AdvFeatureConfig
 .text.UART_WaitOnFlagUntilTimeout
                0x0000000008003dc0       0xf0 ./Drivers/STM32F0xx_HAL_Driver/stm32f0xx_hal_uart.o
                0x0000000008003dc0                UART_WaitOnFlagUntilTimeout
 .text.HAL_UART_Init
                0x0000000008003eb0      0x200 ./Drivers/STM32F0xx_HAL_Driver/stm32f0xx_hal_uart.o
                0x0000000008003eb0                HAL_UART_Init
 .text.VBS_GetAvBusVoltage_V
                0x00000000080040b0        0xc ./Middlewares/MotorControl/bus_voltage_sensor.o
                0x00000000080040b0                VBS_GetAvBusVoltage_V
 .text.Circle_Limitation
                0x00000000080040bc       0x58 ./Middlewares/MotorControl/circle_limitation.o
                0x00000000080040bc                Circle_Limitation
 .text.FCP_Init
                0x0000000008004114       0x24 ./Middlewares/MotorControl/frame_communication_protocol.o
                0x0000000008004114                FCP_Init
 .text.FCP_SetClient
                0x0000000008004138       0x10 ./Middlewares/MotorControl/frame_communication_protocol.o
                0x0000000008004138                FCP_SetClient
 .text.FCP_CalcCRC
                0x0000000008004148       0x30 ./Middlewares/MotorControl/frame_communication_protocol.o
                0x0000000008004148                FCP_CalcCRC
 .text.HALL_Init
                0x0000000008004178      0x118 ./Middlewares/MotorControl/hall_speed_pos_fdbk.o
                0x0000000008004178                HALL_Init
 .text.HALL_Clear
                0x0000000008004290      0x154 ./Middlewares/MotorControl/hall_speed_pos_fdbk.o
                0x0000000008004290                HALL_Clear
 .text.HALL_CalcElAngle
                0x00000000080043e4       0x3c ./Middlewares/MotorControl/hall_speed_pos_fdbk.o
                0x00000000080043e4                HALL_CalcElAngle
 .text.HALL_CalcAvrgMecSpeedUnit
                0x0000000008004420       0x9c ./Middlewares/MotorControl/hall_speed_pos_fdbk.o
                0x0000000008004420                HALL_CalcAvrgMecSpeedUnit
 .text.HALL_TIMx_CC_IRQHandler
                0x00000000080044bc      0x314 ./Middlewares/MotorControl/hall_speed_pos_fdbk.o
                0x00000000080044bc                HALL_TIMx_CC_IRQHandler
 .text.HALL_TIMx_UP_IRQHandler
                0x00000000080047d0      0x18c ./Middlewares/MotorControl/hall_speed_pos_fdbk.o
                0x00000000080047d0                HALL_TIMx_UP_IRQHandler
 .text.MPM_Clear
                0x000000000800495c       0x1c ./Middlewares/MotorControl/motor_power_measurement.o
                0x000000000800495c                MPM_Clear
 .text.MPM_CalcElMotorPower
                0x0000000008004978       0x48 ./Middlewares/MotorControl/motor_power_measurement.o
                0x0000000008004978                MPM_CalcElMotorPower
 .text.MPM_GetAvrgElMotorPowerW
                0x00000000080049c0        0x8 ./Middlewares/MotorControl/motor_power_measurement.o
                0x00000000080049c0                MPM_GetAvrgElMotorPowerW
 .text.NTC_SetFaultState
                0x00000000080049c8       0x1c ./Middlewares/MotorControl/ntc_temperature_sensor.o
                0x00000000080049c8                NTC_SetFaultState
 .text.NTC_Clear
                0x00000000080049e4        0x8 ./Middlewares/MotorControl/ntc_temperature_sensor.o
                0x00000000080049e4                NTC_Clear
 .text.NTC_Init
                0x00000000080049ec       0x28 ./Middlewares/MotorControl/ntc_temperature_sensor.o
                0x00000000080049ec                NTC_Init
 .text.NTC_CalcAvTemp
                0x0000000008004a14       0x40 ./Middlewares/MotorControl/ntc_temperature_sensor.o
                0x0000000008004a14                NTC_CalcAvTemp
 .text.NTC_GetAvTemp_C
                0x0000000008004a54       0x28 ./Middlewares/MotorControl/ntc_temperature_sensor.o
                0x0000000008004a54                NTC_GetAvTemp_C
 .text.PID_HandleInit
                0x0000000008004a7c       0x10 ./Middlewares/MotorControl/pid_regulator.o
                0x0000000008004a7c                PID_HandleInit
 .text.PID_SetKP
                0x0000000008004a8c        0x4 ./Middlewares/MotorControl/pid_regulator.o
                0x0000000008004a8c                PID_SetKP
 .text.PID_SetKI
                0x0000000008004a90        0x4 ./Middlewares/MotorControl/pid_regulator.o
                0x0000000008004a90                PID_SetKI
 .text.PID_GetKP
                0x0000000008004a94        0x8 ./Middlewares/MotorControl/pid_regulator.o
                0x0000000008004a94                PID_GetKP
 .text.PID_GetKI
                0x0000000008004a9c        0x8 ./Middlewares/MotorControl/pid_regulator.o
                0x0000000008004a9c                PID_GetKI
 .text.PID_SetIntegralTerm
                0x0000000008004aa4        0x4 ./Middlewares/MotorControl/pid_regulator.o
                0x0000000008004aa4                PID_SetIntegralTerm
 .text.PID_GetKPDivisor
                0x0000000008004aa8        0x4 ./Middlewares/MotorControl/pid_regulator.o
                0x0000000008004aa8                PID_GetKPDivisor
 .text.PID_GetKIDivisor
                0x0000000008004aac        0x4 ./Middlewares/MotorControl/pid_regulator.o
                0x0000000008004aac                PID_GetKIDivisor
 .text.PID_SetKD
                0x0000000008004ab0        0x4 ./Middlewares/MotorControl/pid_regulator.o
                0x0000000008004ab0                PID_SetKD
 .text.PID_GetKD
                0x0000000008004ab4        0x8 ./Middlewares/MotorControl/pid_regulator.o
                0x0000000008004ab4                PID_GetKD
 .text.PI_Controller
                0x0000000008004abc       0x84 ./Middlewares/MotorControl/pid_regulator.o
                0x0000000008004abc                PI_Controller
 .text.PQD_CalcElMotorPower
                0x0000000008004b40       0x5c ./Middlewares/MotorControl/pqd_motor_power_measurement.o
                0x0000000008004b40                PQD_CalcElMotorPower
 .text.waitForPolarizationEnd
                0x0000000008004b9c       0x4c ./Middlewares/MotorControl/pwm_common.o
                0x0000000008004b9c                waitForPolarizationEnd
 .text.PWMC_GetPhaseCurrents
                0x0000000008004be8        0x8 ./Middlewares/MotorControl/pwm_curr_fdbk.o
                0x0000000008004be8                PWMC_GetPhaseCurrents
 .text.PWMC_SetPhaseVoltage
                0x0000000008004bf0      0x1f4 ./Middlewares/MotorControl/pwm_curr_fdbk.o
                0x0000000008004bf0                PWMC_SetPhaseVoltage
 .text.PWMC_SwitchOffPWM
                0x0000000008004de4        0x8 ./Middlewares/MotorControl/pwm_curr_fdbk.o
                0x0000000008004de4                PWMC_SwitchOffPWM
 .text.PWMC_CurrentReadingCalibr
                0x0000000008004dec       0x48 ./Middlewares/MotorControl/pwm_curr_fdbk.o
                0x0000000008004dec                PWMC_CurrentReadingCalibr
 .text.PWMC_CheckOverCurrent
                0x0000000008004e34        0x8 ./Middlewares/MotorControl/pwm_curr_fdbk.o
                0x0000000008004e34                PWMC_CheckOverCurrent
 .text.R3_1_GetPhaseCurrents
                0x0000000008004e3c      0x180 ./Middlewares/MotorControl/r3_f0xx_pwm_curr_fdbk.o
                0x0000000008004e3c                R3_1_GetPhaseCurrents
 .text.R3_1_HFCurrentsCalibrationAB
                0x0000000008004fbc       0x4c ./Middlewares/MotorControl/r3_f0xx_pwm_curr_fdbk.o
                0x0000000008004fbc                R3_1_HFCurrentsCalibrationAB
 .text.R3_1_HFCurrentsCalibrationC
                0x0000000008005008       0x48 ./Middlewares/MotorControl/r3_f0xx_pwm_curr_fdbk.o
                0x0000000008005008                R3_1_HFCurrentsCalibrationC
 .text.R3_1_Init
                0x0000000008005050      0x110 ./Middlewares/MotorControl/r3_f0xx_pwm_curr_fdbk.o
                0x0000000008005050                R3_1_Init
 .text.R3_1_WriteTIMRegisters
                0x0000000008005160       0x30 ./Middlewares/MotorControl/r3_f0xx_pwm_curr_fdbk.o
                0x0000000008005160                R3_1_WriteTIMRegisters
 .text.R3_1_SetADCSampPointCalibration
                0x0000000008005190       0x20 ./Middlewares/MotorControl/r3_f0xx_pwm_curr_fdbk.o
                0x0000000008005190                R3_1_SetADCSampPointCalibration
 .text.R3_1_SetADCSampPointSectX
                0x00000000080051b0       0x54 ./Middlewares/MotorControl/r3_f0xx_pwm_curr_fdbk.o
                0x00000000080051b0                R3_1_SetADCSampPointSectX
 .text.R3_1_TurnOnLowSides
                0x0000000008005204       0x48 ./Middlewares/MotorControl/r3_f0xx_pwm_curr_fdbk.o
                0x0000000008005204                R3_1_TurnOnLowSides
 .text.R3_1_SwitchOnPWM
                0x000000000800524c       0xec ./Middlewares/MotorControl/r3_f0xx_pwm_curr_fdbk.o
                0x000000000800524c                R3_1_SwitchOnPWM
 .text.R3_1_SwitchOffPWM
                0x0000000008005338       0xa8 ./Middlewares/MotorControl/r3_f0xx_pwm_curr_fdbk.o
                0x0000000008005338                R3_1_SwitchOffPWM
 .text.R3_1_CurrentReadingCalibration
                0x00000000080053e0      0x124 ./Middlewares/MotorControl/r3_f0xx_pwm_curr_fdbk.o
                0x00000000080053e0                R3_1_CurrentReadingCalibration
 .text.R3_1_TIMx_UP_IRQHandler
                0x0000000008005504       0x7c ./Middlewares/MotorControl/r3_f0xx_pwm_curr_fdbk.o
                0x0000000008005504                R3_1_TIMx_UP_IRQHandler
 .text.F0XX_BRK_IRQHandler
                0x0000000008005580       0x28 ./Middlewares/MotorControl/r3_f0xx_pwm_curr_fdbk.o
                0x0000000008005580                F0XX_BRK_IRQHandler
 .text.R3_1_IsOverCurrentOccurred
                0x00000000080055a8       0x2c ./Middlewares/MotorControl/r3_f0xx_pwm_curr_fdbk.o
                0x00000000080055a8                R3_1_IsOverCurrentOccurred
 .text.RVBS_Clear
                0x00000000080055d4       0x30 ./Middlewares/MotorControl/r_divider_bus_voltage_sensor.o
                0x00000000080055d4                RVBS_Clear
 .text.RVBS_Init
                0x0000000008005604       0x18 ./Middlewares/MotorControl/r_divider_bus_voltage_sensor.o
                0x0000000008005604                RVBS_Init
 .text.RVBS_CheckFaultState
                0x000000000800561c       0x18 ./Middlewares/MotorControl/r_divider_bus_voltage_sensor.o
                0x000000000800561c                RVBS_CheckFaultState
 .text.RVBS_CalcAvVbus
                0x0000000008005634       0x68 ./Middlewares/MotorControl/r_divider_bus_voltage_sensor.o
                0x0000000008005634                RVBS_CalcAvVbus
 .text.REMNG_Init
                0x000000000800569c       0x18 ./Middlewares/MotorControl/ramp_ext_mngr.o
                0x000000000800569c                REMNG_Init
 .text.SPD_GetElAngle
                0x00000000080056b4        0x8 ./Middlewares/MotorControl/speed_pos_fdbk.o
                0x00000000080056b4                SPD_GetElAngle
 .text.SPD_GetAvrgMecSpeedUnit
                0x00000000080056bc        0x8 ./Middlewares/MotorControl/speed_pos_fdbk.o
                0x00000000080056bc                SPD_GetAvrgMecSpeedUnit
 .text.SPD_GetInstElSpeedDpp
                0x00000000080056c4        0x8 ./Middlewares/MotorControl/speed_pos_fdbk.o
                0x00000000080056c4                SPD_GetInstElSpeedDpp
 .text.SPD_IsMecSpeedReliable
                0x00000000080056cc       0x60 ./Middlewares/MotorControl/speed_pos_fdbk.o
                0x00000000080056cc                SPD_IsMecSpeedReliable
 .text.SPD_GetS16Speed
                0x000000000800572c       0x18 ./Middlewares/MotorControl/speed_pos_fdbk.o
                0x000000000800572c                SPD_GetS16Speed
 .text.STC_Init
                0x0000000008005744       0x24 ./Middlewares/MotorControl/speed_torq_ctrl.o
                0x0000000008005744                STC_Init
 .text.STC_GetSpeedSensor
                0x0000000008005768        0x4 ./Middlewares/MotorControl/speed_torq_ctrl.o
                0x0000000008005768                STC_GetSpeedSensor
 .text.STC_Clear
                0x000000000800576c       0x14 ./Middlewares/MotorControl/speed_torq_ctrl.o
                0x000000000800576c                STC_Clear
 .text.STC_GetMecSpeedRefUnit
                0x0000000008005780       0x10 ./Middlewares/MotorControl/speed_torq_ctrl.o
                0x0000000008005780                STC_GetMecSpeedRefUnit
 .text.STC_GetTorqueRef
                0x0000000008005790       0x10 ./Middlewares/MotorControl/speed_torq_ctrl.o
                0x0000000008005790                STC_GetTorqueRef
 .text.STC_SetControlMode
                0x00000000080057a0        0x8 ./Middlewares/MotorControl/speed_torq_ctrl.o
                0x00000000080057a0                STC_SetControlMode
 .text.STC_ExecRamp
                0x00000000080057a8       0x8c ./Middlewares/MotorControl/speed_torq_ctrl.o
                0x00000000080057a8                STC_ExecRamp
 .text.STC_StopRamp
                0x0000000008005834        0x8 ./Middlewares/MotorControl/speed_torq_ctrl.o
                0x0000000008005834                STC_StopRamp
 .text.STC_CalcTorqueReference
                0x000000000800583c       0x70 ./Middlewares/MotorControl/speed_torq_ctrl.o
                0x000000000800583c                STC_CalcTorqueReference
 .text.STC_GetMecSpeedRefUnitDefault
                0x00000000080058ac        0x8 ./Middlewares/MotorControl/speed_torq_ctrl.o
                0x00000000080058ac                STC_GetMecSpeedRefUnitDefault
 .text.STC_GetMaxAppPositiveMecSpeedUnit
                0x00000000080058b4        0x4 ./Middlewares/MotorControl/speed_torq_ctrl.o
                0x00000000080058b4                STC_GetMaxAppPositiveMecSpeedUnit
 .text.STC_GetMinAppNegativeMecSpeedUnit
                0x00000000080058b8        0x8 ./Middlewares/MotorControl/speed_torq_ctrl.o
                0x00000000080058b8                STC_GetMinAppNegativeMecSpeedUnit
 .text.STC_GetDefaultIqdref
                0x00000000080058c0       0x10 ./Middlewares/MotorControl/speed_torq_ctrl.o
                0x00000000080058c0                STC_GetDefaultIqdref
 .text.STC_ForceSpeedReferenceToCurrentSpeed
                0x00000000080058d0       0x10 ./Middlewares/MotorControl/speed_torq_ctrl.o
                0x00000000080058d0                STC_ForceSpeedReferenceToCurrentSpeed
 .text.STM_Init
                0x00000000080058e0        0xc ./Middlewares/MotorControl/state_machine.o
                0x00000000080058e0                STM_Init
 .text.STM_FaultProcessing
                0x00000000080058ec       0x34 ./Middlewares/MotorControl/state_machine.o
                0x00000000080058ec                STM_FaultProcessing
 .text.STM_NextState
                0x0000000008005920       0xe8 ./Middlewares/MotorControl/state_machine.o
                0x0000000008005920                STM_NextState
 .text.STM_GetState
                0x0000000008005a08        0x4 ./Middlewares/MotorControl/state_machine.o
                0x0000000008005a08                STM_GetState
 .text.STM_FaultAcknowledged
                0x0000000008005a0c       0x14 ./Middlewares/MotorControl/state_machine.o
                0x0000000008005a0c                STM_FaultAcknowledged
 .text.STM_GetFaultState
                0x0000000008005a20        0xc ./Middlewares/MotorControl/state_machine.o
                0x0000000008005a20                STM_GetFaultState
 .text.UFCP_Init
                0x0000000008005a2c        0x8 ./Middlewares/MotorControl/usart_frame_communication_protocol.o
                0x0000000008005a2c                UFCP_Init
 .text.UFCP_TX_IRQ_Handler
                0x0000000008005a34       0x70 ./Middlewares/MotorControl/usart_frame_communication_protocol.o
                0x0000000008005a34                UFCP_TX_IRQ_Handler
 .text.UFCP_Receive
                0x0000000008005aa4       0x2c ./Middlewares/MotorControl/usart_frame_communication_protocol.o
                0x0000000008005aa4                UFCP_Receive
 .text.UFCP_Send
                0x0000000008005ad0       0xc4 ./Middlewares/MotorControl/usart_frame_communication_protocol.o
                0x0000000008005ad0                UFCP_Send
 .text.UFCP_RX_IRQ_Handler
                0x0000000008005b94       0xd0 ./Middlewares/MotorControl/usart_frame_communication_protocol.o
                0x0000000008005b94                UFCP_RX_IRQ_Handler
 .text.UFCP_OVR_IRQ_Handler
                0x0000000008005c64       0x18 ./Middlewares/MotorControl/usart_frame_communication_protocol.o
                0x0000000008005c64                UFCP_OVR_IRQ_Handler
 .text.UFCP_AbortReceive
                0x0000000008005c7c        0xc ./Middlewares/MotorControl/usart_frame_communication_protocol.o
                0x0000000008005c7c                UFCP_AbortReceive
 .text.RUC_SetPhaseDurationms
                0x0000000008005c88        0xc ../../MCSDK_v5.4.8/MotorControl/lib\libmc-gcc_M0.lib(revup_ctrl.o)
                0x0000000008005c88                RUC_SetPhaseDurationms
 .text.RUC_SetPhaseFinalMecSpeedUnit
                0x0000000008005c94        0xc ../../MCSDK_v5.4.8/MotorControl/lib\libmc-gcc_M0.lib(revup_ctrl.o)
                0x0000000008005c94                RUC_SetPhaseFinalMecSpeedUnit
 .text.RUC_SetPhaseFinalTorque
                0x0000000008005ca0        0xc ../../MCSDK_v5.4.8/MotorControl/lib\libmc-gcc_M0.lib(revup_ctrl.o)
                0x0000000008005ca0                RUC_SetPhaseFinalTorque
 .text.RUC_GetPhaseDurationms
                0x0000000008005cac        0xc ../../MCSDK_v5.4.8/MotorControl/lib\libmc-gcc_M0.lib(revup_ctrl.o)
                0x0000000008005cac                RUC_GetPhaseDurationms
 .text.RUC_GetPhaseFinalMecSpeedUnit
                0x0000000008005cb8       0x10 ../../MCSDK_v5.4.8/MotorControl/lib\libmc-gcc_M0.lib(revup_ctrl.o)
                0x0000000008005cb8                RUC_GetPhaseFinalMecSpeedUnit
 .text.RUC_GetPhaseFinalTorque
                0x0000000008005cc8       0x10 ../../MCSDK_v5.4.8/MotorControl/lib\libmc-gcc_M0.lib(revup_ctrl.o)
                0x0000000008005cc8                RUC_GetPhaseFinalTorque
 .text.RUC_GetNumberOfPhases
                0x0000000008005cd8        0x8 ../../MCSDK_v5.4.8/MotorControl/lib\libmc-gcc_M0.lib(revup_ctrl.o)
                0x0000000008005cd8                RUC_GetNumberOfPhases
 .text.FD_Init  0x0000000008005ce0       0x24 ../../MCSDK_v5.4.8/MotorControl/lib\libmc-gcc_M0.lib(fast_div.o)
                0x0000000008005ce0                FD_Init
 .text.__libc_init_array
                0x0000000008005d04       0x48 c:/st/stm32cubeide_1.8.0/stm32cubeide/plugins/com.st.stm32cube.ide.mcu.externaltools.gnu-tools-for-stm32.10.3-2021.10.win32_1.0.0.202111181127/tools/bin/../lib/gcc/arm-none-eabi/10.3.1/../../../../arm-none-eabi/lib/thumb/v6-m/nofp\libc_nano.a(lib_a-init.o)
                0x0000000008005d04                __libc_init_array
 .text.memcpy   0x0000000008005d4c       0x12 c:/st/stm32cubeide_1.8.0/stm32cubeide/plugins/com.st.stm32cube.ide.mcu.externaltools.gnu-tools-for-stm32.10.3-2021.10.win32_1.0.0.202111181127/tools/bin/../lib/gcc/arm-none-eabi/10.3.1/../../../../arm-none-eabi/lib/thumb/v6-m/nofp\libc_nano.a(lib_a-memcpy-stub.o)
                0x0000000008005d4c                memcpy
 .text.memset   0x0000000008005d5e       0x10 c:/st/stm32cubeide_1.8.0/stm32cubeide/plugins/com.st.stm32cube.ide.mcu.externaltools.gnu-tools-for-stm32.10.3-2021.10.win32_1.0.0.202111181127/tools/bin/../lib/gcc/arm-none-eabi/10.3.1/../../../../arm-none-eabi/lib/thumb/v6-m/nofp\libc_nano.a(lib_a-memset.o)
                0x0000000008005d5e                memset
 *(.glue_7)
 .glue_7        0x0000000008005d6e        0x0 linker stubs
 *(.glue_7t)
 .glue_7t       0x0000000008005d6e        0x0 linker stubs
 *(.eh_frame)
 *fill*         0x0000000008005d6e        0x2 
 .eh_frame      0x0000000008005d70        0x0 c:/st/stm32cubeide_1.8.0/stm32cubeide/plugins/com.st.stm32cube.ide.mcu.externaltools.gnu-tools-for-stm32.10.3-2021.10.win32_1.0.0.202111181127/tools/bin/../lib/gcc/arm-none-eabi/10.3.1/thumb/v6-m/nofp/crtbegin.o
 *(.init)
 .init          0x0000000008005d70        0x4 c:/st/stm32cubeide_1.8.0/stm32cubeide/plugins/com.st.stm32cube.ide.mcu.externaltools.gnu-tools-for-stm32.10.3-2021.10.win32_1.0.0.202111181127/tools/bin/../lib/gcc/arm-none-eabi/10.3.1/thumb/v6-m/nofp/crti.o
                0x0000000008005d70                _init
 .init          0x0000000008005d74        0x8 c:/st/stm32cubeide_1.8.0/stm32cubeide/plugins/com.st.stm32cube.ide.mcu.externaltools.gnu-tools-for-stm32.10.3-2021.10.win32_1.0.0.202111181127/tools/bin/../lib/gcc/arm-none-eabi/10.3.1/thumb/v6-m/nofp/crtn.o
 *(.fini)
 .fini          0x0000000008005d7c        0x4 c:/st/stm32cubeide_1.8.0/stm32cubeide/plugins/com.st.stm32cube.ide.mcu.externaltools.gnu-tools-for-stm32.10.3-2021.10.win32_1.0.0.202111181127/tools/bin/../lib/gcc/arm-none-eabi/10.3.1/thumb/v6-m/nofp/crti.o
                0x0000000008005d7c                _fini
 .fini          0x0000000008005d80        0x8 c:/st/stm32cubeide_1.8.0/stm32cubeide/plugins/com.st.stm32cube.ide.mcu.externaltools.gnu-tools-for-stm32.10.3-2021.10.win32_1.0.0.202111181127/tools/bin/../lib/gcc/arm-none-eabi/10.3.1/thumb/v6-m/nofp/crtn.o
                0x0000000008005d88                . = ALIGN (0x4)
                0x0000000008005d88                _etext = .

.vfp11_veneer   0x0000000008005d88        0x0
 .vfp11_veneer  0x0000000008005d88        0x0 linker stubs

.v4_bx          0x0000000008005d88        0x0
 .v4_bx         0x0000000008005d88        0x0 linker stubs

.iplt           0x0000000008005d88        0x0
 .iplt          0x0000000008005d88        0x0 c:/st/stm32cubeide_1.8.0/stm32cubeide/plugins/com.st.stm32cube.ide.mcu.externaltools.gnu-tools-for-stm32.10.3-2021.10.win32_1.0.0.202111181127/tools/bin/../lib/gcc/arm-none-eabi/10.3.1/thumb/v6-m/nofp/crtbegin.o

.rodata         0x0000000008005d88      0xe2c
                0x0000000008005d88                . = ALIGN (0x4)
 *(.rodata)
 *(.rodata*)
 .rodata.hSin_Cos_Table
                0x0000000008005d88      0x200 ./Application/User/mc_math.o
                0x0000000008005d88                hSin_Cos_Table
 .rodata.R3_1_Params
                0x0000000008005f88       0x74 ./Application/User/mc_parameters.o
                0x0000000008005f88                R3_1_Params
 .rodata.TSK_MediumFrequencyTaskM1
                0x0000000008005ffc       0x40 ./Application/User/mc_tasks.o
 .rodata.MCP_ReceivedFrame
                0x000000000800603c      0x4e0 ./Application/User/motor_control_protocol.o
 .rodata.s_fwVer
                0x000000000800651c       0x20 ./Application/User/motorcontrol.o
                0x000000000800651c                s_fwVer
 .rodata.UI_SetReg
                0x000000000800653c      0x170 ./Application/User/user_interface.o
 .rodata.UI_GetReg
                0x00000000080066ac      0x3d8 ./Application/User/user_interface.o
 .rodata.UI_ExecCmd
                0x0000000008006a84       0x3c ./Application/User/user_interface.o
 .rodata.AHBPrescTable
                0x0000000008006ac0       0x10 ./Drivers/CMSIS/system_stm32f0xx.o
                0x0000000008006ac0                AHBPrescTable
 .rodata.APBPrescTable
                0x0000000008006ad0        0x8 ./Drivers/CMSIS/system_stm32f0xx.o
                0x0000000008006ad0                APBPrescTable
 .rodata.HAL_RCC_ClockConfig.str1.4
                0x0000000008006ad8       0x25 ./Drivers/STM32F0xx_HAL_Driver/stm32f0xx_hal_rcc.o
 *fill*         0x0000000008006afd        0x3 
 .rodata.CSWTCH.59
                0x0000000008006b00        0x3 ./Drivers/STM32F0xx_HAL_Driver/stm32f0xx_hal_uart.o
 *fill*         0x0000000008006b03        0x1 
 .rodata.HALL_Clear
                0x0000000008006b04       0x1c ./Middlewares/MotorControl/hall_speed_pos_fdbk.o
 .rodata.HALL_TIMx_CC_IRQHandler
                0x0000000008006b20       0x1c ./Middlewares/MotorControl/hall_speed_pos_fdbk.o
 .rodata.HALL_TIMx_UP_IRQHandler
                0x0000000008006b3c       0x1c ./Middlewares/MotorControl/hall_speed_pos_fdbk.o
 .rodata.STM_NextState
                0x0000000008006b58       0x54 ./Middlewares/MotorControl/state_machine.o
 .rodata.UFCP_Usart_Timeout_none
                0x0000000008006bac        0x2 ./Middlewares/MotorControl/usart_frame_communication_protocol.o
 .rodata.UFCP_Usart_Timeout_start
                0x0000000008006bae        0x2 ./Middlewares/MotorControl/usart_frame_communication_protocol.o
 .rodata.UFCP_Usart_Timeout_stop
                0x0000000008006bb0        0x2 ./Middlewares/MotorControl/usart_frame_communication_protocol.o
                0x0000000008006bb4                . = ALIGN (0x4)
 *fill*         0x0000000008006bb2        0x2 

.rel.dyn        0x0000000008006bb4        0x0
 .rel.iplt      0x0000000008006bb4        0x0 c:/st/stm32cubeide_1.8.0/stm32cubeide/plugins/com.st.stm32cube.ide.mcu.externaltools.gnu-tools-for-stm32.10.3-2021.10.win32_1.0.0.202111181127/tools/bin/../lib/gcc/arm-none-eabi/10.3.1/thumb/v6-m/nofp/crtbegin.o

.ARM.extab      0x0000000008006bb4        0x0
                0x0000000008006bb4                . = ALIGN (0x4)
 *(.ARM.extab* .gnu.linkonce.armextab.*)
                0x0000000008006bb4                . = ALIGN (0x4)

.ARM            0x0000000008006bb4        0x0
                0x0000000008006bb4                . = ALIGN (0x4)
                0x0000000008006bb4                __exidx_start = .
 *(.ARM.exidx*)
                0x0000000008006bb4                __exidx_end = .
                0x0000000008006bb4                . = ALIGN (0x4)

.preinit_array  0x0000000008006bb4        0x0
                0x0000000008006bb4                . = ALIGN (0x4)
                0x0000000008006bb4                PROVIDE (__preinit_array_start = .)
 *(.preinit_array*)
                0x0000000008006bb4                PROVIDE (__preinit_array_end = .)
                0x0000000008006bb4                . = ALIGN (0x4)

.init_array     0x0000000008006bb4        0x4
                0x0000000008006bb4                . = ALIGN (0x4)
                0x0000000008006bb4                PROVIDE (__init_array_start = .)
 *(SORT_BY_NAME(.init_array.*))
 *(.init_array*)
 .init_array    0x0000000008006bb4        0x4 c:/st/stm32cubeide_1.8.0/stm32cubeide/plugins/com.st.stm32cube.ide.mcu.externaltools.gnu-tools-for-stm32.10.3-2021.10.win32_1.0.0.202111181127/tools/bin/../lib/gcc/arm-none-eabi/10.3.1/thumb/v6-m/nofp/crtbegin.o
                0x0000000008006bb8                PROVIDE (__init_array_end = .)
                0x0000000008006bb8                . = ALIGN (0x4)

.fini_array     0x0000000008006bb8        0x4
                0x0000000008006bb8                . = ALIGN (0x4)
                [!provide]                        PROVIDE (__fini_array_start = .)
 *(SORT_BY_NAME(.fini_array.*))
 *(.fini_array*)
 .fini_array    0x0000000008006bb8        0x4 c:/st/stm32cubeide_1.8.0/stm32cubeide/plugins/com.st.stm32cube.ide.mcu.externaltools.gnu-tools-for-stm32.10.3-2021.10.win32_1.0.0.202111181127/tools/bin/../lib/gcc/arm-none-eabi/10.3.1/thumb/v6-m/nofp/crtbegin.o
                [!provide]                        PROVIDE (__fini_array_end = .)
                0x0000000008006bbc                . = ALIGN (0x4)
                0x0000000008006bbc                _sidata = LOADADDR (.data)

.data           0x0000000020000000      0x5bc load address 0x0000000008006bbc
                0x0000000020000000                . = ALIGN (0x4)
                0x0000000020000000                _sdata = .
 *(.data)
 *(.data*)
 .data.CircleLimitationM1
                0x0000000020000000       0xb4 ./Application/User/mc_config.o
                0x0000000020000000                CircleLimitationM1
 .data.HALL_M1  0x00000000200000b4       0xc8 ./Application/User/mc_config.o
                0x00000000200000b4                HALL_M1
 .data.PIDIdHandle_M1
                0x000000002000017c       0x2c ./Application/User/mc_config.o
                0x000000002000017c                PIDIdHandle_M1
 .data.PIDIqHandle_M1
                0x00000000200001a8       0x2c ./Application/User/mc_config.o
                0x00000000200001a8                PIDIqHandle_M1
 .data.PIDSpeedHandle_M1
                0x00000000200001d4       0x2c ./Application/User/mc_config.o
                0x00000000200001d4                PIDSpeedHandle_M1
 .data.PQD_MotorPowMeasM1
                0x0000000020000200      0x114 ./Application/User/mc_config.o
                0x0000000020000200                PQD_MotorPowMeasM1
 .data.PWM_Handle_M1
                0x0000000020000314       0x7c ./Application/User/mc_config.o
                0x0000000020000314                PWM_Handle_M1
 .data.RampExtMngrHFParamsM1
                0x0000000020000390       0x58 ./Application/User/mc_config.o
                0x0000000020000390                RampExtMngrHFParamsM1
 .data.RealBusVoltageSensorParamsM1
                0x00000000200003e8       0x28 ./Application/User/mc_config.o
                0x00000000200003e8                RealBusVoltageSensorParamsM1
 .data.SpeednTorqCtrlM1
                0x0000000020000410       0x34 ./Application/User/mc_config.o
                0x0000000020000410                SpeednTorqCtrlM1
 .data.TempSensorParamsM1
                0x0000000020000444       0x28 ./Application/User/mc_config.o
                0x0000000020000444                TempSensorParamsM1
 .data.pUSART   0x000000002000046c      0x13c ./Application/User/mc_config.o
                0x000000002000046c                pUSART
 .data.wConfig  0x00000000200005a8        0x4 ./Application/User/motorcontrol.o
                0x00000000200005a8                wConfig
 .data.SystickDividerCounter.0
                0x00000000200005ac        0x1 ./Application/User/stm32f0xx_mc_it.o
 *fill*         0x00000000200005ad        0x1 
 .data.bCOMATRTimeCounter
                0x00000000200005ae        0x2 ./Application/User/ui_task.o
 .data.SystemCoreClock
                0x00000000200005b0        0x4 ./Drivers/CMSIS/system_stm32f0xx.o
                0x00000000200005b0                SystemCoreClock
 .data.uwTickFreq
                0x00000000200005b4        0x1 ./Drivers/STM32F0xx_HAL_Driver/stm32f0xx_hal.o
                0x00000000200005b4                uwTickFreq
 *fill*         0x00000000200005b5        0x3 
 .data.uwTickPrio
                0x00000000200005b8        0x4 ./Drivers/STM32F0xx_HAL_Driver/stm32f0xx_hal.o
                0x00000000200005b8                uwTickPrio
 *(.RamFunc)
 *(.RamFunc*)
                0x00000000200005bc                . = ALIGN (0x4)
                0x00000000200005bc                _edata = .

.igot.plt       0x00000000200005bc        0x0 load address 0x0000000008007178
 .igot.plt      0x00000000200005bc        0x0 c:/st/stm32cubeide_1.8.0/stm32cubeide/plugins/com.st.stm32cube.ide.mcu.externaltools.gnu-tools-for-stm32.10.3-2021.10.win32_1.0.0.202111181127/tools/bin/../lib/gcc/arm-none-eabi/10.3.1/thumb/v6-m/nofp/crtbegin.o
                0x00000000200005bc                . = ALIGN (0x4)

.bss            0x00000000200005bc      0x3d0 load address 0x0000000008007178
                0x00000000200005bc                _sbss = .
                0x00000000200005bc                __bss_start__ = _sbss
 *(.bss)
 .bss           0x00000000200005bc       0x1c c:/st/stm32cubeide_1.8.0/stm32cubeide/plugins/com.st.stm32cube.ide.mcu.externaltools.gnu-tools-for-stm32.10.3-2021.10.win32_1.0.0.202111181127/tools/bin/../lib/gcc/arm-none-eabi/10.3.1/thumb/v6-m/nofp/crtbegin.o
 *(.bss*)
 .bss.hadc      0x00000000200005d8       0x40 ./Application/User/main.o
                0x00000000200005d8                hadc
 .bss.hdma_adc  0x0000000020000618       0x44 ./Application/User/main.o
                0x0000000020000618                hdma_adc
 .bss.htim1     0x000000002000065c       0x48 ./Application/User/main.o
                0x000000002000065c                htim1
 .bss.htim2     0x00000000200006a4       0x48 ./Application/User/main.o
                0x00000000200006a4                htim2
 .bss.huart1    0x00000000200006ec       0x84 ./Application/User/main.o
                0x00000000200006ec                huart1
 .bss.RealBusVoltageSensorFilterBufferM1
                0x0000000020000770       0x14 ./Application/User/mc_config.o
                0x0000000020000770                RealBusVoltageSensorFilterBufferM1
 .bss.UI_Params
                0x0000000020000784       0x18 ./Application/User/mc_config.o
                0x0000000020000784                UI_Params
 .bss.FOCVars   0x000000002000079c       0x26 ./Application/User/mc_tasks.o
                0x000000002000079c                FOCVars
 *fill*         0x00000000200007c2        0x2 
 .bss.MCT       0x00000000200007c4       0x54 ./Application/User/mc_tasks.o
                0x00000000200007c4                MCT
 .bss.Mci       0x0000000020000818       0x1c ./Application/User/mc_tasks.o
                0x0000000020000818                Mci
 .bss.STM       0x0000000020000834        0x6 ./Application/User/mc_tasks.o
                0x0000000020000834                STM
 .bss.bMCBootCompleted
                0x000000002000083a        0x1 ./Application/User/mc_tasks.o
                0x000000002000083a                bMCBootCompleted
 *fill*         0x000000002000083b        0x1 
 .bss.hBootCapDelayCounterM1
                0x000000002000083c        0x2 ./Application/User/mc_tasks.o
 .bss.hMFTaskCounterM1
                0x000000002000083e        0x2 ./Application/User/mc_tasks.o
 .bss.hStopPermanencyCounterM1
                0x0000000020000840        0x2 ./Application/User/mc_tasks.o
 *fill*         0x0000000020000842        0x2 
 .bss.oMCInterface
                0x0000000020000844        0x4 ./Application/User/mc_tasks.o
                0x0000000020000844                oMCInterface
 .bss.pBusSensorM1
                0x0000000020000848        0x4 ./Application/User/mc_tasks.o
                0x0000000020000848                pBusSensorM1
 .bss.pCLM      0x000000002000084c        0x4 ./Application/User/mc_tasks.o
                0x000000002000084c                pCLM
 .bss.pMPM      0x0000000020000850        0x4 ./Application/User/mc_tasks.o
                0x0000000020000850                pMPM
 .bss.pPIDId    0x0000000020000854        0x4 ./Application/User/mc_tasks.o
                0x0000000020000854                pPIDId
 .bss.pPIDIq    0x0000000020000858        0x4 ./Application/User/mc_tasks.o
                0x0000000020000858                pPIDIq
 .bss.pPIDSpeed
                0x000000002000085c        0x4 ./Application/User/mc_tasks.o
                0x000000002000085c                pPIDSpeed
 .bss.pREMNG    0x0000000020000860        0x4 ./Application/User/mc_tasks.o
                0x0000000020000860                pREMNG
 .bss.pSTC      0x0000000020000864        0x4 ./Application/User/mc_tasks.o
                0x0000000020000864                pSTC
 .bss.pTemperatureSensor
                0x0000000020000868        0x4 ./Application/User/mc_tasks.o
                0x0000000020000868                pTemperatureSensor
 .bss.pwmcHandle
                0x000000002000086c        0x4 ./Application/User/mc_tasks.o
                0x000000002000086c                pwmcHandle
 .bss.MPInfo    0x0000000020000870        0x8 ./Application/User/motor_control_protocol.o
                0x0000000020000870                MPInfo
 .bss.pMCI      0x0000000020000878        0x4 ./Application/User/motorcontrol.o
                0x0000000020000878                pMCI
 .bss.pMCT      0x000000002000087c        0x4 ./Application/User/motorcontrol.o
                0x000000002000087c                pMCT
 .bss.RCM_CB_array
                0x0000000020000880       0x20 ./Application/User/regular_conversion_manager.o
                0x0000000020000880                RCM_CB_array
 .bss.RCM_NoInj_array
                0x00000000200008a0       0x18 ./Application/User/regular_conversion_manager.o
                0x00000000200008a0                RCM_NoInj_array
 .bss.RCM_UserConvHandle
                0x00000000200008b8        0x1 ./Application/User/regular_conversion_manager.o
                0x00000000200008b8                RCM_UserConvHandle
 .bss.RCM_UserConvState
                0x00000000200008b9        0x1 ./Application/User/regular_conversion_manager.o
                0x00000000200008b9                RCM_UserConvState
 .bss.RCM_UserConvValue
                0x00000000200008ba        0x2 ./Application/User/regular_conversion_manager.o
                0x00000000200008ba                RCM_UserConvValue
 .bss.RCM_currentHandle
                0x00000000200008bc        0x1 ./Application/User/regular_conversion_manager.o
                0x00000000200008bc                RCM_currentHandle
 *fill*         0x00000000200008bd        0x3 
 .bss.RCM_handle_array
                0x00000000200008c0       0x10 ./Application/User/regular_conversion_manager.o
                0x00000000200008c0                RCM_handle_array
 .bss.MCP_UI_Params
                0x00000000200008d0       0xb0 ./Application/User/ui_task.o
                0x00000000200008d0                MCP_UI_Params
 .bss.bCOMTimeoutCounter
                0x0000000020000980        0x2 ./Application/User/ui_task.o
 .bss.bUITaskCounter
                0x0000000020000982        0x2 ./Application/User/ui_task.o
 .bss.pMCP      0x0000000020000984        0x4 ./Application/User/ui_task.o
                0x0000000020000984                pMCP
 .bss.uwTick    0x0000000020000988        0x4 ./Drivers/STM32F0xx_HAL_Driver/stm32f0xx_hal.o
                0x0000000020000988                uwTick
 *(COMMON)
                0x000000002000098c                . = ALIGN (0x4)
                0x000000002000098c                _ebss = .
                0x000000002000098c                __bss_end__ = _ebss

._user_heap_stack
                0x000000002000098c      0x484 load address 0x0000000008007178
                0x0000000020000990                . = ALIGN (0x8)
 *fill*         0x000000002000098c        0x4 
                [!provide]                        PROVIDE (end = .)
                0x0000000020000990                PROVIDE (_end = .)
                0x0000000020000a10                . = (. + _Min_Heap_Size)
 *fill*         0x0000000020000990       0x80 
                0x0000000020000e10                . = (. + _Min_Stack_Size)
 *fill*         0x0000000020000a10      0x400 
                0x0000000020000e10                . = ALIGN (0x8)

/DISCARD/
 libc.a(*)
 libm.a(*)
 libgcc.a(*)

.ARM.attributes
                0x0000000000000000       0x28
 *(.ARM.attributes)
 .ARM.attributes
                0x0000000000000000       0x1e c:/st/stm32cubeide_1.8.0/stm32cubeide/plugins/com.st.stm32cube.ide.mcu.externaltools.gnu-tools-for-stm32.10.3-2021.10.win32_1.0.0.202111181127/tools/bin/../lib/gcc/arm-none-eabi/10.3.1/thumb/v6-m/nofp/crti.o
 .ARM.attributes
                0x000000000000001e       0x2c c:/st/stm32cubeide_1.8.0/stm32cubeide/plugins/com.st.stm32cube.ide.mcu.externaltools.gnu-tools-for-stm32.10.3-2021.10.win32_1.0.0.202111181127/tools/bin/../lib/gcc/arm-none-eabi/10.3.1/thumb/v6-m/nofp/crtbegin.o
 .ARM.attributes
                0x000000000000004a       0x21 ./Application/Startup/startup_stm32f031c6tx.o
 .ARM.attributes
                0x000000000000006b       0x28 ./Application/User/main.o
 .ARM.attributes
                0x0000000000000093       0x28 ./Application/User/mc_api.o
 .ARM.attributes
                0x00000000000000bb       0x28 ./Application/User/mc_config.o
 .ARM.attributes
                0x00000000000000e3       0x28 ./Application/User/mc_interface.o
 .ARM.attributes
                0x000000000000010b       0x28 ./Application/User/mc_math.o
 .ARM.attributes
                0x0000000000000133       0x28 ./Application/User/mc_parameters.o
 .ARM.attributes
                0x000000000000015b       0x28 ./Application/User/mc_tasks.o
 .ARM.attributes
                0x0000000000000183       0x28 ./Application/User/motor_control_protocol.o
 .ARM.attributes
                0x00000000000001ab       0x28 ./Application/User/motorcontrol.o
 .ARM.attributes
                0x00000000000001d3       0x28 ./Application/User/regular_conversion_manager.o
 .ARM.attributes
                0x00000000000001fb       0x28 ./Application/User/stm32f0xx_hal_msp.o
 .ARM.attributes
                0x0000000000000223       0x28 ./Application/User/stm32f0xx_mc_it.o
 .ARM.attributes
                0x000000000000024b       0x28 ./Application/User/ui_task.o
 .ARM.attributes
                0x0000000000000273       0x28 ./Application/User/user_interface.o
 .ARM.attributes
                0x000000000000029b       0x28 ./Drivers/CMSIS/system_stm32f0xx.o
 .ARM.attributes
                0x00000000000002c3       0x28 ./Drivers/STM32F0xx_HAL_Driver/stm32f0xx_hal.o
 .ARM.attributes
                0x00000000000002eb       0x28 ./Drivers/STM32F0xx_HAL_Driver/stm32f0xx_hal_adc.o
 .ARM.attributes
                0x0000000000000313       0x28 ./Drivers/STM32F0xx_HAL_Driver/stm32f0xx_hal_cortex.o
 .ARM.attributes
                0x000000000000033b       0x28 ./Drivers/STM32F0xx_HAL_Driver/stm32f0xx_hal_dma.o
 .ARM.attributes
                0x0000000000000363       0x28 ./Drivers/STM32F0xx_HAL_Driver/stm32f0xx_hal_gpio.o
 .ARM.attributes
                0x000000000000038b       0x28 ./Drivers/STM32F0xx_HAL_Driver/stm32f0xx_hal_rcc.o
 .ARM.attributes
                0x00000000000003b3       0x28 ./Drivers/STM32F0xx_HAL_Driver/stm32f0xx_hal_rcc_ex.o
 .ARM.attributes
                0x00000000000003db       0x28 ./Drivers/STM32F0xx_HAL_Driver/stm32f0xx_hal_tim.o
 .ARM.attributes
                0x0000000000000403       0x28 ./Drivers/STM32F0xx_HAL_Driver/stm32f0xx_hal_tim_ex.o
 .ARM.attributes
                0x000000000000042b       0x28 ./Drivers/STM32F0xx_HAL_Driver/stm32f0xx_hal_uart.o
 .ARM.attributes
                0x0000000000000453       0x28 ./Middlewares/MotorControl/bus_voltage_sensor.o
 .ARM.attributes
                0x000000000000047b       0x28 ./Middlewares/MotorControl/circle_limitation.o
 .ARM.attributes
                0x00000000000004a3       0x28 ./Middlewares/MotorControl/frame_communication_protocol.o
 .ARM.attributes
                0x00000000000004cb       0x28 ./Middlewares/MotorControl/hall_speed_pos_fdbk.o
 .ARM.attributes
                0x00000000000004f3       0x28 ./Middlewares/MotorControl/motor_power_measurement.o
 .ARM.attributes
                0x000000000000051b       0x28 ./Middlewares/MotorControl/ntc_temperature_sensor.o
 .ARM.attributes
                0x0000000000000543       0x28 ./Middlewares/MotorControl/pid_regulator.o
 .ARM.attributes
                0x000000000000056b       0x28 ./Middlewares/MotorControl/pqd_motor_power_measurement.o
 .ARM.attributes
                0x0000000000000593       0x28 ./Middlewares/MotorControl/pwm_common.o
 .ARM.attributes
                0x00000000000005bb       0x28 ./Middlewares/MotorControl/pwm_curr_fdbk.o
 .ARM.attributes
                0x00000000000005e3       0x28 ./Middlewares/MotorControl/r3_f0xx_pwm_curr_fdbk.o
 .ARM.attributes
                0x000000000000060b       0x28 ./Middlewares/MotorControl/r_divider_bus_voltage_sensor.o
 .ARM.attributes
                0x0000000000000633       0x28 ./Middlewares/MotorControl/ramp_ext_mngr.o
 .ARM.attributes
                0x000000000000065b       0x28 ./Middlewares/MotorControl/speed_pos_fdbk.o
 .ARM.attributes
                0x0000000000000683       0x28 ./Middlewares/MotorControl/speed_torq_ctrl.o
 .ARM.attributes
                0x00000000000006ab       0x28 ./Middlewares/MotorControl/state_machine.o
 .ARM.attributes
                0x00000000000006d3       0x28 ./Middlewares/MotorControl/usart_frame_communication_protocol.o
 .ARM.attributes
                0x00000000000006fb       0x2d ../../MCSDK_v5.4.8/MotorControl/lib\libmc-gcc_M0.lib(revup_ctrl.o)
 .ARM.attributes
                0x0000000000000728       0x2d ../../MCSDK_v5.4.8/MotorControl/lib\libmc-gcc_M0.lib(fast_div.o)
 .ARM.attributes
                0x0000000000000755       0x2c c:/st/stm32cubeide_1.8.0/stm32cubeide/plugins/com.st.stm32cube.ide.mcu.externaltools.gnu-tools-for-stm32.10.3-2021.10.win32_1.0.0.202111181127/tools/bin/../lib/gcc/arm-none-eabi/10.3.1/../../../../arm-none-eabi/lib/thumb/v6-m/nofp\libc_nano.a(lib_a-init.o)
 .ARM.attributes
                0x0000000000000781       0x2c c:/st/stm32cubeide_1.8.0/stm32cubeide/plugins/com.st.stm32cube.ide.mcu.externaltools.gnu-tools-for-stm32.10.3-2021.10.win32_1.0.0.202111181127/tools/bin/../lib/gcc/arm-none-eabi/10.3.1/../../../../arm-none-eabi/lib/thumb/v6-m/nofp\libc_nano.a(lib_a-memcpy-stub.o)
 .ARM.attributes
                0x00000000000007ad       0x2c c:/st/stm32cubeide_1.8.0/stm32cubeide/plugins/com.st.stm32cube.ide.mcu.externaltools.gnu-tools-for-stm32.10.3-2021.10.win32_1.0.0.202111181127/tools/bin/../lib/gcc/arm-none-eabi/10.3.1/../../../../arm-none-eabi/lib/thumb/v6-m/nofp\libc_nano.a(lib_a-memset.o)
 .ARM.attributes
                0x00000000000007d9       0x1e c:/st/stm32cubeide_1.8.0/stm32cubeide/plugins/com.st.stm32cube.ide.mcu.externaltools.gnu-tools-for-stm32.10.3-2021.10.win32_1.0.0.202111181127/tools/bin/../lib/gcc/arm-none-eabi/10.3.1/thumb/v6-m/nofp\libgcc.a(_udivsi3.o)
 .ARM.attributes
                0x00000000000007f7       0x1e c:/st/stm32cubeide_1.8.0/stm32cubeide/plugins/com.st.stm32cube.ide.mcu.externaltools.gnu-tools-for-stm32.10.3-2021.10.win32_1.0.0.202111181127/tools/bin/../lib/gcc/arm-none-eabi/10.3.1/thumb/v6-m/nofp\libgcc.a(_divsi3.o)
 .ARM.attributes
                0x0000000000000815       0x1e c:/st/stm32cubeide_1.8.0/stm32cubeide/plugins/com.st.stm32cube.ide.mcu.externaltools.gnu-tools-for-stm32.10.3-2021.10.win32_1.0.0.202111181127/tools/bin/../lib/gcc/arm-none-eabi/10.3.1/thumb/v6-m/nofp\libgcc.a(_dvmd_tls.o)
 .ARM.attributes
                0x0000000000000833       0x1e c:/st/stm32cubeide_1.8.0/stm32cubeide/plugins/com.st.stm32cube.ide.mcu.externaltools.gnu-tools-for-stm32.10.3-2021.10.win32_1.0.0.202111181127/tools/bin/../lib/gcc/arm-none-eabi/10.3.1/thumb/v6-m/nofp/crtn.o
OUTPUT(smiglo2.elf elf32-littlearm)
LOAD linker stubs
LOAD c:/st/stm32cubeide_1.8.0/stm32cubeide/plugins/com.st.stm32cube.ide.mcu.externaltools.gnu-tools-for-stm32.10.3-2021.10.win32_1.0.0.202111181127/tools/bin/../lib/gcc/arm-none-eabi/10.3.1/../../../../arm-none-eabi/lib/thumb/v6-m/nofp\libc.a
LOAD c:/st/stm32cubeide_1.8.0/stm32cubeide/plugins/com.st.stm32cube.ide.mcu.externaltools.gnu-tools-for-stm32.10.3-2021.10.win32_1.0.0.202111181127/tools/bin/../lib/gcc/arm-none-eabi/10.3.1/../../../../arm-none-eabi/lib/thumb/v6-m/nofp\libm.a
LOAD c:/st/stm32cubeide_1.8.0/stm32cubeide/plugins/com.st.stm32cube.ide.mcu.externaltools.gnu-tools-for-stm32.10.3-2021.10.win32_1.0.0.202111181127/tools/bin/../lib/gcc/arm-none-eabi/10.3.1/thumb/v6-m/nofp\libgcc.a

.debug_line     0x0000000000000000    0x31fbf
 .debug_line    0x0000000000000000       0x90 ./Application/Startup/startup_stm32f031c6tx.o
 .debug_line    0x0000000000000090     0x15b6 ./Application/User/main.o
 .debug_line    0x0000000000001646     0x10e1 ./Application/User/mc_api.o
 .debug_line    0x0000000000002727      0xd2e ./Application/User/mc_config.o
 .debug_line    0x0000000000003455      0xf9d ./Application/User/mc_interface.o
 .debug_line    0x00000000000043f2      0xf2b ./Application/User/mc_math.o
 .debug_line    0x000000000000531d      0xd1f ./Application/User/mc_parameters.o
 .debug_line    0x000000000000603c     0x16b0 ./Application/User/mc_tasks.o
 .debug_line    0x00000000000076ec     0x1369 ./Application/User/motor_control_protocol.o
 .debug_line    0x0000000000008a55      0xd73 ./Application/User/motorcontrol.o
 .debug_line    0x00000000000097c8     0x15a2 ./Application/User/regular_conversion_manager.o
 .debug_line    0x000000000000ad6a     0x1146 ./Application/User/stm32f0xx_hal_msp.o
 .debug_line    0x000000000000beb0     0x1222 ./Application/User/stm32f0xx_mc_it.o
 .debug_line    0x000000000000d0d2      0xf0c ./Application/User/ui_task.o
 .debug_line    0x000000000000dfde     0x148d ./Application/User/user_interface.o
 .debug_line    0x000000000000f46b      0x7d8 ./Drivers/CMSIS/system_stm32f0xx.o
 .debug_line    0x000000000000fc43      0xac5 ./Drivers/STM32F0xx_HAL_Driver/stm32f0xx_hal.o
 .debug_line    0x0000000000010708     0x167a ./Drivers/STM32F0xx_HAL_Driver/stm32f0xx_hal_adc.o
 .debug_line    0x0000000000011d82      0xb22 ./Drivers/STM32F0xx_HAL_Driver/stm32f0xx_hal_cortex.o
 .debug_line    0x00000000000128a4     0x10b4 ./Drivers/STM32F0xx_HAL_Driver/stm32f0xx_hal_dma.o
 .debug_line    0x0000000000013958      0xcb7 ./Drivers/STM32F0xx_HAL_Driver/stm32f0xx_hal_gpio.o
 .debug_line    0x000000000001460f     0x133d ./Drivers/STM32F0xx_HAL_Driver/stm32f0xx_hal_rcc.o
 .debug_line    0x000000000001594c      0xa5c ./Drivers/STM32F0xx_HAL_Driver/stm32f0xx_hal_rcc_ex.o
 .debug_line    0x00000000000163a8     0x6552 ./Drivers/STM32F0xx_HAL_Driver/stm32f0xx_hal_tim.o
 .debug_line    0x000000000001c8fa     0x1e06 ./Drivers/STM32F0xx_HAL_Driver/stm32f0xx_hal_tim_ex.o
 .debug_line    0x000000000001e700     0x5762 ./Drivers/STM32F0xx_HAL_Driver/stm32f0xx_hal_uart.o
 .debug_line    0x0000000000023e62      0x94b ./Middlewares/MotorControl/bus_voltage_sensor.o
 .debug_line    0x00000000000247ad      0x943 ./Middlewares/MotorControl/circle_limitation.o
 .debug_line    0x00000000000250f0      0xd4c ./Middlewares/MotorControl/frame_communication_protocol.o
 .debug_line    0x0000000000025e3c     0x1730 ./Middlewares/MotorControl/hall_speed_pos_fdbk.o
 .debug_line    0x000000000002756c      0x9f8 ./Middlewares/MotorControl/motor_power_measurement.o
 .debug_line    0x0000000000027f64      0xa8d ./Middlewares/MotorControl/ntc_temperature_sensor.o
 .debug_line    0x00000000000289f1      0xced ./Middlewares/MotorControl/pid_regulator.o
 .debug_line    0x00000000000296de      0x997 ./Middlewares/MotorControl/pqd_motor_power_measurement.o
 .debug_line    0x000000000002a075      0xb02 ./Middlewares/MotorControl/pwm_common.o
 .debug_line    0x000000000002ab77      0xf13 ./Middlewares/MotorControl/pwm_curr_fdbk.o
 .debug_line    0x000000000002ba8a     0x1bbc ./Middlewares/MotorControl/r3_f0xx_pwm_curr_fdbk.o
 .debug_line    0x000000000002d646      0xc5c ./Middlewares/MotorControl/r_divider_bus_voltage_sensor.o
 .debug_line    0x000000000002e2a2      0xb52 ./Middlewares/MotorControl/ramp_ext_mngr.o
 .debug_line    0x000000000002edf4      0xaa9 ./Middlewares/MotorControl/speed_pos_fdbk.o
 .debug_line    0x000000000002f89d      0xd78 ./Middlewares/MotorControl/speed_torq_ctrl.o
 .debug_line    0x0000000000030615      0xb35 ./Middlewares/MotorControl/state_machine.o
 .debug_line    0x000000000003114a      0xe75 ./Middlewares/MotorControl/usart_frame_communication_protocol.o

.debug_info     0x0000000000000000    0x3d6f2
 .debug_info    0x0000000000000000       0x22 ./Application/Startup/startup_stm32f031c6tx.o
 .debug_info    0x0000000000000022     0x2146 ./Application/User/main.o
 .debug_info    0x0000000000002168      0xfb4 ./Application/User/mc_api.o
 .debug_info    0x000000000000311c     0x3361 ./Application/User/mc_config.o
 .debug_info    0x000000000000647d     0x132e ./Application/User/mc_interface.o
 .debug_info    0x00000000000077ab      0x6c6 ./Application/User/mc_math.o
 .debug_info    0x0000000000007e71      0x8d2 ./Application/User/mc_parameters.o
 .debug_info    0x0000000000008743     0x414f ./Application/User/mc_tasks.o
 .debug_info    0x000000000000c892     0x3b13 ./Application/User/motor_control_protocol.o
 .debug_info    0x00000000000103a5     0x295a ./Application/User/motorcontrol.o
 .debug_info    0x0000000000012cff     0x138f ./Application/User/regular_conversion_manager.o
 .debug_info    0x000000000001408e     0x154f ./Application/User/stm32f0xx_hal_msp.o
 .debug_info    0x00000000000155dd     0x39fd ./Application/User/stm32f0xx_mc_it.o
 .debug_info    0x0000000000018fda     0x2fd8 ./Application/User/ui_task.o
 .debug_info    0x000000000001bfb2     0x3bcb ./Application/User/user_interface.o
 .debug_info    0x000000000001fb7d      0x28f ./Drivers/CMSIS/system_stm32f0xx.o
 .debug_info    0x000000000001fe0c      0x782 ./Drivers/STM32F0xx_HAL_Driver/stm32f0xx_hal.o
 .debug_info    0x000000000002058e      0xfe2 ./Drivers/STM32F0xx_HAL_Driver/stm32f0xx_hal_adc.o
 .debug_info    0x0000000000021570      0x890 ./Drivers/STM32F0xx_HAL_Driver/stm32f0xx_hal_cortex.o
 .debug_info    0x0000000000021e00      0x903 ./Drivers/STM32F0xx_HAL_Driver/stm32f0xx_hal_dma.o
 .debug_info    0x0000000000022703      0x64b ./Drivers/STM32F0xx_HAL_Driver/stm32f0xx_hal_gpio.o
 .debug_info    0x0000000000022d4e      0xb33 ./Drivers/STM32F0xx_HAL_Driver/stm32f0xx_hal_rcc.o
 .debug_info    0x0000000000023881      0x3cf ./Drivers/STM32F0xx_HAL_Driver/stm32f0xx_hal_rcc_ex.o
 .debug_info    0x0000000000023c50     0x4e67 ./Drivers/STM32F0xx_HAL_Driver/stm32f0xx_hal_tim.o
 .debug_info    0x0000000000028ab7     0x1be9 ./Drivers/STM32F0xx_HAL_Driver/stm32f0xx_hal_tim_ex.o
 .debug_info    0x000000000002a6a0     0x67b3 ./Drivers/STM32F0xx_HAL_Driver/stm32f0xx_hal_uart.o
 .debug_info    0x0000000000030e53      0x2c2 ./Middlewares/MotorControl/bus_voltage_sensor.o
 .debug_info    0x0000000000031115      0x2ba ./Middlewares/MotorControl/circle_limitation.o
 .debug_info    0x00000000000313cf     0x2c7e ./Middlewares/MotorControl/frame_communication_protocol.o
 .debug_info    0x000000000003404d     0x1491 ./Middlewares/MotorControl/hall_speed_pos_fdbk.o
 .debug_info    0x00000000000354de      0x311 ./Middlewares/MotorControl/motor_power_measurement.o
 .debug_info    0x00000000000357ef      0x5a7 ./Middlewares/MotorControl/ntc_temperature_sensor.o
 .debug_info    0x0000000000035d96      0x871 ./Middlewares/MotorControl/pid_regulator.o
 .debug_info    0x0000000000036607      0x521 ./Middlewares/MotorControl/pqd_motor_power_measurement.o
 .debug_info    0x0000000000036b28      0x72b ./Middlewares/MotorControl/pwm_common.o
 .debug_info    0x0000000000037253      0xb4f ./Middlewares/MotorControl/pwm_curr_fdbk.o
 .debug_info    0x0000000000037da2     0x2ae7 ./Middlewares/MotorControl/r3_f0xx_pwm_curr_fdbk.o
 .debug_info    0x000000000003a889      0x698 ./Middlewares/MotorControl/r_divider_bus_voltage_sensor.o
 .debug_info    0x000000000003af21      0x609 ./Middlewares/MotorControl/ramp_ext_mngr.o
 .debug_info    0x000000000003b52a      0x54e ./Middlewares/MotorControl/speed_pos_fdbk.o
 .debug_info    0x000000000003ba78      0xa67 ./Middlewares/MotorControl/speed_torq_ctrl.o
 .debug_info    0x000000000003c4df      0x436 ./Middlewares/MotorControl/state_machine.o
 .debug_info    0x000000000003c915      0xddd ./Middlewares/MotorControl/usart_frame_communication_protocol.o

.debug_abbrev   0x0000000000000000     0x664b
 .debug_abbrev  0x0000000000000000       0x12 ./Application/Startup/startup_stm32f031c6tx.o
 .debug_abbrev  0x0000000000000012      0x38d ./Application/User/main.o
 .debug_abbrev  0x000000000000039f      0x1f0 ./Application/User/mc_api.o
 .debug_abbrev  0x000000000000058f      0x215 ./Application/User/mc_config.o
 .debug_abbrev  0x00000000000007a4      0x236 ./Application/User/mc_interface.o
 .debug_abbrev  0x00000000000009da      0x192 ./Application/User/mc_math.o
 .debug_abbrev  0x0000000000000b6c      0x158 ./Application/User/mc_parameters.o
 .debug_abbrev  0x0000000000000cc4      0x438 ./Application/User/mc_tasks.o
 .debug_abbrev  0x00000000000010fc      0x36f ./Application/User/motor_control_protocol.o
 .debug_abbrev  0x000000000000146b      0x22f ./Application/User/motorcontrol.o
 .debug_abbrev  0x000000000000169a      0x362 ./Application/User/regular_conversion_manager.o
 .debug_abbrev  0x00000000000019fc      0x280 ./Application/User/stm32f0xx_hal_msp.o
 .debug_abbrev  0x0000000000001c7c      0x386 ./Application/User/stm32f0xx_mc_it.o
 .debug_abbrev  0x0000000000002002      0x315 ./Application/User/ui_task.o
 .debug_abbrev  0x0000000000002317      0x347 ./Application/User/user_interface.o
 .debug_abbrev  0x000000000000265e      0x134 ./Drivers/CMSIS/system_stm32f0xx.o
 .debug_abbrev  0x0000000000002792      0x2ca ./Drivers/STM32F0xx_HAL_Driver/stm32f0xx_hal.o
 .debug_abbrev  0x0000000000002a5c      0x2c7 ./Drivers/STM32F0xx_HAL_Driver/stm32f0xx_hal_adc.o
 .debug_abbrev  0x0000000000002d23      0x285 ./Drivers/STM32F0xx_HAL_Driver/stm32f0xx_hal_cortex.o
 .debug_abbrev  0x0000000000002fa8      0x226 ./Drivers/STM32F0xx_HAL_Driver/stm32f0xx_hal_dma.o
 .debug_abbrev  0x00000000000031ce      0x1fb ./Drivers/STM32F0xx_HAL_Driver/stm32f0xx_hal_gpio.o
 .debug_abbrev  0x00000000000033c9      0x321 ./Drivers/STM32F0xx_HAL_Driver/stm32f0xx_hal_rcc.o
 .debug_abbrev  0x00000000000036ea      0x1a9 ./Drivers/STM32F0xx_HAL_Driver/stm32f0xx_hal_rcc_ex.o
 .debug_abbrev  0x0000000000003893      0x3a4 ./Drivers/STM32F0xx_HAL_Driver/stm32f0xx_hal_tim.o
 .debug_abbrev  0x0000000000003c37      0x39e ./Drivers/STM32F0xx_HAL_Driver/stm32f0xx_hal_tim_ex.o
 .debug_abbrev  0x0000000000003fd5      0x40d ./Drivers/STM32F0xx_HAL_Driver/stm32f0xx_hal_uart.o
 .debug_abbrev  0x00000000000043e2      0x10d ./Middlewares/MotorControl/bus_voltage_sensor.o
 .debug_abbrev  0x00000000000044ef       0xfa ./Middlewares/MotorControl/circle_limitation.o
 .debug_abbrev  0x00000000000045e9      0x24e ./Middlewares/MotorControl/frame_communication_protocol.o
 .debug_abbrev  0x0000000000004837      0x33d ./Middlewares/MotorControl/hall_speed_pos_fdbk.o
 .debug_abbrev  0x0000000000004b74      0x13e ./Middlewares/MotorControl/motor_power_measurement.o
 .debug_abbrev  0x0000000000004cb2      0x190 ./Middlewares/MotorControl/ntc_temperature_sensor.o
 .debug_abbrev  0x0000000000004e42      0x1c0 ./Middlewares/MotorControl/pid_regulator.o
 .debug_abbrev  0x0000000000005002      0x181 ./Middlewares/MotorControl/pqd_motor_power_measurement.o
 .debug_abbrev  0x0000000000005183      0x1e0 ./Middlewares/MotorControl/pwm_common.o
 .debug_abbrev  0x0000000000005363      0x244 ./Middlewares/MotorControl/pwm_curr_fdbk.o
 .debug_abbrev  0x00000000000055a7      0x3df ./Middlewares/MotorControl/r3_f0xx_pwm_curr_fdbk.o
 .debug_abbrev  0x0000000000005986      0x21b ./Middlewares/MotorControl/r_divider_bus_voltage_sensor.o
 .debug_abbrev  0x0000000000005ba1      0x1dc ./Middlewares/MotorControl/ramp_ext_mngr.o
 .debug_abbrev  0x0000000000005d7d      0x171 ./Middlewares/MotorControl/speed_pos_fdbk.o
 .debug_abbrev  0x0000000000005eee      0x226 ./Middlewares/MotorControl/speed_torq_ctrl.o
 .debug_abbrev  0x0000000000006114      0x182 ./Middlewares/MotorControl/state_machine.o
 .debug_abbrev  0x0000000000006296      0x3b5 ./Middlewares/MotorControl/usart_frame_communication_protocol.o

.debug_aranges  0x0000000000000000     0x1590
 .debug_aranges
                0x0000000000000000       0x28 ./Application/Startup/startup_stm32f031c6tx.o
 .debug_aranges
                0x0000000000000028       0x30 ./Application/User/main.o
 .debug_aranges
                0x0000000000000058      0x110 ./Application/User/mc_api.o
 .debug_aranges
                0x0000000000000168       0x18 ./Application/User/mc_config.o
 .debug_aranges
                0x0000000000000180      0x130 ./Application/User/mc_interface.o
 .debug_aranges
                0x00000000000002b0       0x50 ./Application/User/mc_math.o
 .debug_aranges
                0x0000000000000300       0x18 ./Application/User/mc_parameters.o
 .debug_aranges
                0x0000000000000318       0xa8 ./Application/User/mc_tasks.o
 .debug_aranges
                0x00000000000003c0       0x60 ./Application/User/motor_control_protocol.o
 .debug_aranges
                0x0000000000000420       0x20 ./Application/User/motorcontrol.o
 .debug_aranges
                0x0000000000000440       0x68 ./Application/User/regular_conversion_manager.o
 .debug_aranges
                0x00000000000004a8       0x68 ./Application/User/stm32f0xx_hal_msp.o
 .debug_aranges
                0x0000000000000510       0x58 ./Application/User/stm32f0xx_mc_it.o
 .debug_aranges
                0x0000000000000568       0x68 ./Application/User/ui_task.o
 .debug_aranges
                0x00000000000005d0       0x80 ./Application/User/user_interface.o
 .debug_aranges
                0x0000000000000650       0x28 ./Drivers/CMSIS/system_stm32f0xx.o
 .debug_aranges
                0x0000000000000678       0xc8 ./Drivers/STM32F0xx_HAL_Driver/stm32f0xx_hal.o
 .debug_aranges
                0x0000000000000740       0xd0 ./Drivers/STM32F0xx_HAL_Driver/stm32f0xx_hal_adc.o
 .debug_aranges
                0x0000000000000810       0x78 ./Drivers/STM32F0xx_HAL_Driver/stm32f0xx_hal_cortex.o
 .debug_aranges
                0x0000000000000888       0x78 ./Drivers/STM32F0xx_HAL_Driver/stm32f0xx_hal_dma.o
 .debug_aranges
                0x0000000000000900       0x58 ./Drivers/STM32F0xx_HAL_Driver/stm32f0xx_hal_gpio.o
 .debug_aranges
                0x0000000000000958       0x80 ./Drivers/STM32F0xx_HAL_Driver/stm32f0xx_hal_rcc.o
 .debug_aranges
                0x00000000000009d8       0x30 ./Drivers/STM32F0xx_HAL_Driver/stm32f0xx_hal_rcc_ex.o
 .debug_aranges
                0x0000000000000a08      0x278 ./Drivers/STM32F0xx_HAL_Driver/stm32f0xx_hal_tim.o
 .debug_aranges
                0x0000000000000c80      0x110 ./Drivers/STM32F0xx_HAL_Driver/stm32f0xx_hal_tim_ex.o
 .debug_aranges