C:/PP/Dydaktyka/MATERIALY/ISPiS_MATERIALY/ISPiS_PRZYKLADY/L01/smiglo2/Drivers/STM32F0xx_HAL_Driver/Src/stm32f0xx_hal_i2c.c:6461:26:I2C_WaitOnRXNEFlagUntilTimeout	32	static
C:/PP/Dydaktyka/MATERIALY/ISPiS_MATERIALY/ISPiS_PRZYKLADY/L01/smiglo2/Drivers/STM32F0xx_HAL_Driver/Src/stm32f0xx_hal_i2c.c:6388:26:I2C_WaitOnTXISFlagUntilTimeout	24	static
C:/PP/Dydaktyka/MATERIALY/ISPiS_MATERIALY/ISPiS_PRZYKLADY/L01/smiglo2/Drivers/STM32F0xx_HAL_Driver/Src/stm32f0xx_hal_i2c.c:6426:26:I2C_WaitOnSTOPFlagUntilTimeout	24	static
C:/PP/Dydaktyka/MATERIALY/ISPiS_MATERIALY/ISPiS_PRZYKLADY/L01/smiglo2/Drivers/STM32F0xx_HAL_Driver/Src/stm32f0xx_hal_i2c.c:678:13:HAL_I2C_MspInit	0	static
C:/PP/Dydaktyka/MATERIALY/ISPiS_MATERIALY/ISPiS_PRZYKLADY/L01/smiglo2/Drivers/STM32F0xx_HAL_Driver/Src/stm32f0xx_hal_i2c.c:522:19:HAL_I2C_Init	8	static
C:/PP/Dydaktyka/MATERIALY/ISPiS_MATERIALY/ISPiS_PRZYKLADY/L01/smiglo2/Drivers/STM32F0xx_HAL_Driver/Src/stm32f0xx_hal_i2c.c:694:13:HAL_I2C_MspDeInit	0	static
C:/PP/Dydaktyka/MATERIALY/ISPiS_MATERIALY/ISPiS_PRZYKLADY/L01/smiglo2/Drivers/STM32F0xx_HAL_Driver/Src/stm32f0xx_hal_i2c.c:632:19:HAL_I2C_DeInit	16	static
C:/PP/Dydaktyka/MATERIALY/ISPiS_MATERIALY/ISPiS_PRZYKLADY/L01/smiglo2/Drivers/STM32F0xx_HAL_Driver/Src/stm32f0xx_hal_i2c.c:1115:19:HAL_I2C_Master_Transmit	32	static
C:/PP/Dydaktyka/MATERIALY/ISPiS_MATERIALY/ISPiS_PRZYKLADY/L01/smiglo2/Drivers/STM32F0xx_HAL_Driver/Src/stm32f0xx_hal_i2c.c:1234:19:HAL_I2C_Master_Receive	32	static
C:/PP/Dydaktyka/MATERIALY/ISPiS_MATERIALY/ISPiS_PRZYKLADY/L01/smiglo2/Drivers/STM32F0xx_HAL_Driver/Src/stm32f0xx_hal_i2c.c:1352:19:HAL_I2C_Slave_Transmit	32	static
C:/PP/Dydaktyka/MATERIALY/ISPiS_MATERIALY/ISPiS_PRZYKLADY/L01/smiglo2/Drivers/STM32F0xx_HAL_Driver/Src/stm32f0xx_hal_i2c.c:1490:19:HAL_I2C_Slave_Receive	32	static
C:/PP/Dydaktyka/MATERIALY/ISPiS_MATERIALY/ISPiS_PRZYKLADY/L01/smiglo2/Drivers/STM32F0xx_HAL_Driver/Src/stm32f0xx_hal_i2c.c:1617:19:HAL_I2C_Master_Transmit_IT	24	static
C:/PP/Dydaktyka/MATERIALY/ISPiS_MATERIALY/ISPiS_PRZYKLADY/L01/smiglo2/Drivers/STM32F0xx_HAL_Driver/Src/stm32f0xx_hal_i2c.c:1688:19:HAL_I2C_Master_Receive_IT	24	static
C:/PP/Dydaktyka/MATERIALY/ISPiS_MATERIALY/ISPiS_PRZYKLADY/L01/smiglo2/Drivers/STM32F0xx_HAL_Driver/Src/stm32f0xx_hal_i2c.c:1757:19:HAL_I2C_Slave_Transmit_IT	20	static
C:/PP/Dydaktyka/MATERIALY/ISPiS_MATERIALY/ISPiS_PRZYKLADY/L01/smiglo2/Drivers/STM32F0xx_HAL_Driver/Src/stm32f0xx_hal_i2c.c:1807:19:HAL_I2C_Slave_Receive_IT	20	static
C:/PP/Dydaktyka/MATERIALY/ISPiS_MATERIALY/ISPiS_PRZYKLADY/L01/smiglo2/Drivers/STM32F0xx_HAL_Driver/Src/stm32f0xx_hal_i2c.c:1859:19:HAL_I2C_Master_Transmit_DMA	32	static
C:/PP/Dydaktyka/MATERIALY/ISPiS_MATERIALY/ISPiS_PRZYKLADY/L01/smiglo2/Drivers/STM32F0xx_HAL_Driver/Src/stm32f0xx_hal_i2c.c:2006:19:HAL_I2C_Master_Receive_DMA	32	static
C:/PP/Dydaktyka/MATERIALY/ISPiS_MATERIALY/ISPiS_PRZYKLADY/L01/smiglo2/Drivers/STM32F0xx_HAL_Driver/Src/stm32f0xx_hal_i2c.c:2151:19:HAL_I2C_Slave_Transmit_DMA	24	static
C:/PP/Dydaktyka/MATERIALY/ISPiS_MATERIALY/ISPiS_PRZYKLADY/L01/smiglo2/Drivers/STM32F0xx_HAL_Driver/Src/stm32f0xx_hal_i2c.c:2255:19:HAL_I2C_Slave_Receive_DMA	32	static
C:/PP/Dydaktyka/MATERIALY/ISPiS_MATERIALY/ISPiS_PRZYKLADY/L01/smiglo2/Drivers/STM32F0xx_HAL_Driver/Src/stm32f0xx_hal_i2c.c:2363:19:HAL_I2C_Mem_Write	40	static
C:/PP/Dydaktyka/MATERIALY/ISPiS_MATERIALY/ISPiS_PRZYKLADY/L01/smiglo2/Drivers/STM32F0xx_HAL_Driver/Src/stm32f0xx_hal_i2c.c:2500:19:HAL_I2C_Mem_Read	48	static
C:/PP/Dydaktyka/MATERIALY/ISPiS_MATERIALY/ISPiS_PRZYKLADY/L01/smiglo2/Drivers/STM32F0xx_HAL_Driver/Src/stm32f0xx_hal_i2c.c:2637:19:HAL_I2C_Mem_Write_IT	48	static
C:/PP/Dydaktyka/MATERIALY/ISPiS_MATERIALY/ISPiS_PRZYKLADY/L01/smiglo2/Drivers/STM32F0xx_HAL_Driver/Src/stm32f0xx_hal_i2c.c:2731:19:HAL_I2C_Mem_Read_IT	48	static
C:/PP/Dydaktyka/MATERIALY/ISPiS_MATERIALY/ISPiS_PRZYKLADY/L01/smiglo2/Drivers/STM32F0xx_HAL_Driver/Src/stm32f0xx_hal_i2c.c:2823:19:HAL_I2C_Mem_Write_DMA	48	static
C:/PP/Dydaktyka/MATERIALY/ISPiS_MATERIALY/ISPiS_PRZYKLADY/L01/smiglo2/Drivers/STM32F0xx_HAL_Driver/Src/stm32f0xx_hal_i2c.c:2970:19:HAL_I2C_Mem_Read_DMA	48	static
C:/PP/Dydaktyka/MATERIALY/ISPiS_MATERIALY/ISPiS_PRZYKLADY/L01/smiglo2/Drivers/STM32F0xx_HAL_Driver/Src/stm32f0xx_hal_i2c.c:3113:19:HAL_I2C_IsDeviceReady	48	static
C:/PP/Dydaktyka/MATERIALY/ISPiS_MATERIALY/ISPiS_PRZYKLADY/L01/smiglo2/Drivers/STM32F0xx_HAL_Driver/Src/stm32f0xx_hal_i2c.c:3255:19:HAL_I2C_Master_Seq_Transmit_IT	20	static
C:/PP/Dydaktyka/MATERIALY/ISPiS_MATERIALY/ISPiS_PRZYKLADY/L01/smiglo2/Drivers/STM32F0xx_HAL_Driver/Src/stm32f0xx_hal_i2c.c:3342:19:HAL_I2C_Master_Seq_Transmit_DMA	32	static
C:/PP/Dydaktyka/MATERIALY/ISPiS_MATERIALY/ISPiS_PRZYKLADY/L01/smiglo2/Drivers/STM32F0xx_HAL_Driver/Src/stm32f0xx_hal_i2c.c:3510:19:HAL_I2C_Master_Seq_Receive_IT	20	static
C:/PP/Dydaktyka/MATERIALY/ISPiS_MATERIALY/ISPiS_PRZYKLADY/L01/smiglo2/Drivers/STM32F0xx_HAL_Driver/Src/stm32f0xx_hal_i2c.c:3597:19:HAL_I2C_Master_Seq_Receive_DMA	32	static
C:/PP/Dydaktyka/MATERIALY/ISPiS_MATERIALY/ISPiS_PRZYKLADY/L01/smiglo2/Drivers/STM32F0xx_HAL_Driver/Src/stm32f0xx_hal_i2c.c:3763:19:HAL_I2C_Slave_Seq_Transmit_IT	32	static
C:/PP/Dydaktyka/MATERIALY/ISPiS_MATERIALY/ISPiS_PRZYKLADY/L01/smiglo2/Drivers/STM32F0xx_HAL_Driver/Src/stm32f0xx_hal_i2c.c:3859:19:HAL_I2C_Slave_Seq_Transmit_DMA	32	static
C:/PP/Dydaktyka/MATERIALY/ISPiS_MATERIALY/ISPiS_PRZYKLADY/L01/smiglo2/Drivers/STM32F0xx_HAL_Driver/Src/stm32f0xx_hal_i2c.c:4040:19:HAL_I2C_Slave_Seq_Receive_IT	32	static
C:/PP/Dydaktyka/MATERIALY/ISPiS_MATERIALY/ISPiS_PRZYKLADY/L01/smiglo2/Drivers/STM32F0xx_HAL_Driver/Src/stm32f0xx_hal_i2c.c:4136:19:HAL_I2C_Slave_Seq_Receive_DMA	40	static
C:/PP/Dydaktyka/MATERIALY/ISPiS_MATERIALY/ISPiS_PRZYKLADY/L01/smiglo2/Drivers/STM32F0xx_HAL_Driver/Src/stm32f0xx_hal_i2c.c:4313:19:HAL_I2C_EnableListen_IT	0	static
C:/PP/Dydaktyka/MATERIALY/ISPiS_MATERIALY/ISPiS_PRZYKLADY/L01/smiglo2/Drivers/STM32F0xx_HAL_Driver/Src/stm32f0xx_hal_i2c.c:4337:19:HAL_I2C_DisableListen_IT	12	static
C:/PP/Dydaktyka/MATERIALY/ISPiS_MATERIALY/ISPiS_PRZYKLADY/L01/smiglo2/Drivers/STM32F0xx_HAL_Driver/Src/stm32f0xx_hal_i2c.c:4370:19:HAL_I2C_Master_Abort_IT	8	static
C:/PP/Dydaktyka/MATERIALY/ISPiS_MATERIALY/ISPiS_PRZYKLADY/L01/smiglo2/Drivers/STM32F0xx_HAL_Driver/Src/stm32f0xx_hal_i2c.c:4432:6:HAL_I2C_EV_IRQHandler	8	static
C:/PP/Dydaktyka/MATERIALY/ISPiS_MATERIALY/ISPiS_PRZYKLADY/L01/smiglo2/Drivers/STM32F0xx_HAL_Driver/Src/stm32f0xx_hal_i2c.c:4503:13:HAL_I2C_MasterTxCpltCallback	0	static
C:/PP/Dydaktyka/MATERIALY/ISPiS_MATERIALY/ISPiS_PRZYKLADY/L01/smiglo2/Drivers/STM32F0xx_HAL_Driver/Src/stm32f0xx_hal_i2c.c:4519:13:HAL_I2C_MasterRxCpltCallback	0	static
C:/PP/Dydaktyka/MATERIALY/ISPiS_MATERIALY/ISPiS_PRZYKLADY/L01/smiglo2/Drivers/STM32F0xx_HAL_Driver/Src/stm32f0xx_hal_i2c.c:4534:13:HAL_I2C_SlaveTxCpltCallback	0	static
C:/PP/Dydaktyka/MATERIALY/ISPiS_MATERIALY/ISPiS_PRZYKLADY/L01/smiglo2/Drivers/STM32F0xx_HAL_Driver/Src/stm32f0xx_hal_i2c.c:4550:13:HAL_I2C_SlaveRxCpltCallback	0	static
C:/PP/Dydaktyka/MATERIALY/ISPiS_MATERIALY/ISPiS_PRZYKLADY/L01/smiglo2/Drivers/STM32F0xx_HAL_Driver/Src/stm32f0xx_hal_i2c.c:5557:13:I2C_ITSlaveSeqCplt	8	static
C:/PP/Dydaktyka/MATERIALY/ISPiS_MATERIALY/ISPiS_PRZYKLADY/L01/smiglo2/Drivers/STM32F0xx_HAL_Driver/Src/stm32f0xx_hal_i2c.c:6205:13:I2C_DMASlaveTransmitCplt	16	static
C:/PP/Dydaktyka/MATERIALY/ISPiS_MATERIALY/ISPiS_PRZYKLADY/L01/smiglo2/Drivers/STM32F0xx_HAL_Driver/Src/stm32f0xx_hal_i2c.c:6283:13:I2C_DMASlaveReceiveCplt	16	static
C:/PP/Dydaktyka/MATERIALY/ISPiS_MATERIALY/ISPiS_PRZYKLADY/L01/smiglo2/Drivers/STM32F0xx_HAL_Driver/Src/stm32f0xx_hal_i2c.c:4568:13:HAL_I2C_AddrCallback	0	static
C:/PP/Dydaktyka/MATERIALY/ISPiS_MATERIALY/ISPiS_PRZYKLADY/L01/smiglo2/Drivers/STM32F0xx_HAL_Driver/Src/stm32f0xx_hal_i2c.c:5409:13:I2C_ITAddrCplt.part.0	24	static
C:/PP/Dydaktyka/MATERIALY/ISPiS_MATERIALY/ISPiS_PRZYKLADY/L01/smiglo2/Drivers/STM32F0xx_HAL_Driver/Src/stm32f0xx_hal_i2c.c:4586:13:HAL_I2C_ListenCpltCallback	0	static
C:/PP/Dydaktyka/MATERIALY/ISPiS_MATERIALY/ISPiS_PRZYKLADY/L01/smiglo2/Drivers/STM32F0xx_HAL_Driver/Src/stm32f0xx_hal_i2c.c:4602:13:HAL_I2C_MemTxCpltCallback	0	static
C:/PP/Dydaktyka/MATERIALY/ISPiS_MATERIALY/ISPiS_PRZYKLADY/L01/smiglo2/Drivers/STM32F0xx_HAL_Driver/Src/stm32f0xx_hal_i2c.c:4618:13:HAL_I2C_MemRxCpltCallback	0	static
C:/PP/Dydaktyka/MATERIALY/ISPiS_MATERIALY/ISPiS_PRZYKLADY/L01/smiglo2/Drivers/STM32F0xx_HAL_Driver/Src/stm32f0xx_hal_i2c.c:4634:13:HAL_I2C_ErrorCallback	0	static
C:/PP/Dydaktyka/MATERIALY/ISPiS_MATERIALY/ISPiS_PRZYKLADY/L01/smiglo2/Drivers/STM32F0xx_HAL_Driver/Src/stm32f0xx_hal_i2c.c:4650:13:HAL_I2C_AbortCpltCallback	0	static
C:/PP/Dydaktyka/MATERIALY/ISPiS_MATERIALY/ISPiS_PRZYKLADY/L01/smiglo2/Drivers/STM32F0xx_HAL_Driver/Src/stm32f0xx_hal_i2c.c:6329:13:I2C_DMAAbort	8	static
C:/PP/Dydaktyka/MATERIALY/ISPiS_MATERIALY/ISPiS_PRZYKLADY/L01/smiglo2/Drivers/STM32F0xx_HAL_Driver/Src/stm32f0xx_hal_i2c.c:5984:13:I2C_ITError	16	static
C:/PP/Dydaktyka/MATERIALY/ISPiS_MATERIALY/ISPiS_PRZYKLADY/L01/smiglo2/Drivers/STM32F0xx_HAL_Driver/Src/stm32f0xx_hal_i2c.c:5774:13:I2C_ITSlaveCplt	24	static
C:/PP/Dydaktyka/MATERIALY/ISPiS_MATERIALY/ISPiS_PRZYKLADY/L01/smiglo2/Drivers/STM32F0xx_HAL_Driver/Src/stm32f0xx_hal_i2c.c:4879:26:I2C_Slave_ISR_IT	24	static
C:/PP/Dydaktyka/MATERIALY/ISPiS_MATERIALY/ISPiS_PRZYKLADY/L01/smiglo2/Drivers/STM32F0xx_HAL_Driver/Src/stm32f0xx_hal_i2c.c:5631:13:I2C_ITMasterCplt	16	static
C:/PP/Dydaktyka/MATERIALY/ISPiS_MATERIALY/ISPiS_PRZYKLADY/L01/smiglo2/Drivers/STM32F0xx_HAL_Driver/Src/stm32f0xx_hal_i2c.c:4733:26:I2C_Master_ISR_IT	32	static
C:/PP/Dydaktyka/MATERIALY/ISPiS_MATERIALY/ISPiS_PRZYKLADY/L01/smiglo2/Drivers/STM32F0xx_HAL_Driver/Src/stm32f0xx_hal_i2c.c:5160:26:I2C_Slave_ISR_DMA	24	static
C:/PP/Dydaktyka/MATERIALY/ISPiS_MATERIALY/ISPiS_PRZYKLADY/L01/smiglo2/Drivers/STM32F0xx_HAL_Driver/Src/stm32f0xx_hal_i2c.c:5020:26:I2C_Master_ISR_DMA	24	static
C:/PP/Dydaktyka/MATERIALY/ISPiS_MATERIALY/ISPiS_PRZYKLADY/L01/smiglo2/Drivers/STM32F0xx_HAL_Driver/Src/stm32f0xx_hal_i2c.c:6155:13:I2C_DMAMasterTransmitCplt	8	static
C:/PP/Dydaktyka/MATERIALY/ISPiS_MATERIALY/ISPiS_PRZYKLADY/L01/smiglo2/Drivers/STM32F0xx_HAL_Driver/Src/stm32f0xx_hal_i2c.c:6233:13:I2C_DMAMasterReceiveCplt	8	static
C:/PP/Dydaktyka/MATERIALY/ISPiS_MATERIALY/ISPiS_PRZYKLADY/L01/smiglo2/Drivers/STM32F0xx_HAL_Driver/Src/stm32f0xx_hal_i2c.c:4451:6:HAL_I2C_ER_IRQHandler	16	static
C:/PP/Dydaktyka/MATERIALY/ISPiS_MATERIALY/ISPiS_PRZYKLADY/L01/smiglo2/Drivers/STM32F0xx_HAL_Driver/Src/stm32f0xx_hal_i2c.c:6311:13:I2C_DMAError	16	static
C:/PP/Dydaktyka/MATERIALY/ISPiS_MATERIALY/ISPiS_PRZYKLADY/L01/smiglo2/Drivers/STM32F0xx_HAL_Driver/Src/stm32f0xx_hal_i2c.c:4685:22:HAL_I2C_GetState	0	static
C:/PP/Dydaktyka/MATERIALY/ISPiS_MATERIALY/ISPiS_PRZYKLADY/L01/smiglo2/Drivers/STM32F0xx_HAL_Driver/Src/stm32f0xx_hal_i2c.c:4697:21:HAL_I2C_GetMode	0	static
C:/PP/Dydaktyka/MATERIALY/ISPiS_MATERIALY/ISPiS_PRZYKLADY/L01/smiglo2/Drivers/STM32F0xx_HAL_Driver/Src/stm32f0xx_hal_i2c.c:4708:10:HAL_I2C_GetError	0	static
