Archive member included to satisfy reference by file (symbol)

../../MCSDK_v5.4.8/MotorControl/lib\libmc-gcc_M0.lib(revup_ctrl.o)
                              ./Application/User/user_interface.o (RUC_SetPhaseDurationms)
../../MCSDK_v5.4.8/MotorControl/lib\libmc-gcc_M0.lib(sto_pll_speed_pos_fdbk.o)
                              ./Application/User/mc_tasks.o (STO_PLL_CalcElAngle)
../../MCSDK_v5.4.8/MotorControl/lib\libmc-gcc_M0.lib(fast_div.o)
                              ./Middlewares/MotorControl/ramp_ext_mngr.o (FD_Init)
c:/st/stm32cubeide_1.8.0/stm32cubeide/plugins/com.st.stm32cube.ide.mcu.externaltools.gnu-tools-for-stm32.10.3-2021.10.win32_1.0.0.202111181127/tools/bin/../lib/gcc/arm-none-eabi/10.3.1/../../../../arm-none-eabi/lib/thumb/v6-m/nofp\libc_nano.a(lib_a-errno.o)
                              ./Application/User/syscalls.o (__errno)
c:/st/stm32cubeide_1.8.0/stm32cubeide/plugins/com.st.stm32cube.ide.mcu.externaltools.gnu-tools-for-stm32.10.3-2021.10.win32_1.0.0.202111181127/tools/bin/../lib/gcc/arm-none-eabi/10.3.1/../../../../arm-none-eabi/lib/thumb/v6-m/nofp\libc_nano.a(lib_a-exit.o)
                              c:/st/stm32cubeide_1.8.0/stm32cubeide/plugins/com.st.stm32cube.ide.mcu.externaltools.gnu-tools-for-stm32.10.3-2021.10.win32_1.0.0.202111181127/tools/bin/../lib/gcc/arm-none-eabi/10.3.1/../../../../arm-none-eabi/lib/thumb/v6-m/nofp/crt0.o (exit)
c:/st/stm32cubeide_1.8.0/stm32cubeide/plugins/com.st.stm32cube.ide.mcu.externaltools.gnu-tools-for-stm32.10.3-2021.10.win32_1.0.0.202111181127/tools/bin/../lib/gcc/arm-none-eabi/10.3.1/../../../../arm-none-eabi/lib/thumb/v6-m/nofp\libc_nano.a(lib_a-impure.o)
                              c:/st/stm32cubeide_1.8.0/stm32cubeide/plugins/com.st.stm32cube.ide.mcu.externaltools.gnu-tools-for-stm32.10.3-2021.10.win32_1.0.0.202111181127/tools/bin/../lib/gcc/arm-none-eabi/10.3.1/../../../../arm-none-eabi/lib/thumb/v6-m/nofp\libc_nano.a(lib_a-exit.o) (_global_impure_ptr)
c:/st/stm32cubeide_1.8.0/stm32cubeide/plugins/com.st.stm32cube.ide.mcu.externaltools.gnu-tools-for-stm32.10.3-2021.10.win32_1.0.0.202111181127/tools/bin/../lib/gcc/arm-none-eabi/10.3.1/../../../../arm-none-eabi/lib/thumb/v6-m/nofp\libc_nano.a(lib_a-init.o)
                              c:/st/stm32cubeide_1.8.0/stm32cubeide/plugins/com.st.stm32cube.ide.mcu.externaltools.gnu-tools-for-stm32.10.3-2021.10.win32_1.0.0.202111181127/tools/bin/../lib/gcc/arm-none-eabi/10.3.1/../../../../arm-none-eabi/lib/thumb/v6-m/nofp/crt0.o (__libc_init_array)
c:/st/stm32cubeide_1.8.0/stm32cubeide/plugins/com.st.stm32cube.ide.mcu.externaltools.gnu-tools-for-stm32.10.3-2021.10.win32_1.0.0.202111181127/tools/bin/../lib/gcc/arm-none-eabi/10.3.1/../../../../arm-none-eabi/lib/thumb/v6-m/nofp\libc_nano.a(lib_a-memcpy-stub.o)
                              ./Application/User/mc_interface.o (memcpy)
c:/st/stm32cubeide_1.8.0/stm32cubeide/plugins/com.st.stm32cube.ide.mcu.externaltools.gnu-tools-for-stm32.10.3-2021.10.win32_1.0.0.202111181127/tools/bin/../lib/gcc/arm-none-eabi/10.3.1/../../../../arm-none-eabi/lib/thumb/v6-m/nofp\libc_nano.a(lib_a-memset.o)
                              c:/st/stm32cubeide_1.8.0/stm32cubeide/plugins/com.st.stm32cube.ide.mcu.externaltools.gnu-tools-for-stm32.10.3-2021.10.win32_1.0.0.202111181127/tools/bin/../lib/gcc/arm-none-eabi/10.3.1/../../../../arm-none-eabi/lib/thumb/v6-m/nofp/crt0.o (memset)
c:/st/stm32cubeide_1.8.0/stm32cubeide/plugins/com.st.stm32cube.ide.mcu.externaltools.gnu-tools-for-stm32.10.3-2021.10.win32_1.0.0.202111181127/tools/bin/../lib/gcc/arm-none-eabi/10.3.1/thumb/v6-m/nofp\libgcc.a(_udivsi3.o)
                              ./Application/User/motorcontrol.o (__aeabi_uidiv)
c:/st/stm32cubeide_1.8.0/stm32cubeide/plugins/com.st.stm32cube.ide.mcu.externaltools.gnu-tools-for-stm32.10.3-2021.10.win32_1.0.0.202111181127/tools/bin/../lib/gcc/arm-none-eabi/10.3.1/thumb/v6-m/nofp\libgcc.a(_divsi3.o)
                              ./Application/User/mc_math.o (__aeabi_idiv)
c:/st/stm32cubeide_1.8.0/stm32cubeide/plugins/com.st.stm32cube.ide.mcu.externaltools.gnu-tools-for-stm32.10.3-2021.10.win32_1.0.0.202111181127/tools/bin/../lib/gcc/arm-none-eabi/10.3.1/thumb/v6-m/nofp\libgcc.a(_dvmd_tls.o)
                              c:/st/stm32cubeide_1.8.0/stm32cubeide/plugins/com.st.stm32cube.ide.mcu.externaltools.gnu-tools-for-stm32.10.3-2021.10.win32_1.0.0.202111181127/tools/bin/../lib/gcc/arm-none-eabi/10.3.1/thumb/v6-m/nofp\libgcc.a(_udivsi3.o) (__aeabi_idiv0)

Discarded input sections

 .text          0x0000000000000000        0x0 c:/st/stm32cubeide_1.8.0/stm32cubeide/plugins/com.st.stm32cube.ide.mcu.externaltools.gnu-tools-for-stm32.10.3-2021.10.win32_1.0.0.202111181127/tools/bin/../lib/gcc/arm-none-eabi/10.3.1/thumb/v6-m/nofp/crti.o
 .data          0x0000000000000000        0x0 c:/st/stm32cubeide_1.8.0/stm32cubeide/plugins/com.st.stm32cube.ide.mcu.externaltools.gnu-tools-for-stm32.10.3-2021.10.win32_1.0.0.202111181127/tools/bin/../lib/gcc/arm-none-eabi/10.3.1/thumb/v6-m/nofp/crti.o
[...]
Memory Configuration

Name             Origin             Length             Attributes
RAM              0x0000000020000000 0x0000000000001000 xrw
FLASH            0x0000000008000000 0x0000000000008000 xr
*default*        0x0000000000000000 0xffffffffffffffff

Linker script and memory map

LOAD c:/st/stm32cubeide_1.8.0/stm32cubeide/plugins/com.st.stm32cube.ide.mcu.externaltools.gnu-tools-for-stm32.10.3-2021.10.win32_1.0.0.202111181127/tools/bin/../lib/gcc/arm-none-eabi/10.3.1/thumb/v6-m/nofp/crti.o
LOAD c:/st/stm32cubeide_1.8.0/stm32cubeide/plugins/com.st.stm32cube.ide.mcu.externaltools.gnu-tools-for-stm32.10.3-2021.10.win32_1.0.0.202111181127/tools/bin/../lib/gcc/arm-none-eabi/10.3.1/thumb/v6-m/nofp/crtbegin.o
LOAD c:/st/stm32cubeide_1.8.0/stm32cubeide/plugins/com.st.stm32cube.ide.mcu.externaltools.gnu-tools-for-stm32.10.3-2021.10.win32_1.0.0.202111181127/tools/bin/../lib/gcc/arm-none-eabi/10.3.1/../../../../arm-none-eabi/lib/thumb/v6-m/nofp/crt0.o
LOAD ./Application/Startup/startup_stm32f031c6tx.o
LOAD ./Application/User/main.o
LOAD ./Application/User/mc_api.o
LOAD ./Application/User/mc_config.o
LOAD ./Application/User/mc_interface.o
LOAD ./Application/User/mc_math.o
LOAD ./Application/User/mc_parameters.o
LOAD ./Application/User/mc_tasks.o
LOAD ./Application/User/motor_control_protocol.o
LOAD ./Application/User/motorcontrol.o
LOAD ./Application/User/regular_conversion_manager.o
LOAD ./Application/User/stm32f0xx_hal_msp.o
LOAD ./Application/User/stm32f0xx_it.o
LOAD ./Application/User/stm32f0xx_mc_it.o
LOAD ./Application/User/syscalls.o
LOAD ./Application/User/sysmem.o
LOAD ./Application/User/ui_task.o
LOAD ./Application/User/user_interface.o
LOAD ./Drivers/CMSIS/system_stm32f0xx.o
LOAD ./Drivers/STM32F0xx_HAL_Driver/stm32f0xx_hal.o
LOAD ./Drivers/STM32F0xx_HAL_Driver/stm32f0xx_hal_adc.o
LOAD ./Drivers/STM32F0xx_HAL_Driver/stm32f0xx_hal_adc_ex.o
LOAD ./Drivers/STM32F0xx_HAL_Driver/stm32f0xx_hal_cortex.o
LOAD ./Drivers/STM32F0xx_HAL_Driver/stm32f0xx_hal_dma.o
LOAD ./Drivers/STM32F0xx_HAL_Driver/stm32f0xx_hal_exti.o
LOAD ./Drivers/STM32F0xx_HAL_Driver/stm32f0xx_hal_flash.o
LOAD ./Drivers/STM32F0xx_HAL_Driver/stm32f0xx_hal_flash_ex.o
LOAD ./Drivers/STM32F0xx_HAL_Driver/stm32f0xx_hal_gpio.o
LOAD ./Drivers/STM32F0xx_HAL_Driver/stm32f0xx_hal_i2c.o
LOAD ./Drivers/STM32F0xx_HAL_Driver/stm32f0xx_hal_i2c_ex.o
LOAD ./Drivers/STM32F0xx_HAL_Driver/stm32f0xx_hal_pwr.o
LOAD ./Drivers/STM32F0xx_HAL_Driver/stm32f0xx_hal_pwr_ex.o
LOAD ./Drivers/STM32F0xx_HAL_Driver/stm32f0xx_hal_rcc.o
LOAD ./Drivers/STM32F0xx_HAL_Driver/stm32f0xx_hal_rcc_ex.o
LOAD ./Drivers/STM32F0xx_HAL_Driver/stm32f0xx_hal_tim.o
LOAD ./Drivers/STM32F0xx_HAL_Driver/stm32f0xx_hal_tim_ex.o
LOAD ./Drivers/STM32F0xx_HAL_Driver/stm32f0xx_hal_uart.o
LOAD ./Drivers/STM32F0xx_HAL_Driver/stm32f0xx_hal_uart_ex.o
LOAD ./Middlewares/MotorControl/bus_voltage_sensor.o
LOAD ./Middlewares/MotorControl/circle_limitation.o
LOAD ./Middlewares/MotorControl/digital_output.o
LOAD ./Middlewares/MotorControl/frame_communication_protocol.o
LOAD ./Middlewares/MotorControl/hall_speed_pos_fdbk.o
LOAD ./Middlewares/MotorControl/motor_power_measurement.o
LOAD ./Middlewares/MotorControl/ntc_temperature_sensor.o
LOAD ./Middlewares/MotorControl/open_loop.o
LOAD ./Middlewares/MotorControl/pid_regulator.o
LOAD ./Middlewares/MotorControl/pqd_motor_power_measurement.o
LOAD ./Middlewares/MotorControl/pwm_common.o
LOAD ./Middlewares/MotorControl/pwm_curr_fdbk.o
LOAD ./Middlewares/MotorControl/r3_f0xx_pwm_curr_fdbk.o
LOAD ./Middlewares/MotorControl/r_divider_bus_voltage_sensor.o
LOAD ./Middlewares/MotorControl/ramp_ext_mngr.o
LOAD ./Middlewares/MotorControl/speed_pos_fdbk.o
LOAD ./Middlewares/MotorControl/speed_torq_ctrl.o
LOAD ./Middlewares/MotorControl/state_machine.o
LOAD ./Middlewares/MotorControl/ui_irq_handler.o
LOAD ./Middlewares/MotorControl/usart_frame_communication_protocol.o
LOAD ./Middlewares/MotorControl/virtual_speed_sensor.o
LOAD ../../MCSDK_v5.4.8/MotorControl/lib\libmc-gcc_M0.lib
START GROUP
LOAD c:/st/stm32cubeide_1.8.0/stm32cubeide/plugins/com.st.stm32cube.ide.mcu.externaltools.gnu-tools-for-stm32.10.3-2021.10.win32_1.0.0.202111181127/tools/bin/../lib/gcc/arm-none-eabi/10.3.1/../../../../arm-none-eabi/lib/thumb/v6-m/nofp\libc_nano.a
LOAD c:/st/stm32cubeide_1.8.0/stm32cubeide/plugins/com.st.stm32cube.ide.mcu.externaltools.gnu-tools-for-stm32.10.3-2021.10.win32_1.0.0.202111181127/tools/bin/../lib/gcc/arm-none-eabi/10.3.1/../../../../arm-none-eabi/lib/thumb/v6-m/nofp\libm.a
END GROUP
START GROUP
LOAD c:/st/stm32cubeide_1.8.0/stm32cubeide/plugins/com.st.stm32cube.ide.mcu.externaltools.gnu-tools-for-stm32.10.3-2021.10.win32_1.0.0.202111181127/tools/bin/../lib/gcc/arm-none-eabi/10.3.1/thumb/v6-m/nofp\libgcc.a
LOAD c:/st/stm32cubeide_1.8.0/stm32cubeide/plugins/com.st.stm32cube.ide.mcu.externaltools.gnu-tools-for-stm32.10.3-2021.10.win32_1.0.0.202111181127/tools/bin/../lib/gcc/arm-none-eabi/10.3.1/../../../../arm-none-eabi/lib/thumb/v6-m/nofp\libc_nano.a
END GROUP
START GROUP
LOAD c:/st/stm32cubeide_1.8.0/stm32cubeide/plugins/com.st.stm32cube.ide.mcu.externaltools.gnu-tools-for-stm32.10.3-2021.10.win32_1.0.0.202111181127/tools/bin/../lib/gcc/arm-none-eabi/10.3.1/thumb/v6-m/nofp\libgcc.a
LOAD c:/st/stm32cubeide_1.8.0/stm32cubeide/plugins/com.st.stm32cube.ide.mcu.externaltools.gnu-tools-for-stm32.10.3-2021.10.win32_1.0.0.202111181127/tools/bin/../lib/gcc/arm-none-eabi/10.3.1/../../../../arm-none-eabi/lib/thumb/v6-m/nofp\libc_nano.a
LOAD c:/st/stm32cubeide_1.8.0/stm32cubeide/plugins/com.st.stm32cube.ide.mcu.externaltools.gnu-tools-for-stm32.10.3-2021.10.win32_1.0.0.202111181127/tools/bin/../lib/gcc/arm-none-eabi/10.3.1/../../../../arm-none-eabi/lib/thumb/v6-m/nofp\libnosys.a
END GROUP
START GROUP
LOAD c:/st/stm32cubeide_1.8.0/stm32cubeide/plugins/com.st.stm32cube.ide.mcu.externaltools.gnu-tools-for-stm32.10.3-2021.10.win32_1.0.0.202111181127/tools/bin/../lib/gcc/arm-none-eabi/10.3.1/thumb/v6-m/nofp\libgcc.a
LOAD c:/st/stm32cubeide_1.8.0/stm32cubeide/plugins/com.st.stm32cube.ide.mcu.externaltools.gnu-tools-for-stm32.10.3-2021.10.win32_1.0.0.202111181127/tools/bin/../lib/gcc/arm-none-eabi/10.3.1/../../../../arm-none-eabi/lib/thumb/v6-m/nofp\libc_nano.a
LOAD c:/st/stm32cubeide_1.8.0/stm32cubeide/plugins/com.st.stm32cube.ide.mcu.externaltools.gnu-tools-for-stm32.10.3-2021.10.win32_1.0.0.202111181127/tools/bin/../lib/gcc/arm-none-eabi/10.3.1/../../../../arm-none-eabi/lib/thumb/v6-m/nofp\libnosys.a
END GROUP
LOAD c:/st/stm32cubeide_1.8.0/stm32cubeide/plugins/com.st.stm32cube.ide.mcu.externaltools.gnu-tools-for-stm32.10.3-2021.10.win32_1.0.0.202111181127/tools/bin/../lib/gcc/arm-none-eabi/10.3.1/thumb/v6-m/nofp/crtend.o
LOAD c:/st/stm32cubeide_1.8.0/stm32cubeide/plugins/com.st.stm32cube.ide.mcu.externaltools.gnu-tools-for-stm32.10.3-2021.10.win32_1.0.0.202111181127/tools/bin/../lib/gcc/arm-none-eabi/10.3.1/thumb/v6-m/nofp/crtn.o
                0x0000000020001000                _estack = (ORIGIN (RAM) + LENGTH (RAM))
                0x0000000000000080                _Min_Heap_Size = 0x80
                0x0000000000000400                _Min_Stack_Size = 0x400

.isr_vector     0x0000000008000000       0xc0
                0x0000000008000000                . = ALIGN (0x4)
 *(.isr_vector)
 .isr_vector    0x0000000008000000       0xc0 ./Application/Startup/startup_stm32f031c6tx.o
                0x0000000008000000                g_pfnVectors
                0x00000000080000c0                . = ALIGN (0x4)

.text           0x00000000080000c0     0x6614
                0x00000000080000c0                . = ALIGN (0x4)
 *(.text)
 .text          0x00000000080000c0       0x48 c:/st/stm32cubeide_1.8.0/stm32cubeide/plugins/com.st.stm32cube.ide.mcu.externaltools.gnu-tools-for-stm32.10.3-2021.10.win32_1.0.0.202111181127/tools/bin/../lib/gcc/arm-none-eabi/10.3.1/thumb/v6-m/nofp/crtbegin.o
 .text          0x0000000008000108      0x114 c:/st/stm32cubeide_1.8.0/stm32cubeide/plugins/com.st.stm32cube.ide.mcu.externaltools.gnu-tools-for-stm32.10.3-2021.10.win32_1.0.0.202111181127/tools/bin/../lib/gcc/arm-none-eabi/10.3.1/thumb/v6-m/nofp\libgcc.a(_udivsi3.o)
                0x0000000008000108                __aeabi_uidiv
                0x0000000008000108                __udivsi3
                0x0000000008000214                __aeabi_uidivmod
 .text          0x000000000800021c      0x1d4 c:/st/stm32cubeide_1.8.0/stm32cubeide/plugins/com.st.stm32cube.ide.mcu.externaltools.gnu-tools-for-stm32.10.3-2021.10.win32_1.0.0.202111181127/tools/bin/../lib/gcc/arm-none-eabi/10.3.1/thumb/v6-m/nofp\libgcc.a(_divsi3.o)
                0x000000000800021c                __divsi3
                0x000000000800021c                __aeabi_idiv
                0x00000000080003e8                __aeabi_idivmod
 .text          0x00000000080003f0        0x4 c:/st/stm32cubeide_1.8.0/stm32cubeide/plugins/com.st.stm32cube.ide.mcu.externaltools.gnu-tools-for-stm32.10.3-2021.10.win32_1.0.0.202111181127/tools/bin/../lib/gcc/arm-none-eabi/10.3.1/thumb/v6-m/nofp\libgcc.a(_dvmd_tls.o)
                0x00000000080003f0                __aeabi_idiv0
                0x00000000080003f0                __aeabi_ldiv0
 *(.text*)
 .text.Reset_Handler
                0x00000000080003f4       0x50 ./Application/Startup/startup_stm32f031c6tx.o
                0x00000000080003f4                Reset_Handler
 .text.Default_Handler
                0x0000000008000444        0x2 ./Application/Startup/startup_stm32f031c6tx.o
                0x0000000008000444                TIM1_CC_IRQHandler
                0x0000000008000444                PVD_IRQHandler
                0x0000000008000444                PendSV_Handler
                0x0000000008000444                NMI_Handler
                0x0000000008000444                I2C1_IRQHandler
                0x0000000008000444                SPI1_IRQHandler
                0x0000000008000444                EXTI2_3_IRQHandler
                0x0000000008000444                ADC1_IRQHandler
                0x0000000008000444                TIM17_IRQHandler
                0x0000000008000444                RTC_IRQHandler
                0x0000000008000444                TIM16_IRQHandler
                0x0000000008000444                TIM3_IRQHandler
                0x0000000008000444                EXTI4_15_IRQHandler
                0x0000000008000444                RCC_IRQHandler
                0x0000000008000444                Default_Handler
                0x0000000008000444                TIM14_IRQHandler
                0x0000000008000444                SVC_Handler
                0x0000000008000444                WWDG_IRQHandler
                0x0000000008000444                DMA1_Channel2_3_IRQHandler
                0x0000000008000444                FLASH_IRQHandler
 *fill*         0x0000000008000446        0x2 
 .text.SystemClock_Config
                0x0000000008000448       0x84 ./Application/User/main.o
                0x0000000008000448                SystemClock_Config
 .text.startup.main
                0x00000000080004cc      0x3a0 ./Application/User/main.o
                0x00000000080004cc                main
 .text.Error_Handler
                0x000000000800086c        0x4 ./Application/User/main.o
                0x000000000800086c                Error_Handler
 .text.MC_StartMotor1
                0x0000000008000870       0x10 ./Application/User/mc_api.o
                0x0000000008000870                MC_StartMotor1
 .text.MC_StopMotor1
                0x0000000008000880       0x10 ./Application/User/mc_api.o
                0x0000000008000880                MC_StopMotor1
 .text.MC_GetSTMStateMotor1
                0x0000000008000890       0x10 ./Application/User/mc_api.o
                0x0000000008000890                MC_GetSTMStateMotor1
 .text.MCI_Init
                0x00000000080008a0       0x14 ./Application/User/mc_interface.o
                0x00000000080008a0                MCI_Init
 .text.MCI_ExecSpeedRamp
                0x00000000080008b4       0x10 ./Application/User/mc_interface.o
                0x00000000080008b4                MCI_ExecSpeedRamp
 .text.MCI_ExecTorqueRamp
                0x00000000080008c4       0x10 ./Application/User/mc_interface.o
                0x00000000080008c4                MCI_ExecTorqueRamp
 .text.MCI_SetCurrentReferences
                0x00000000080008d4       0x14 ./Application/User/mc_interface.o
                0x00000000080008d4                MCI_SetCurrentReferences
 .text.MCI_StartMotor
                0x00000000080008e8       0x18 ./Application/User/mc_interface.o
                0x00000000080008e8                MCI_StartMotor
 .text.MCI_StopMotor
                0x0000000008000900        0xc ./Application/User/mc_interface.o
                0x0000000008000900                MCI_StopMotor
 .text.MCI_FaultAcknowledged
                0x000000000800090c        0xc ./Application/User/mc_interface.o
                0x000000000800090c                MCI_FaultAcknowledged
 .text.MCI_EncoderAlign
                0x0000000008000918        0xc ./Application/User/mc_interface.o
                0x0000000008000918                MCI_EncoderAlign
 .text.MCI_ExecBufferedCommands
                0x0000000008000924       0x7c ./Application/User/mc_interface.o
                0x0000000008000924                MCI_ExecBufferedCommands
 .text.MCI_GetSTMState
                0x00000000080009a0        0xc ./Application/User/mc_interface.o
                0x00000000080009a0                MCI_GetSTMState
 .text.MCI_GetControlMode
                0x00000000080009ac        0x4 ./Application/User/mc_interface.o
                0x00000000080009ac                MCI_GetControlMode
 .text.MCI_GetLastRampFinalSpeed
                0x00000000080009b0       0x10 ./Application/User/mc_interface.o
                0x00000000080009b0                MCI_GetLastRampFinalSpeed
 .text.MCI_StopRamp
                0x00000000080009c0        0xc ./Application/User/mc_interface.o
                0x00000000080009c0                MCI_StopRamp
 .text.MCI_GetAvrgMecSpeedUnit
                0x00000000080009cc       0x10 ./Application/User/mc_interface.o
                0x00000000080009cc                MCI_GetAvrgMecSpeedUnit
 .text.MCI_GetMecSpeedRefUnit
                0x00000000080009dc        0xc ./Application/User/mc_interface.o
                0x00000000080009dc                MCI_GetMecSpeedRefUnit
 .text.MCI_GetIab
                0x00000000080009e8       0x20 ./Application/User/mc_interface.o
                0x00000000080009e8                MCI_GetIab
 .text.MCI_GetIalphabeta
                0x0000000008000a08       0x20 ./Application/User/mc_interface.o
                0x0000000008000a08                MCI_GetIalphabeta
 .text.MCI_GetIqd
                0x0000000008000a28       0x20 ./Application/User/mc_interface.o
                0x0000000008000a28                MCI_GetIqd
 .text.MCI_GetIqdref
                0x0000000008000a48       0x20 ./Application/User/mc_interface.o
                0x0000000008000a48                MCI_GetIqdref
 .text.MCI_GetVqd
                0x0000000008000a68       0x20 ./Application/User/mc_interface.o
                0x0000000008000a68                MCI_GetVqd
 .text.MCI_GetValphabeta
                0x0000000008000a88       0x20 ./Application/User/mc_interface.o
                0x0000000008000a88                MCI_GetValphabeta
 .text.MCI_GetTeref
                0x0000000008000aa8        0x8 ./Application/User/mc_interface.o
                0x0000000008000aa8                MCI_GetTeref
 .text.MCI_SetIdref
                0x0000000008000ab0        0x8 ./Application/User/mc_interface.o
                0x0000000008000ab0                MCI_SetIdref
 .text.MCI_Clear_Iqdref
                0x0000000008000ab8       0x14 ./Application/User/mc_interface.o
                0x0000000008000ab8                MCI_Clear_Iqdref
 .text.MCM_Clarke
                0x0000000008000acc       0x58 ./Application/User/mc_math.o
                0x0000000008000acc                MCM_Clarke
 .text.MCM_Trig_Functions
                0x0000000008000b24       0x9c ./Application/User/mc_math.o
                0x0000000008000b24                MCM_Trig_Functions
 .text.MCM_Park
                0x0000000008000bc0       0xa0 ./Application/User/mc_math.o
                0x0000000008000bc0                MCM_Park
 .text.MCM_Rev_Park
                0x0000000008000c60       0x34 ./Application/User/mc_math.o
                0x0000000008000c60                MCM_Rev_Park
 .text.FOC_Clear
                0x0000000008000c94       0x64 ./Application/User/mc_tasks.o
                0x0000000008000c94                FOC_Clear
 .text.MCboot   0x0000000008000cf8      0x1d8 ./Application/User/mc_tasks.o
                0x0000000008000cf8                MCboot
 .text.FOC_InitAdditionalMethods
                0x0000000008000ed0        0x4 ./Application/User/mc_tasks.o
                0x0000000008000ed0                FOC_InitAdditionalMethods
 .text.FOC_CalcCurrRef
                0x0000000008000ed4       0x30 ./Application/User/mc_tasks.o
                0x0000000008000ed4                FOC_CalcCurrRef
 .text.TSK_SetChargeBootCapDelayM1
                0x0000000008000f04        0xc ./Application/User/mc_tasks.o
                0x0000000008000f04                TSK_SetChargeBootCapDelayM1
 .text.TSK_ChargeBootCapDelayHasElapsedM1
                0x0000000008000f10       0x10 ./Application/User/mc_tasks.o
                0x0000000008000f10                TSK_ChargeBootCapDelayHasElapsedM1
 .text.TSK_SetStopPermanencyTimeM1
                0x0000000008000f20        0xc ./Application/User/mc_tasks.o
                0x0000000008000f20                TSK_SetStopPermanencyTimeM1
 .text.TSK_StopPermanencyTimeHasElapsedM1
                0x0000000008000f2c       0x10 ./Application/User/mc_tasks.o
                0x0000000008000f2c                TSK_StopPermanencyTimeHasElapsedM1
 .text.TSK_MediumFrequencyTaskM1
                0x0000000008000f3c      0x174 ./Application/User/mc_tasks.o
                0x0000000008000f3c                TSK_MediumFrequencyTaskM1
 .text.MC_Scheduler
                0x00000000080010b0       0x58 ./Application/User/mc_tasks.o
                0x00000000080010b0                MC_Scheduler
 .text.TSK_HighFrequencyTask
                0x0000000008001108      0x140 ./Application/User/mc_tasks.o
                0x0000000008001108                TSK_HighFrequencyTask
 .text.TSK_SafetyTask_PWMOFF
                0x0000000008001248       0xa0 ./Application/User/mc_tasks.o
                0x0000000008001248                TSK_SafetyTask_PWMOFF
 .text.TSK_SafetyTask
                0x00000000080012e8       0x1c ./Application/User/mc_tasks.o
                0x00000000080012e8                TSK_SafetyTask
 .text.MC_RunMotorControlTasks
                0x0000000008001304       0x20 ./Application/User/mc_tasks.o
                0x0000000008001304                MC_RunMotorControlTasks
 .text.TSK_HardwareFaultTask
                0x0000000008001324       0x20 ./Application/User/mc_tasks.o
                0x0000000008001324                TSK_HardwareFaultTask
 .text.mc_lock_pins
                0x0000000008001344      0x124 ./Application/User/mc_tasks.o
                0x0000000008001344                mc_lock_pins
 .text.MCP_ReceivedFrame
                0x0000000008001468      0x370 ./Application/User/motor_control_protocol.o
                0x0000000008001468                MCP_ReceivedFrame
 .text.MCP_WaitNextFrame
                0x00000000080017d8       0x18 ./Application/User/motor_control_protocol.o
                0x00000000080017d8                MCP_WaitNextFrame
 .text.MCP_Init
                0x00000000080017f0       0x40 ./Application/User/motor_control_protocol.o
                0x00000000080017f0                MCP_Init
 .text.MCP_OnTimeOut
                0x0000000008001830        0x8 ./Application/User/motor_control_protocol.o
                0x0000000008001830                MCP_OnTimeOut
 .text.MCP_SentFrame
                0x0000000008001838        0x8 ./Application/User/motor_control_protocol.o
                0x0000000008001838                MCP_SentFrame
 .text.MX_MotorControl_Init
                0x0000000008001840       0x48 ./Application/User/motorcontrol.o
                0x0000000008001840                MX_MotorControl_Init
 .text.RCM_RegisterRegConv
                0x0000000008001888      0x134 ./Application/User/regular_conversion_manager.o
                0x0000000008001888                RCM_RegisterRegConv
 .text.RCM_ExecRegularConv
                0x00000000080019bc      0x180 ./Application/User/regular_conversion_manager.o
                0x00000000080019bc                RCM_ExecRegularConv
 .text.RCM_ExecUserConv
                0x0000000008001b3c       0x5c ./Application/User/regular_conversion_manager.o
                0x0000000008001b3c                RCM_ExecUserConv
 .text.RCM_ExecNextConv
                0x0000000008001b98       0x7c ./Application/User/regular_conversion_manager.o
                0x0000000008001b98                RCM_ExecNextConv
 .text.RCM_ReadOngoingConv
                0x0000000008001c14       0x50 ./Application/User/regular_conversion_manager.o
                0x0000000008001c14                RCM_ReadOngoingConv
 .text.HAL_MspInit
                0x0000000008001c64       0x30 ./Application/User/stm32f0xx_hal_msp.o
                0x0000000008001c64                HAL_MspInit
 .text.HAL_ADC_MspInit
                0x0000000008001c94       0xc8 ./Application/User/stm32f0xx_hal_msp.o
                0x0000000008001c94                HAL_ADC_MspInit
 .text.HAL_TIM_PWM_MspInit
                0x0000000008001d5c       0x68 ./Application/User/stm32f0xx_hal_msp.o
                0x0000000008001d5c                HAL_TIM_PWM_MspInit
 .text.HAL_TIM_Base_MspInit
                0x0000000008001dc4       0x64 ./Application/User/stm32f0xx_hal_msp.o
                0x0000000008001dc4                HAL_TIM_Base_MspInit
 .text.HAL_TIM_MspPostInit
                0x0000000008001e28       0x88 ./Application/User/stm32f0xx_hal_msp.o
                0x0000000008001e28                HAL_TIM_MspPostInit
 .text.HAL_UART_MspInit
                0x0000000008001eb0       0x60 ./Application/User/stm32f0xx_hal_msp.o
                0x0000000008001eb0                HAL_UART_MspInit
 .text.DMA1_Channel1_IRQHandler
                0x0000000008001f10       0x14 ./Application/User/stm32f0xx_mc_it.o
                0x0000000008001f10                DMA1_Channel1_IRQHandler
 .text.TIM1_BRK_UP_TRG_COM_IRQHandler
                0x0000000008001f24       0x48 ./Application/User/stm32f0xx_mc_it.o
                0x0000000008001f24                TIM1_BRK_UP_TRG_COM_IRQHandler
 .text.DMA1_Channel4_5_IRQHandler
                0x0000000008001f6c       0x14 ./Application/User/stm32f0xx_mc_it.o
                0x0000000008001f6c                DMA1_Channel4_5_IRQHandler
 .text.TIM2_IRQHandler
                0x0000000008001f80       0x34 ./Application/User/stm32f0xx_mc_it.o
                0x0000000008001f80                TIM2_IRQHandler
 .text.USART1_IRQHandler
                0x0000000008001fb4       0x6c ./Application/User/stm32f0xx_mc_it.o
                0x0000000008001fb4                USART1_IRQHandler
 .text.HardFault_Handler
                0x0000000008002020       0x6c ./Application/User/stm32f0xx_mc_it.o
                0x0000000008002020                HardFault_Handler
 .text.SysTick_Handler
                0x000000000800208c       0x28 ./Application/User/stm32f0xx_mc_it.o
                0x000000000800208c                SysTick_Handler
 .text.EXTI0_1_IRQHandler
                0x00000000080020b4       0x1c ./Application/User/stm32f0xx_mc_it.o
                0x00000000080020b4                EXTI0_1_IRQHandler
 .text.UI_TaskInit
                0x00000000080020d0       0x84 ./Application/User/ui_task.o
                0x00000000080020d0                UI_TaskInit
 .text.UI_Scheduler
                0x0000000008002154       0x40 ./Application/User/ui_task.o
                0x0000000008002154                UI_Scheduler
 .text.UI_SerialCommunicationTimeOutStop
                0x0000000008002194        0xc ./Application/User/ui_task.o
                0x0000000008002194                UI_SerialCommunicationTimeOutStop
 .text.UI_SerialCommunicationTimeOutStart
                0x00000000080021a0        0xc ./Application/User/ui_task.o
                0x00000000080021a0                UI_SerialCommunicationTimeOutStart
 .text.UI_HandleStartStopButton_cb
                0x00000000080021ac       0x18 ./Application/User/ui_task.o
                0x00000000080021ac                UI_HandleStartStopButton_cb
 .text.UI_Init  0x00000000080021c4       0x10 ./Application/User/user_interface.o
                0x00000000080021c4                UI_Init
 .text.UI_SelectMC
                0x00000000080021d4       0x10 ./Application/User/user_interface.o
                0x00000000080021d4                UI_SelectMC
 .text.UI_GetSelectedMC
                0x00000000080021e4        0x4 ./Application/User/user_interface.o
                0x00000000080021e4                UI_GetSelectedMC
 .text.UI_SetReg
                0x00000000080021e8      0x240 ./Application/User/user_interface.o
                0x00000000080021e8                UI_SetReg
 .text.UI_GetReg
                0x0000000008002428      0x484 ./Application/User/user_interface.o
                0x0000000008002428                UI_GetReg
 .text.UI_ExecCmd
                0x00000000080028ac       0x74 ./Application/User/user_interface.o
                0x00000000080028ac                UI_ExecCmd
 .text.UI_ExecSpeedRamp
                0x0000000008002920       0x24 ./Application/User/user_interface.o
                0x0000000008002920                UI_ExecSpeedRamp
 .text.UI_ExecTorqueRamp
                0x0000000008002944       0x14 ./Application/User/user_interface.o
                0x0000000008002944                UI_ExecTorqueRamp
 .text.UI_GetRevupData
                0x0000000008002958       0x3c ./Application/User/user_interface.o
                0x0000000008002958                UI_GetRevupData
 .text.UI_SetRevupData
                0x0000000008002994       0x38 ./Application/User/user_interface.o
                0x0000000008002994                UI_SetRevupData
 .text.UI_SetCurrentReferences
                0x00000000080029cc       0x1c ./Application/User/user_interface.o
                0x00000000080029cc                UI_SetCurrentReferences
 .text.UI_GetMPInfo
                0x00000000080029e8        0x4 ./Application/User/user_interface.o
                0x00000000080029e8                UI_GetMPInfo
 .text.SystemInit
                0x00000000080029ec        0x4 ./Drivers/CMSIS/system_stm32f0xx.o
                0x00000000080029ec                SystemInit
 .text.HAL_InitTick
                0x00000000080029f0       0x4c ./Drivers/STM32F0xx_HAL_Driver/stm32f0xx_hal.o
                0x00000000080029f0                HAL_InitTick
 .text.HAL_Init
                0x0000000008002a3c       0x20 ./Drivers/STM32F0xx_HAL_Driver/stm32f0xx_hal.o
                0x0000000008002a3c                HAL_Init
 .text.HAL_IncTick
                0x0000000008002a5c       0x18 ./Drivers/STM32F0xx_HAL_Driver/stm32f0xx_hal.o
                0x0000000008002a5c                HAL_IncTick
 .text.HAL_GetTick
                0x0000000008002a74        0xc ./Drivers/STM32F0xx_HAL_Driver/stm32f0xx_hal.o
                0x0000000008002a74                HAL_GetTick
 .text.HAL_ADC_Init
                0x0000000008002a80      0x154 ./Drivers/STM32F0xx_HAL_Driver/stm32f0xx_hal_adc.o
                0x0000000008002a80                HAL_ADC_Init
 .text.HAL_ADC_ConfigChannel
                0x0000000008002bd4      0x124 ./Drivers/STM32F0xx_HAL_Driver/stm32f0xx_hal_adc.o
                0x0000000008002bd4                HAL_ADC_ConfigChannel
 .text.HAL_NVIC_SetPriority
                0x0000000008002cf8       0x64 ./Drivers/STM32F0xx_HAL_Driver/stm32f0xx_hal_cortex.o
                0x0000000008002cf8                HAL_NVIC_SetPriority
 .text.HAL_NVIC_EnableIRQ
                0x0000000008002d5c       0x18 ./Drivers/STM32F0xx_HAL_Driver/stm32f0xx_hal_cortex.o
                0x0000000008002d5c                HAL_NVIC_EnableIRQ
 .text.HAL_SYSTICK_Config
                0x0000000008002d74       0x34 ./Drivers/STM32F0xx_HAL_Driver/stm32f0xx_hal_cortex.o
                0x0000000008002d74                HAL_SYSTICK_Config
 .text.HAL_SYSTICK_Callback
                0x0000000008002da8        0x4 ./Drivers/STM32F0xx_HAL_Driver/stm32f0xx_hal_cortex.o
                0x0000000008002da8                HAL_SYSTICK_Callback
 .text.HAL_SYSTICK_IRQHandler
                0x0000000008002dac        0x8 ./Drivers/STM32F0xx_HAL_Driver/stm32f0xx_hal_cortex.o
                0x0000000008002dac                HAL_SYSTICK_IRQHandler
 .text.HAL_DMA_Init
                0x0000000008002db4       0x68 ./Drivers/STM32F0xx_HAL_Driver/stm32f0xx_hal_dma.o
                0x0000000008002db4                HAL_DMA_Init
 .text.HAL_GPIO_Init
                0x0000000008002e1c      0x218 ./Drivers/STM32F0xx_HAL_Driver/stm32f0xx_hal_gpio.o
                0x0000000008002e1c                HAL_GPIO_Init
 .text.HAL_GPIO_WritePin
                0x0000000008003034        0xc ./Drivers/STM32F0xx_HAL_Driver/stm32f0xx_hal_gpio.o
                0x0000000008003034                HAL_GPIO_WritePin
 .text.HAL_RCC_OscConfig
                0x0000000008003040      0x4b4 ./Drivers/STM32F0xx_HAL_Driver/stm32f0xx_hal_rcc.o
                0x0000000008003040                HAL_RCC_OscConfig
 .text.HAL_RCC_ClockConfig
                0x00000000080034f4      0x17c ./Drivers/STM32F0xx_HAL_Driver/stm32f0xx_hal_rcc.o
                0x00000000080034f4                HAL_RCC_ClockConfig
 .text.HAL_RCC_EnableCSS
                0x0000000008003670       0x14 ./Drivers/STM32F0xx_HAL_Driver/stm32f0xx_hal_rcc.o
                0x0000000008003670                HAL_RCC_EnableCSS
 .text.HAL_RCC_GetSysClockFreq
                0x0000000008003684       0x70 ./Drivers/STM32F0xx_HAL_Driver/stm32f0xx_hal_rcc.o
                0x0000000008003684                HAL_RCC_GetSysClockFreq
 .text.HAL_RCC_GetHCLKFreq
                0x00000000080036f4        0xc ./Drivers/STM32F0xx_HAL_Driver/stm32f0xx_hal_rcc.o
                0x00000000080036f4                HAL_RCC_GetHCLKFreq
 .text.HAL_RCC_GetPCLK1Freq
                0x0000000008003700       0x20 ./Drivers/STM32F0xx_HAL_Driver/stm32f0xx_hal_rcc.o
                0x0000000008003700                HAL_RCC_GetPCLK1Freq
 .text.HAL_RCCEx_PeriphCLKConfig
                0x0000000008003720      0x13c ./Drivers/STM32F0xx_HAL_Driver/stm32f0xx_hal_rcc_ex.o
                0x0000000008003720                HAL_RCCEx_PeriphCLKConfig
 .text.HAL_TIM_Base_Init
                0x000000000800385c       0xf0 ./Drivers/STM32F0xx_HAL_Driver/stm32f0xx_hal_tim.o
                0x000000000800385c                HAL_TIM_Base_Init
 .text.HAL_TIM_PWM_Init
                0x000000000800394c       0xf0 ./Drivers/STM32F0xx_HAL_Driver/stm32f0xx_hal_tim.o
                0x000000000800394c                HAL_TIM_PWM_Init
 .text.HAL_TIM_PWM_ConfigChannel
                0x0000000008003a3c      0x244 ./Drivers/STM32F0xx_HAL_Driver/stm32f0xx_hal_tim.o
                0x0000000008003a3c                HAL_TIM_PWM_ConfigChannel
 .text.HAL_TIM_ConfigClockSource
                0x0000000008003c80      0x178 ./Drivers/STM32F0xx_HAL_Driver/stm32f0xx_hal_tim.o
                0x0000000008003c80                HAL_TIM_ConfigClockSource
 .text.TIM_Base_SetConfig
                0x0000000008003df8       0x94 ./Drivers/STM32F0xx_HAL_Driver/stm32f0xx_hal_tim.o
                0x0000000008003df8                TIM_Base_SetConfig
 .text.TIM_OC2_SetConfig
                0x0000000008003e8c       0x78 ./Drivers/STM32F0xx_HAL_Driver/stm32f0xx_hal_tim.o
                0x0000000008003e8c                TIM_OC2_SetConfig
 .text.TIM_TI1_SetConfig
                0x0000000008003f04       0x54 ./Drivers/STM32F0xx_HAL_Driver/stm32f0xx_hal_tim.o
                0x0000000008003f04                TIM_TI1_SetConfig
 .text.HAL_TIMEx_HallSensor_MspInit
                0x0000000008003f58        0x4 ./Drivers/STM32F0xx_HAL_Driver/stm32f0xx_hal_tim_ex.o
                0x0000000008003f58                HAL_TIMEx_HallSensor_MspInit
 .text.HAL_TIMEx_HallSensor_Init
                0x0000000008003f5c       0xc0 ./Drivers/STM32F0xx_HAL_Driver/stm32f0xx_hal_tim_ex.o
                0x0000000008003f5c                HAL_TIMEx_HallSensor_Init
 .text.HAL_TIMEx_MasterConfigSynchronization
                0x000000000800401c       0x5c ./Drivers/STM32F0xx_HAL_Driver/stm32f0xx_hal_tim_ex.o
                0x000000000800401c                HAL_TIMEx_MasterConfigSynchronization
 .text.HAL_TIMEx_ConfigBreakDeadTime
                0x0000000008004078       0x64 ./Drivers/STM32F0xx_HAL_Driver/stm32f0xx_hal_tim_ex.o
                0x0000000008004078                HAL_TIMEx_ConfigBreakDeadTime
 .text.UART_AdvFeatureConfig
                0x00000000080040dc       0xd0 ./Drivers/STM32F0xx_HAL_Driver/stm32f0xx_hal_uart.o
                0x00000000080040dc                UART_AdvFeatureConfig
 .text.UART_WaitOnFlagUntilTimeout
                0x00000000080041ac       0xf0 ./Drivers/STM32F0xx_HAL_Driver/stm32f0xx_hal_uart.o
                0x00000000080041ac                UART_WaitOnFlagUntilTimeout
 .text.HAL_UART_Init
                0x000000000800429c      0x200 ./Drivers/STM32F0xx_HAL_Driver/stm32f0xx_hal_uart.o
                0x000000000800429c                HAL_UART_Init
 .text.VBS_GetAvBusVoltage_d
                0x000000000800449c        0x4 ./Middlewares/MotorControl/bus_voltage_sensor.o
                0x000000000800449c                VBS_GetAvBusVoltage_d
 .text.VBS_GetAvBusVoltage_V
                0x00000000080044a0        0xc ./Middlewares/MotorControl/bus_voltage_sensor.o
                0x00000000080044a0                VBS_GetAvBusVoltage_V
 .text.Circle_Limitation
                0x00000000080044ac       0x58 ./Middlewares/MotorControl/circle_limitation.o
                0x00000000080044ac                Circle_Limitation
 .text.FCP_Init
                0x0000000008004504       0x24 ./Middlewares/MotorControl/frame_communication_protocol.o
                0x0000000008004504                FCP_Init
 .text.FCP_SetClient
                0x0000000008004528       0x10 ./Middlewares/MotorControl/frame_communication_protocol.o
                0x0000000008004528                FCP_SetClient
 .text.FCP_CalcCRC
                0x0000000008004538       0x30 ./Middlewares/MotorControl/frame_communication_protocol.o
                0x0000000008004538                FCP_CalcCRC
 .text.HALL_Init
                0x0000000008004568      0x118 ./Middlewares/MotorControl/hall_speed_pos_fdbk.o
                0x0000000008004568                HALL_Init
 .text.HALL_Clear
                0x0000000008004680      0x154 ./Middlewares/MotorControl/hall_speed_pos_fdbk.o
                0x0000000008004680                HALL_Clear
 .text.HALL_CalcElAngle
                0x00000000080047d4       0x3c ./Middlewares/MotorControl/hall_speed_pos_fdbk.o
                0x00000000080047d4                HALL_CalcElAngle
 .text.HALL_CalcAvrgMecSpeedUnit
                0x0000000008004810       0x9c ./Middlewares/MotorControl/hall_speed_pos_fdbk.o
                0x0000000008004810                HALL_CalcAvrgMecSpeedUnit
 .text.HALL_TIMx_CC_IRQHandler
                0x00000000080048ac      0x314 ./Middlewares/MotorControl/hall_speed_pos_fdbk.o
                0x00000000080048ac                HALL_TIMx_CC_IRQHandler
 .text.HALL_TIMx_UP_IRQHandler
                0x0000000008004bc0      0x18c ./Middlewares/MotorControl/hall_speed_pos_fdbk.o
                0x0000000008004bc0                HALL_TIMx_UP_IRQHandler
 .text.MPM_Clear
                0x0000000008004d4c       0x1c ./Middlewares/MotorControl/motor_power_measurement.o
                0x0000000008004d4c                MPM_Clear
 .text.MPM_CalcElMotorPower
                0x0000000008004d68       0x48 ./Middlewares/MotorControl/motor_power_measurement.o
                0x0000000008004d68                MPM_CalcElMotorPower
 .text.MPM_GetAvrgElMotorPowerW
                0x0000000008004db0        0x8 ./Middlewares/MotorControl/motor_power_measurement.o
                0x0000000008004db0                MPM_GetAvrgElMotorPowerW
 .text.NTC_SetFaultState
                0x0000000008004db8       0x1c ./Middlewares/MotorControl/ntc_temperature_sensor.o
                0x0000000008004db8                NTC_SetFaultState
 .text.NTC_Clear
                0x0000000008004dd4        0x8 ./Middlewares/MotorControl/ntc_temperature_sensor.o
                0x0000000008004dd4                NTC_Clear
 .text.NTC_Init
                0x0000000008004ddc       0x28 ./Middlewares/MotorControl/ntc_temperature_sensor.o
                0x0000000008004ddc                NTC_Init
 .text.NTC_CalcAvTemp
                0x0000000008004e04       0x40 ./Middlewares/MotorControl/ntc_temperature_sensor.o
                0x0000000008004e04                NTC_CalcAvTemp
 .text.NTC_GetAvTemp_C
                0x0000000008004e44       0x28 ./Middlewares/MotorControl/ntc_temperature_sensor.o
                0x0000000008004e44                NTC_GetAvTemp_C
 .text.PID_HandleInit
                0x0000000008004e6c       0x10 ./Middlewares/MotorControl/pid_regulator.o
                0x0000000008004e6c                PID_HandleInit
 .text.PID_SetKP
                0x0000000008004e7c        0x4 ./Middlewares/MotorControl/pid_regulator.o
                0x0000000008004e7c                PID_SetKP
 .text.PID_SetKI
                0x0000000008004e80        0x4 ./Middlewares/MotorControl/pid_regulator.o
                0x0000000008004e80                PID_SetKI
 .text.PID_GetKP
                0x0000000008004e84        0x8 ./Middlewares/MotorControl/pid_regulator.o
                0x0000000008004e84                PID_GetKP
 .text.PID_GetKI
                0x0000000008004e8c        0x8 ./Middlewares/MotorControl/pid_regulator.o
                0x0000000008004e8c                PID_GetKI
 .text.PID_SetIntegralTerm
                0x0000000008004e94        0x4 ./Middlewares/MotorControl/pid_regulator.o
                0x0000000008004e94                PID_SetIntegralTerm
 .text.PID_GetKPDivisor
                0x0000000008004e98        0x4 ./Middlewares/MotorControl/pid_regulator.o
                0x0000000008004e98                PID_GetKPDivisor
 .text.PID_GetKIDivisor
                0x0000000008004e9c        0x4 ./Middlewares/MotorControl/pid_regulator.o
                0x0000000008004e9c                PID_GetKIDivisor
 .text.PID_SetKD
                0x0000000008004ea0        0x4 ./Middlewares/MotorControl/pid_regulator.o
                0x0000000008004ea0                PID_SetKD
 .text.PID_GetKD
                0x0000000008004ea4        0x8 ./Middlewares/MotorControl/pid_regulator.o
                0x0000000008004ea4                PID_GetKD
 .text.PI_Controller
                0x0000000008004eac       0x84 ./Middlewares/MotorControl/pid_regulator.o
                0x0000000008004eac                PI_Controller
 .text.PQD_CalcElMotorPower
                0x0000000008004f30       0x5c ./Middlewares/MotorControl/pqd_motor_power_measurement.o
                0x0000000008004f30                PQD_CalcElMotorPower
 .text.waitForPolarizationEnd
                0x0000000008004f8c       0x4c ./Middlewares/MotorControl/pwm_common.o
                0x0000000008004f8c                waitForPolarizationEnd
 .text.PWMC_GetPhaseCurrents
                0x0000000008004fd8        0x8 ./Middlewares/MotorControl/pwm_curr_fdbk.o
                0x0000000008004fd8                PWMC_GetPhaseCurrents
 .text.PWMC_SetPhaseVoltage
                0x0000000008004fe0      0x1f4 ./Middlewares/MotorControl/pwm_curr_fdbk.o
                0x0000000008004fe0                PWMC_SetPhaseVoltage
 .text.PWMC_SwitchOffPWM
                0x00000000080051d4        0x8 ./Middlewares/MotorControl/pwm_curr_fdbk.o
                0x00000000080051d4                PWMC_SwitchOffPWM
 .text.PWMC_CurrentReadingCalibr
                0x00000000080051dc       0x48 ./Middlewares/MotorControl/pwm_curr_fdbk.o
                0x00000000080051dc                PWMC_CurrentReadingCalibr
 .text.PWMC_CheckOverCurrent
                0x0000000008005224        0x8 ./Middlewares/MotorControl/pwm_curr_fdbk.o
                0x0000000008005224                PWMC_CheckOverCurrent
 .text.R3_1_GetPhaseCurrents
                0x000000000800522c      0x180 ./Middlewares/MotorControl/r3_f0xx_pwm_curr_fdbk.o
                0x000000000800522c                R3_1_GetPhaseCurrents
 .text.R3_1_HFCurrentsCalibrationAB
                0x00000000080053ac       0x4c ./Middlewares/MotorControl/r3_f0xx_pwm_curr_fdbk.o
                0x00000000080053ac                R3_1_HFCurrentsCalibrationAB
 .text.R3_1_HFCurrentsCalibrationC
                0x00000000080053f8       0x48 ./Middlewares/MotorControl/r3_f0xx_pwm_curr_fdbk.o
                0x00000000080053f8                R3_1_HFCurrentsCalibrationC
 .text.R3_1_Init
                0x0000000008005440      0x110 ./Middlewares/MotorControl/r3_f0xx_pwm_curr_fdbk.o
                0x0000000008005440                R3_1_Init
 .text.R3_1_WriteTIMRegisters
                0x0000000008005550       0x30 ./Middlewares/MotorControl/r3_f0xx_pwm_curr_fdbk.o
                0x0000000008005550                R3_1_WriteTIMRegisters
 .text.R3_1_SetADCSampPointCalibration
                0x0000000008005580       0x20 ./Middlewares/MotorControl/r3_f0xx_pwm_curr_fdbk.o
                0x0000000008005580                R3_1_SetADCSampPointCalibration
 .text.R3_1_SetADCSampPointSectX
                0x00000000080055a0       0x54 ./Middlewares/MotorControl/r3_f0xx_pwm_curr_fdbk.o
                0x00000000080055a0                R3_1_SetADCSampPointSectX
 .text.R3_1_TurnOnLowSides
                0x00000000080055f4       0x48 ./Middlewares/MotorControl/r3_f0xx_pwm_curr_fdbk.o
                0x00000000080055f4                R3_1_TurnOnLowSides
 .text.R3_1_SwitchOnPWM
                0x000000000800563c       0xec ./Middlewares/MotorControl/r3_f0xx_pwm_curr_fdbk.o
                0x000000000800563c                R3_1_SwitchOnPWM
 .text.R3_1_SwitchOffPWM
                0x0000000008005728       0xa8 ./Middlewares/MotorControl/r3_f0xx_pwm_curr_fdbk.o
                0x0000000008005728                R3_1_SwitchOffPWM
 .text.R3_1_CurrentReadingCalibration
                0x00000000080057d0      0x124 ./Middlewares/MotorControl/r3_f0xx_pwm_curr_fdbk.o
                0x00000000080057d0                R3_1_CurrentReadingCalibration
 .text.R3_1_TIMx_UP_IRQHandler
                0x00000000080058f4       0x7c ./Middlewares/MotorControl/r3_f0xx_pwm_curr_fdbk.o
                0x00000000080058f4                R3_1_TIMx_UP_IRQHandler
 .text.F0XX_BRK_IRQHandler
                0x0000000008005970       0x28 ./Middlewares/MotorControl/r3_f0xx_pwm_curr_fdbk.o
                0x0000000008005970                F0XX_BRK_IRQHandler
 .text.R3_1_IsOverCurrentOccurred
                0x0000000008005998       0x2c ./Middlewares/MotorControl/r3_f0xx_pwm_curr_fdbk.o
                0x0000000008005998                R3_1_IsOverCurrentOccurred
 .text.RVBS_Clear
                0x00000000080059c4       0x30 ./Middlewares/MotorControl/r_divider_bus_voltage_sensor.o
                0x00000000080059c4                RVBS_Clear
 .text.RVBS_Init
                0x00000000080059f4       0x18 ./Middlewares/MotorControl/r_divider_bus_voltage_sensor.o
                0x00000000080059f4                RVBS_Init
 .text.RVBS_CheckFaultState
                0x0000000008005a0c       0x18 ./Middlewares/MotorControl/r_divider_bus_voltage_sensor.o
                0x0000000008005a0c                RVBS_CheckFaultState
 .text.RVBS_CalcAvVbus
                0x0000000008005a24       0x68 ./Middlewares/MotorControl/r_divider_bus_voltage_sensor.o
                0x0000000008005a24                RVBS_CalcAvVbus
 .text.REMNG_Init
                0x0000000008005a8c       0x18 ./Middlewares/MotorControl/ramp_ext_mngr.o
                0x0000000008005a8c                REMNG_Init
 .text.SPD_GetElAngle
                0x0000000008005aa4        0x8 ./Middlewares/MotorControl/speed_pos_fdbk.o
                0x0000000008005aa4                SPD_GetElAngle
 .text.SPD_GetAvrgMecSpeedUnit
                0x0000000008005aac        0x8 ./Middlewares/MotorControl/speed_pos_fdbk.o
                0x0000000008005aac                SPD_GetAvrgMecSpeedUnit
 .text.SPD_GetInstElSpeedDpp
                0x0000000008005ab4        0x8 ./Middlewares/MotorControl/speed_pos_fdbk.o
                0x0000000008005ab4                SPD_GetInstElSpeedDpp
 .text.SPD_IsMecSpeedReliable
                0x0000000008005abc       0x60 ./Middlewares/MotorControl/speed_pos_fdbk.o
                0x0000000008005abc                SPD_IsMecSpeedReliable
 .text.SPD_GetS16Speed
                0x0000000008005b1c       0x18 ./Middlewares/MotorControl/speed_pos_fdbk.o
                0x0000000008005b1c                SPD_GetS16Speed
 .text.STC_Init
                0x0000000008005b34       0x24 ./Middlewares/MotorControl/speed_torq_ctrl.o
                0x0000000008005b34                STC_Init
 .text.STC_GetSpeedSensor
                0x0000000008005b58        0x4 ./Middlewares/MotorControl/speed_torq_ctrl.o
                0x0000000008005b58                STC_GetSpeedSensor
 .text.STC_Clear
                0x0000000008005b5c       0x14 ./Middlewares/MotorControl/speed_torq_ctrl.o
                0x0000000008005b5c                STC_Clear
 .text.STC_GetMecSpeedRefUnit
                0x0000000008005b70       0x10 ./Middlewares/MotorControl/speed_torq_ctrl.o
                0x0000000008005b70                STC_GetMecSpeedRefUnit
 .text.STC_GetTorqueRef
                0x0000000008005b80       0x10 ./Middlewares/MotorControl/speed_torq_ctrl.o
                0x0000000008005b80                STC_GetTorqueRef
 .text.STC_SetControlMode
                0x0000000008005b90        0x8 ./Middlewares/MotorControl/speed_torq_ctrl.o
                0x0000000008005b90                STC_SetControlMode
 .text.STC_ExecRamp
                0x0000000008005b98       0x8c ./Middlewares/MotorControl/speed_torq_ctrl.o
                0x0000000008005b98                STC_ExecRamp
 .text.STC_StopRamp
                0x0000000008005c24        0x8 ./Middlewares/MotorControl/speed_torq_ctrl.o
                0x0000000008005c24                STC_StopRamp
 .text.STC_CalcTorqueReference
                0x0000000008005c2c       0x70 ./Middlewares/MotorControl/speed_torq_ctrl.o
                0x0000000008005c2c                STC_CalcTorqueReference
 .text.STC_GetMecSpeedRefUnitDefault
                0x0000000008005c9c        0x8 ./Middlewares/MotorControl/speed_torq_ctrl.o
                0x0000000008005c9c                STC_GetMecSpeedRefUnitDefault
 .text.STC_GetMaxAppPositiveMecSpeedUnit
                0x0000000008005ca4        0x4 ./Middlewares/MotorControl/speed_torq_ctrl.o
                0x0000000008005ca4                STC_GetMaxAppPositiveMecSpeedUnit
 .text.STC_GetMinAppNegativeMecSpeedUnit
                0x0000000008005ca8        0x8 ./Middlewares/MotorControl/speed_torq_ctrl.o
                0x0000000008005ca8                STC_GetMinAppNegativeMecSpeedUnit
 .text.STC_GetDefaultIqdref
                0x0000000008005cb0       0x10 ./Middlewares/MotorControl/speed_torq_ctrl.o
                0x0000000008005cb0                STC_GetDefaultIqdref
 .text.STC_ForceSpeedReferenceToCurrentSpeed
                0x0000000008005cc0       0x10 ./Middlewares/MotorControl/speed_torq_ctrl.o
                0x0000000008005cc0                STC_ForceSpeedReferenceToCurrentSpeed
 .text.STM_Init
                0x0000000008005cd0        0xc ./Middlewares/MotorControl/state_machine.o
                0x0000000008005cd0                STM_Init
 .text.STM_FaultProcessing
                0x0000000008005cdc       0x34 ./Middlewares/MotorControl/state_machine.o
                0x0000000008005cdc                STM_FaultProcessing
 .text.STM_NextState
                0x0000000008005d10       0xe8 ./Middlewares/MotorControl/state_machine.o
                0x0000000008005d10                STM_NextState
 .text.STM_GetState
                0x0000000008005df8        0x4 ./Middlewares/MotorControl/state_machine.o
                0x0000000008005df8                STM_GetState
 .text.STM_FaultAcknowledged
                0x0000000008005dfc       0x14 ./Middlewares/MotorControl/state_machine.o
                0x0000000008005dfc                STM_FaultAcknowledged
 .text.STM_GetFaultState
                0x0000000008005e10        0xc ./Middlewares/MotorControl/state_machine.o
                0x0000000008005e10                STM_GetFaultState
 .text.UFCP_Init
                0x0000000008005e1c        0x8 ./Middlewares/MotorControl/usart_frame_communication_protocol.o
                0x0000000008005e1c                UFCP_Init
 .text.UFCP_TX_IRQ_Handler
                0x0000000008005e24       0x70 ./Middlewares/MotorControl/usart_frame_communication_protocol.o
                0x0000000008005e24                UFCP_TX_IRQ_Handler
 .text.UFCP_Receive
                0x0000000008005e94       0x2c ./Middlewares/MotorControl/usart_frame_communication_protocol.o
                0x0000000008005e94                UFCP_Receive
 .text.UFCP_Send
                0x0000000008005ec0       0xc4 ./Middlewares/MotorControl/usart_frame_communication_protocol.o
                0x0000000008005ec0                UFCP_Send
 .text.UFCP_RX_IRQ_Handler
                0x0000000008005f84       0xd0 ./Middlewares/MotorControl/usart_frame_communication_protocol.o
                0x0000000008005f84                UFCP_RX_IRQ_Handler
 .text.UFCP_OVR_IRQ_Handler
                0x0000000008006054       0x18 ./Middlewares/MotorControl/usart_frame_communication_protocol.o
                0x0000000008006054                UFCP_OVR_IRQ_Handler
 .text.UFCP_AbortReceive
                0x000000000800606c        0xc ./Middlewares/MotorControl/usart_frame_communication_protocol.o
                0x000000000800606c                UFCP_AbortReceive
 .text.RUC_SetPhaseDurationms
                0x0000000008006078        0xc ../../MCSDK_v5.4.8/MotorControl/lib\libmc-gcc_M0.lib(revup_ctrl.o)
                0x0000000008006078                RUC_SetPhaseDurationms
 .text.RUC_SetPhaseFinalMecSpeedUnit
                0x0000000008006084        0xc ../../MCSDK_v5.4.8/MotorControl/lib\libmc-gcc_M0.lib(revup_ctrl.o)
                0x0000000008006084                RUC_SetPhaseFinalMecSpeedUnit
 .text.RUC_SetPhaseFinalTorque
                0x0000000008006090        0xc ../../MCSDK_v5.4.8/MotorControl/lib\libmc-gcc_M0.lib(revup_ctrl.o)
                0x0000000008006090                RUC_SetPhaseFinalTorque
 .text.RUC_GetPhaseDurationms
                0x000000000800609c        0xc ../../MCSDK_v5.4.8/MotorControl/lib\libmc-gcc_M0.lib(revup_ctrl.o)
                0x000000000800609c                RUC_GetPhaseDurationms
 .text.RUC_GetPhaseFinalMecSpeedUnit
                0x00000000080060a8       0x10 ../../MCSDK_v5.4.8/MotorControl/lib\libmc-gcc_M0.lib(revup_ctrl.o)
                0x00000000080060a8                RUC_GetPhaseFinalMecSpeedUnit
 .text.RUC_GetPhaseFinalTorque
                0x00000000080060b8       0x10 ../../MCSDK_v5.4.8/MotorControl/lib\libmc-gcc_M0.lib(revup_ctrl.o)
                0x00000000080060b8                RUC_GetPhaseFinalTorque
 .text.RUC_GetNumberOfPhases
                0x00000000080060c8        0x8 ../../MCSDK_v5.4.8/MotorControl/lib\libmc-gcc_M0.lib(revup_ctrl.o)
                0x00000000080060c8                RUC_GetNumberOfPhases
 .text.STO_PLL_CalcElAngle
                0x00000000080060d0      0x220 ../../MCSDK_v5.4.8/MotorControl/lib\libmc-gcc_M0.lib(sto_pll_speed_pos_fdbk.o)
                0x00000000080060d0                STO_PLL_CalcElAngle
 .text.STO_PLL_CalcAvrgMecSpeedUnit
                0x00000000080062f0      0x168 ../../MCSDK_v5.4.8/MotorControl/lib\libmc-gcc_M0.lib(sto_pll_speed_pos_fdbk.o)
                0x00000000080062f0                STO_PLL_CalcAvrgMecSpeedUnit
 .text.STO_PLL_CalcAvrgElSpeedDpp
                0x0000000008006458       0x6c ../../MCSDK_v5.4.8/MotorControl/lib\libmc-gcc_M0.lib(sto_pll_speed_pos_fdbk.o)
                0x0000000008006458                STO_PLL_CalcAvrgElSpeedDpp
 .text.STO_PLL_Clear
                0x00000000080064c4       0x68 ../../MCSDK_v5.4.8/MotorControl/lib\libmc-gcc_M0.lib(sto_pll_speed_pos_fdbk.o)
                0x00000000080064c4                STO_PLL_Clear
 .text.STO_PLL_Init
                0x000000000800652c       0x74 ../../MCSDK_v5.4.8/MotorControl/lib\libmc-gcc_M0.lib(sto_pll_speed_pos_fdbk.o)
                0x000000000800652c                STO_PLL_Init
 .text.STO_PLL_GetEstimatedBemf
                0x00000000080065a0       0x14 ../../MCSDK_v5.4.8/MotorControl/lib\libmc-gcc_M0.lib(sto_pll_speed_pos_fdbk.o)
                0x00000000080065a0                STO_PLL_GetEstimatedBemf
 .text.STO_PLL_GetEstimatedCurrent
                0x00000000080065b4       0x1c ../../MCSDK_v5.4.8/MotorControl/lib\libmc-gcc_M0.lib(sto_pll_speed_pos_fdbk.o)
                0x00000000080065b4                STO_PLL_GetEstimatedCurrent
 .text.STO_PLL_GetObserverGains
                0x00000000080065d0       0x10 ../../MCSDK_v5.4.8/MotorControl/lib\libmc-gcc_M0.lib(sto_pll_speed_pos_fdbk.o)
                0x00000000080065d0                STO_PLL_GetObserverGains
 .text.STO_PLL_SetObserverGains
                0x00000000080065e0        0x8 ../../MCSDK_v5.4.8/MotorControl/lib\libmc-gcc_M0.lib(sto_pll_speed_pos_fdbk.o)
                0x00000000080065e0                STO_PLL_SetObserverGains
 .text.STO_GetPLLGains
                0x00000000080065e8       0x1c ../../MCSDK_v5.4.8/MotorControl/lib\libmc-gcc_M0.lib(sto_pll_speed_pos_fdbk.o)
                0x00000000080065e8                STO_GetPLLGains
 .text.STO_SetPLLGains
                0x0000000008006604       0x18 ../../MCSDK_v5.4.8/MotorControl/lib\libmc-gcc_M0.lib(sto_pll_speed_pos_fdbk.o)
                0x0000000008006604                STO_SetPLLGains
 .text.STO_PLL_GetEstimatedBemfLevel
                0x000000000800661c        0x8 ../../MCSDK_v5.4.8/MotorControl/lib\libmc-gcc_M0.lib(sto_pll_speed_pos_fdbk.o)
                0x000000000800661c                STO_PLL_GetEstimatedBemfLevel
 .text.STO_PLL_GetObservedBemfLevel
                0x0000000008006624        0x8 ../../MCSDK_v5.4.8/MotorControl/lib\libmc-gcc_M0.lib(sto_pll_speed_pos_fdbk.o)
                0x0000000008006624                STO_PLL_GetObservedBemfLevel
 .text.FD_Init  0x000000000800662c       0x24 ../../MCSDK_v5.4.8/MotorControl/lib\libmc-gcc_M0.lib(fast_div.o)
                0x000000000800662c                FD_Init
 .text.__libc_init_array
                0x0000000008006650       0x48 c:/st/stm32cubeide_1.8.0/stm32cubeide/plugins/com.st.stm32cube.ide.mcu.externaltools.gnu-tools-for-stm32.10.3-2021.10.win32_1.0.0.202111181127/tools/bin/../lib/gcc/arm-none-eabi/10.3.1/../../../../arm-none-eabi/lib/thumb/v6-m/nofp\libc_nano.a(lib_a-init.o)
                0x0000000008006650                __libc_init_array
 .text.memcpy   0x0000000008006698       0x12 c:/st/stm32cubeide_1.8.0/stm32cubeide/plugins/com.st.stm32cube.ide.mcu.externaltools.gnu-tools-for-stm32.10.3-2021.10.win32_1.0.0.202111181127/tools/bin/../lib/gcc/arm-none-eabi/10.3.1/../../../../arm-none-eabi/lib/thumb/v6-m/nofp\libc_nano.a(lib_a-memcpy-stub.o)
                0x0000000008006698                memcpy
 .text.memset   0x00000000080066aa       0x10 c:/st/stm32cubeide_1.8.0/stm32cubeide/plugins/com.st.stm32cube.ide.mcu.externaltools.gnu-tools-for-stm32.10.3-2021.10.win32_1.0.0.202111181127/tools/bin/../lib/gcc/arm-none-eabi/10.3.1/../../../../arm-none-eabi/lib/thumb/v6-m/nofp\libc_nano.a(lib_a-memset.o)
                0x00000000080066aa                memset
 *(.glue_7)
 .glue_7        0x00000000080066ba        0x0 linker stubs
 *(.glue_7t)
 .glue_7t       0x00000000080066ba        0x0 linker stubs
 *(.eh_frame)
 *fill*         0x00000000080066ba        0x2 
 .eh_frame      0x00000000080066bc        0x0 c:/st/stm32cubeide_1.8.0/stm32cubeide/plugins/com.st.stm32cube.ide.mcu.externaltools.gnu-tools-for-stm32.10.3-2021.10.win32_1.0.0.202111181127/tools/bin/../lib/gcc/arm-none-eabi/10.3.1/thumb/v6-m/nofp/crtbegin.o
 *(.init)
 .init          0x00000000080066bc        0x4 c:/st/stm32cubeide_1.8.0/stm32cubeide/plugins/com.st.stm32cube.ide.mcu.externaltools.gnu-tools-for-stm32.10.3-2021.10.win32_1.0.0.202111181127/tools/bin/../lib/gcc/arm-none-eabi/10.3.1/thumb/v6-m/nofp/crti.o
                0x00000000080066bc                _init
 .init          0x00000000080066c0        0x8 c:/st/stm32cubeide_1.8.0/stm32cubeide/plugins/com.st.stm32cube.ide.mcu.externaltools.gnu-tools-for-stm32.10.3-2021.10.win32_1.0.0.202111181127/tools/bin/../lib/gcc/arm-none-eabi/10.3.1/thumb/v6-m/nofp/crtn.o
 *(.fini)
 .fini          0x00000000080066c8        0x4 c:/st/stm32cubeide_1.8.0/stm32cubeide/plugins/com.st.stm32cube.ide.mcu.externaltools.gnu-tools-for-stm32.10.3-2021.10.win32_1.0.0.202111181127/tools/bin/../lib/gcc/arm-none-eabi/10.3.1/thumb/v6-m/nofp/crti.o
                0x00000000080066c8                _fini
 .fini          0x00000000080066cc        0x8 c:/st/stm32cubeide_1.8.0/stm32cubeide/plugins/com.st.stm32cube.ide.mcu.externaltools.gnu-tools-for-stm32.10.3-2021.10.win32_1.0.0.202111181127/tools/bin/../lib/gcc/arm-none-eabi/10.3.1/thumb/v6-m/nofp/crtn.o
                0x00000000080066d4                . = ALIGN (0x4)
                0x00000000080066d4                _etext = .

.vfp11_veneer   0x00000000080066d4        0x0
 .vfp11_veneer  0x00000000080066d4        0x0 linker stubs

.v4_bx          0x00000000080066d4        0x0
 .v4_bx         0x00000000080066d4        0x0 linker stubs

.iplt           0x00000000080066d4        0x0
 .iplt          0x00000000080066d4        0x0 c:/st/stm32cubeide_1.8.0/stm32cubeide/plugins/com.st.stm32cube.ide.mcu.externaltools.gnu-tools-for-stm32.10.3-2021.10.win32_1.0.0.202111181127/tools/bin/../lib/gcc/arm-none-eabi/10.3.1/thumb/v6-m/nofp/crtbegin.o

.rodata         0x00000000080066d4      0xe2c
                0x00000000080066d4                . = ALIGN (0x4)
 *(.rodata)
 *(.rodata*)
 .rodata.hSin_Cos_Table
                0x00000000080066d4      0x200 ./Application/User/mc_math.o
                0x00000000080066d4                hSin_Cos_Table
 .rodata.R3_1_Params
                0x00000000080068d4       0x74 ./Application/User/mc_parameters.o
                0x00000000080068d4                R3_1_Params
 .rodata.TSK_MediumFrequencyTaskM1
                0x0000000008006948       0x40 ./Application/User/mc_tasks.o
 .rodata.MCP_ReceivedFrame
                0x0000000008006988      0x4e0 ./Application/User/motor_control_protocol.o
 .rodata.s_fwVer
                0x0000000008006e68       0x20 ./Application/User/motorcontrol.o
                0x0000000008006e68                s_fwVer
 .rodata.UI_SetReg
                0x0000000008006e88      0x170 ./Application/User/user_interface.o
 .rodata.UI_GetReg
                0x0000000008006ff8      0x3d8 ./Application/User/user_interface.o
 .rodata.UI_ExecCmd
                0x00000000080073d0       0x3c ./Application/User/user_interface.o
 .rodata.AHBPrescTable
                0x000000000800740c       0x10 ./Drivers/CMSIS/system_stm32f0xx.o
                0x000000000800740c                AHBPrescTable
 .rodata.APBPrescTable
                0x000000000800741c        0x8 ./Drivers/CMSIS/system_stm32f0xx.o
                0x000000000800741c                APBPrescTable
 .rodata.HAL_RCC_ClockConfig.str1.4
                0x0000000008007424       0x25 ./Drivers/STM32F0xx_HAL_Driver/stm32f0xx_hal_rcc.o
 *fill*         0x0000000008007449        0x3 
 .rodata.CSWTCH.59
                0x000000000800744c        0x3 ./Drivers/STM32F0xx_HAL_Driver/stm32f0xx_hal_uart.o
 *fill*         0x000000000800744f        0x1 
 .rodata.HALL_Clear
                0x0000000008007450       0x1c ./Middlewares/MotorControl/hall_speed_pos_fdbk.o
 .rodata.HALL_TIMx_CC_IRQHandler
                0x000000000800746c       0x1c ./Middlewares/MotorControl/hall_speed_pos_fdbk.o
 .rodata.HALL_TIMx_UP_IRQHandler
                0x0000000008007488       0x1c ./Middlewares/MotorControl/hall_speed_pos_fdbk.o
 .rodata.STM_NextState
                0x00000000080074a4       0x54 ./Middlewares/MotorControl/state_machine.o
 .rodata.UFCP_Usart_Timeout_none
                0x00000000080074f8        0x2 ./Middlewares/MotorControl/usart_frame_communication_protocol.o
 .rodata.UFCP_Usart_Timeout_start
                0x00000000080074fa        0x2 ./Middlewares/MotorControl/usart_frame_communication_protocol.o
 .rodata.UFCP_Usart_Timeout_stop
                0x00000000080074fc        0x2 ./Middlewares/MotorControl/usart_frame_communication_protocol.o
                0x0000000008007500                . = ALIGN (0x4)
 *fill*         0x00000000080074fe        0x2 

.rel.dyn        0x0000000008007500        0x0
 .rel.iplt      0x0000000008007500        0x0 c:/st/stm32cubeide_1.8.0/stm32cubeide/plugins/com.st.stm32cube.ide.mcu.externaltools.gnu-tools-for-stm32.10.3-2021.10.win32_1.0.0.202111181127/tools/bin/../lib/gcc/arm-none-eabi/10.3.1/thumb/v6-m/nofp/crtbegin.o

.ARM.extab      0x0000000008007500        0x0
                0x0000000008007500                . = ALIGN (0x4)
 *(.ARM.extab* .gnu.linkonce.armextab.*)
                0x0000000008007500                . = ALIGN (0x4)

.ARM            0x0000000008007500        0x0
                0x0000000008007500                . = ALIGN (0x4)
                0x0000000008007500                __exidx_start = .
 *(.ARM.exidx*)
                0x0000000008007500                __exidx_end = .
                0x0000000008007500                . = ALIGN (0x4)

.preinit_array  0x0000000008007500        0x0
                0x0000000008007500                . = ALIGN (0x4)
                0x0000000008007500                PROVIDE (__preinit_array_start = .)
 *(.preinit_array*)
                0x0000000008007500                PROVIDE (__preinit_array_end = .)
                0x0000000008007500                . = ALIGN (0x4)

.init_array     0x0000000008007500        0x4
                0x0000000008007500                . = ALIGN (0x4)
                0x0000000008007500                PROVIDE (__init_array_start = .)
 *(SORT_BY_NAME(.init_array.*))
 *(.init_array*)
 .init_array    0x0000000008007500        0x4 c:/st/stm32cubeide_1.8.0/stm32cubeide/plugins/com.st.stm32cube.ide.mcu.externaltools.gnu-tools-for-stm32.10.3-2021.10.win32_1.0.0.202111181127/tools/bin/../lib/gcc/arm-none-eabi/10.3.1/thumb/v6-m/nofp/crtbegin.o
                0x0000000008007504                PROVIDE (__init_array_end = .)
                0x0000000008007504                . = ALIGN (0x4)

.fini_array     0x0000000008007504        0x4
                0x0000000008007504                . = ALIGN (0x4)
                [!provide]                        PROVIDE (__fini_array_start = .)
 *(SORT_BY_NAME(.fini_array.*))
 *(.fini_array*)
 .fini_array    0x0000000008007504        0x4 c:/st/stm32cubeide_1.8.0/stm32cubeide/plugins/com.st.stm32cube.ide.mcu.externaltools.gnu-tools-for-stm32.10.3-2021.10.win32_1.0.0.202111181127/tools/bin/../lib/gcc/arm-none-eabi/10.3.1/thumb/v6-m/nofp/crtbegin.o
                [!provide]                        PROVIDE (__fini_array_end = .)
                0x0000000008007508                . = ALIGN (0x4)
                0x0000000008007508                _sidata = LOADADDR (.data)

.data           0x0000000020000000      0x6e4 load address 0x0000000008007508
                0x0000000020000000                . = ALIGN (0x4)
                0x0000000020000000                _sdata = .
 *(.data)
 *(.data*)
 .data.CircleLimitationM1
                0x0000000020000000       0xb4 ./Application/User/mc_config.o
                0x0000000020000000                CircleLimitationM1
 .data.HALL_M1  0x00000000200000b4       0xc8 ./Application/User/mc_config.o
                0x00000000200000b4                HALL_M1
 .data.PIDIdHandle_M1
                0x000000002000017c       0x2c ./Application/User/mc_config.o
                0x000000002000017c                PIDIdHandle_M1
 .data.PIDIqHandle_M1
                0x00000000200001a8       0x2c ./Application/User/mc_config.o
                0x00000000200001a8                PIDIqHandle_M1
 .data.PIDSpeedHandle_M1
                0x00000000200001d4       0x2c ./Application/User/mc_config.o
                0x00000000200001d4                PIDSpeedHandle_M1
 .data.PQD_MotorPowMeasM1
                0x0000000020000200      0x114 ./Application/User/mc_config.o
                0x0000000020000200                PQD_MotorPowMeasM1
 .data.PWM_Handle_M1
                0x0000000020000314       0x7c ./Application/User/mc_config.o
                0x0000000020000314                PWM_Handle_M1
 .data.RampExtMngrHFParamsM1
                0x0000000020000390       0x58 ./Application/User/mc_config.o
                0x0000000020000390                RampExtMngrHFParamsM1
 .data.RealBusVoltageSensorParamsM1
                0x00000000200003e8       0x28 ./Application/User/mc_config.o
                0x00000000200003e8                RealBusVoltageSensorParamsM1
 .data.STO_PLL_M1
                0x0000000020000410      0x128 ./Application/User/mc_config.o
                0x0000000020000410                STO_PLL_M1
 .data.SpeednTorqCtrlM1
                0x0000000020000538       0x34 ./Application/User/mc_config.o
                0x0000000020000538                SpeednTorqCtrlM1
 .data.TempSensorParamsM1
                0x000000002000056c       0x28 ./Application/User/mc_config.o
                0x000000002000056c                TempSensorParamsM1
 .data.pUSART   0x0000000020000594      0x13c ./Application/User/mc_config.o
                0x0000000020000594                pUSART
 .data.wConfig  0x00000000200006d0        0x4 ./Application/User/motorcontrol.o
                0x00000000200006d0                wConfig
 .data.SystickDividerCounter.0
                0x00000000200006d4        0x1 ./Application/User/stm32f0xx_mc_it.o
 *fill*         0x00000000200006d5        0x1 
 .data.bCOMATRTimeCounter
                0x00000000200006d6        0x2 ./Application/User/ui_task.o
 .data.SystemCoreClock
                0x00000000200006d8        0x4 ./Drivers/CMSIS/system_stm32f0xx.o
                0x00000000200006d8                SystemCoreClock
 .data.uwTickFreq
                0x00000000200006dc        0x1 ./Drivers/STM32F0xx_HAL_Driver/stm32f0xx_hal.o
                0x00000000200006dc                uwTickFreq
 *fill*         0x00000000200006dd        0x3 
 .data.uwTickPrio
                0x00000000200006e0        0x4 ./Drivers/STM32F0xx_HAL_Driver/stm32f0xx_hal.o
                0x00000000200006e0                uwTickPrio
 *(.RamFunc)
 *(.RamFunc*)
                0x00000000200006e4                . = ALIGN (0x4)
                0x00000000200006e4                _edata = .

.igot.plt       0x00000000200006e4        0x0 load address 0x0000000008007bec
 .igot.plt      0x00000000200006e4        0x0 c:/st/stm32cubeide_1.8.0/stm32cubeide/plugins/com.st.stm32cube.ide.mcu.externaltools.gnu-tools-for-stm32.10.3-2021.10.win32_1.0.0.202111181127/tools/bin/../lib/gcc/arm-none-eabi/10.3.1/thumb/v6-m/nofp/crtbegin.o
                0x00000000200006e4                . = ALIGN (0x4)

.bss            0x00000000200006e4      0x3d0 load address 0x0000000008007bec
                0x00000000200006e4                _sbss = .
                0x00000000200006e4                __bss_start__ = _sbss
 *(.bss)
 .bss           0x00000000200006e4       0x1c c:/st/stm32cubeide_1.8.0/stm32cubeide/plugins/com.st.stm32cube.ide.mcu.externaltools.gnu-tools-for-stm32.10.3-2021.10.win32_1.0.0.202111181127/tools/bin/../lib/gcc/arm-none-eabi/10.3.1/thumb/v6-m/nofp/crtbegin.o
 *(.bss*)
 .bss.hadc      0x0000000020000700       0x40 ./Application/User/main.o
                0x0000000020000700                hadc
 .bss.hdma_adc  0x0000000020000740       0x44 ./Application/User/main.o
                0x0000000020000740                hdma_adc
 .bss.htim1     0x0000000020000784       0x48 ./Application/User/main.o
                0x0000000020000784                htim1
 .bss.htim2     0x00000000200007cc       0x48 ./Application/User/main.o
                0x00000000200007cc                htim2
 .bss.huart1    0x0000000020000814       0x84 ./Application/User/main.o
                0x0000000020000814                huart1
 .bss.RealBusVoltageSensorFilterBufferM1
                0x0000000020000898       0x14 ./Application/User/mc_config.o
                0x0000000020000898                RealBusVoltageSensorFilterBufferM1
 .bss.UI_Params
                0x00000000200008ac       0x18 ./Application/User/mc_config.o
                0x00000000200008ac                UI_Params
 .bss.FOCVars   0x00000000200008c4       0x26 ./Application/User/mc_tasks.o
                0x00000000200008c4                FOCVars
 *fill*         0x00000000200008ea        0x2 
 .bss.MCT       0x00000000200008ec       0x54 ./Application/User/mc_tasks.o
                0x00000000200008ec                MCT
 .bss.Mci       0x0000000020000940       0x1c ./Application/User/mc_tasks.o
                0x0000000020000940                Mci
 .bss.STM       0x000000002000095c        0x6 ./Application/User/mc_tasks.o
                0x000000002000095c                STM
 .bss.bMCBootCompleted
                0x0000000020000962        0x1 ./Application/User/mc_tasks.o
                0x0000000020000962                bMCBootCompleted
 *fill*         0x0000000020000963        0x1 
 .bss.hBootCapDelayCounterM1
                0x0000000020000964        0x2 ./Application/User/mc_tasks.o
 .bss.hMFTaskCounterM1
                0x0000000020000966        0x2 ./Application/User/mc_tasks.o
 .bss.hStopPermanencyCounterM1
                0x0000000020000968        0x2 ./Application/User/mc_tasks.o
 *fill*         0x000000002000096a        0x2 
 .bss.oMCInterface
                0x000000002000096c        0x4 ./Application/User/mc_tasks.o
                0x000000002000096c                oMCInterface
 .bss.pBusSensorM1
                0x0000000020000970        0x4 ./Application/User/mc_tasks.o
                0x0000000020000970                pBusSensorM1
 .bss.pCLM      0x0000000020000974        0x4 ./Application/User/mc_tasks.o
                0x0000000020000974                pCLM
 .bss.pMPM      0x0000000020000978        0x4 ./Application/User/mc_tasks.o
                0x0000000020000978                pMPM
 .bss.pPIDId    0x000000002000097c        0x4 ./Application/User/mc_tasks.o
                0x000000002000097c                pPIDId
 .bss.pPIDIq    0x0000000020000980        0x4 ./Application/User/mc_tasks.o
                0x0000000020000980                pPIDIq
 .bss.pPIDSpeed
                0x0000000020000984        0x4 ./Application/User/mc_tasks.o
                0x0000000020000984                pPIDSpeed
 .bss.pREMNG    0x0000000020000988        0x4 ./Application/User/mc_tasks.o
                0x0000000020000988                pREMNG
 .bss.pSTC      0x000000002000098c        0x4 ./Application/User/mc_tasks.o
                0x000000002000098c                pSTC
 .bss.pTemperatureSensor
                0x0000000020000990        0x4 ./Application/User/mc_tasks.o
                0x0000000020000990                pTemperatureSensor
 .bss.pwmcHandle
                0x0000000020000994        0x4 ./Application/User/mc_tasks.o
                0x0000000020000994                pwmcHandle
 .bss.MPInfo    0x0000000020000998        0x8 ./Application/User/motor_control_protocol.o
                0x0000000020000998                MPInfo
 .bss.pMCI      0x00000000200009a0        0x4 ./Application/User/motorcontrol.o
                0x00000000200009a0                pMCI
 .bss.pMCT      0x00000000200009a4        0x4 ./Application/User/motorcontrol.o
                0x00000000200009a4                pMCT
 .bss.RCM_CB_array
                0x00000000200009a8       0x20 ./Application/User/regular_conversion_manager.o
                0x00000000200009a8                RCM_CB_array
 .bss.RCM_NoInj_array
                0x00000000200009c8       0x18 ./Application/User/regular_conversion_manager.o
                0x00000000200009c8                RCM_NoInj_array
 .bss.RCM_UserConvHandle
                0x00000000200009e0        0x1 ./Application/User/regular_conversion_manager.o
                0x00000000200009e0                RCM_UserConvHandle
 .bss.RCM_UserConvState
                0x00000000200009e1        0x1 ./Application/User/regular_conversion_manager.o
                0x00000000200009e1                RCM_UserConvState
 .bss.RCM_UserConvValue
                0x00000000200009e2        0x2 ./Application/User/regular_conversion_manager.o
                0x00000000200009e2                RCM_UserConvValue
 .bss.RCM_currentHandle
                0x00000000200009e4        0x1 ./Application/User/regular_conversion_manager.o
                0x00000000200009e4                RCM_currentHandle
 *fill*         0x00000000200009e5        0x3 
 .bss.RCM_handle_array
                0x00000000200009e8       0x10 ./Application/User/regular_conversion_manager.o
                0x00000000200009e8                RCM_handle_array
 .bss.MCP_UI_Params
                0x00000000200009f8       0xb0 ./Application/User/ui_task.o
                0x00000000200009f8                MCP_UI_Params
 .bss.bCOMTimeoutCounter
                0x0000000020000aa8        0x2 ./Application/User/ui_task.o
 .bss.bUITaskCounter
                0x0000000020000aaa        0x2 ./Application/User/ui_task.o
 .bss.pMCP      0x0000000020000aac        0x4 ./Application/User/ui_task.o
                0x0000000020000aac                pMCP
 .bss.uwTick    0x0000000020000ab0        0x4 ./Drivers/STM32F0xx_HAL_Driver/stm32f0xx_hal.o
                0x0000000020000ab0                uwTick
 *(COMMON)
                0x0000000020000ab4                . = ALIGN (0x4)
                0x0000000020000ab4                _ebss = .
                0x0000000020000ab4                __bss_end__ = _ebss

._user_heap_stack
                0x0000000020000ab4      0x484 load address 0x0000000008007bec
                0x0000000020000ab8                . = ALIGN (0x8)
 *fill*         0x0000000020000ab4        0x4 
                [!provide]                        PROVIDE (end = .)
                0x0000000020000ab8                PROVIDE (_end = .)
                0x0000000020000b38                . = (. + _Min_Heap_Size)
 *fill*         0x0000000020000ab8       0x80 
                0x0000000020000f38                . = (. + _Min_Stack_Size)
 *fill*         0x0000000020000b38      0x400 
                0x0000000020000f38                . = ALIGN (0x8)

/DISCARD/
 libc.a(*)
 libm.a(*)
 libgcc.a(*)

.ARM.attributes
                0x0000000000000000       0x28
 *(.ARM.attributes)
 .ARM.attributes
                0x0000000000000000       0x1e c:/st/stm32cubeide_1.8.0/stm32cubeide/plugins/com.st.stm32cube.ide.mcu.externaltools.gnu-tools-for-stm32.10.3-2021.10.win32_1.0.0.202111181127/tools/bin/../lib/gcc/arm-none-eabi/10.3.1/thumb/v6-m/nofp/crti.o
 .ARM.attributes
                0x000000000000001e       0x2c c:/st/stm32cubeide_1.8.0/stm32cubeide/plugins/com.st.stm32cube.ide.mcu.externaltools.gnu-tools-for-stm32.10.3-2021.10.win32_1.0.0.202111181127/tools/bin/../lib/gcc/arm-none-eabi/10.3.1/thumb/v6-m/nofp/crtbegin.o
 .ARM.attributes
                0x000000000000004a       0x21 ./Application/Startup/startup_stm32f031c6tx.o
 .ARM.attributes
                0x000000000000006b       0x28 ./Application/User/main.o
 .ARM.attributes
                0x0000000000000093       0x28 ./Application/User/mc_api.o
 .ARM.attributes
                0x00000000000000bb       0x28 ./Application/User/mc_config.o
 .ARM.attributes
                0x00000000000000e3       0x28 ./Application/User/mc_interface.o
 .ARM.attributes
                0x000000000000010b       0x28 ./Application/User/mc_math.o
 .ARM.attributes
                0x0000000000000133       0x28 ./Application/User/mc_parameters.o
 .ARM.attributes
                0x000000000000015b       0x28 ./Application/User/mc_tasks.o
 .ARM.attributes
                0x0000000000000183       0x28 ./Application/User/motor_control_protocol.o
 .ARM.attributes
                0x00000000000001ab       0x28 ./Application/User/motorcontrol.o
 .ARM.attributes
                0x00000000000001d3       0x28 ./Application/User/regular_conversion_manager.o
 .ARM.attributes
                0x00000000000001fb       0x28 ./Application/User/stm32f0xx_hal_msp.o
 .ARM.attributes
                0x0000000000000223       0x28 ./Application/User/stm32f0xx_mc_it.o
 .ARM.attributes
                0x000000000000024b       0x28 ./Application/User/ui_task.o
 .ARM.attributes
                0x0000000000000273       0x28 ./Application/User/user_interface.o
 .ARM.attributes
                0x000000000000029b       0x28 ./Drivers/CMSIS/system_stm32f0xx.o
 .ARM.attributes
                0x00000000000002c3       0x28 ./Drivers/STM32F0xx_HAL_Driver/stm32f0xx_hal.o
 .ARM.attributes
                0x00000000000002eb       0x28 ./Drivers/STM32F0xx_HAL_Driver/stm32f0xx_hal_adc.o
 .ARM.attributes
                0x0000000000000313       0x28 ./Drivers/STM32F0xx_HAL_Driver/stm32f0xx_hal_cortex.o
 .ARM.attributes
                0x000000000000033b       0x28 ./Drivers/STM32F0xx_HAL_Driver/stm32f0xx_hal_dma.o
 .ARM.attributes
                0x0000000000000363       0x28 ./Drivers/STM32F0xx_HAL_Driver/stm32f0xx_hal_gpio.o
 .ARM.attributes
                0x000000000000038b       0x28 ./Drivers/STM32F0xx_HAL_Driver/stm32f0xx_hal_rcc.o
 .ARM.attributes
                0x00000000000003b3       0x28 ./Drivers/STM32F0xx_HAL_Driver/stm32f0xx_hal_rcc_ex.o
 .ARM.attributes
                0x00000000000003db       0x28 ./Drivers/STM32F0xx_HAL_Driver/stm32f0xx_hal_tim.o
 .ARM.attributes
                0x0000000000000403       0x28 ./Drivers/STM32F0xx_HAL_Driver/stm32f0xx_hal_tim_ex.o
 .ARM.attributes
                0x000000000000042b       0x28 ./Drivers/STM32F0xx_HAL_Driver/stm32f0xx_hal_uart.o
 .ARM.attributes
                0x0000000000000453       0x28 ./Middlewares/MotorControl/bus_voltage_sensor.o
 .ARM.attributes
                0x000000000000047b       0x28 ./Middlewares/MotorControl/circle_limitation.o
 .ARM.attributes
                0x00000000000004a3       0x28 ./Middlewares/MotorControl/frame_communication_protocol.o
 .ARM.attributes
                0x00000000000004cb       0x28 ./Middlewares/MotorControl/hall_speed_pos_fdbk.o
 .ARM.attributes
                0x00000000000004f3       0x28 ./Middlewares/MotorControl/motor_power_measurement.o
 .ARM.attributes
                0x000000000000051b       0x28 ./Middlewares/MotorControl/ntc_temperature_sensor.o
 .ARM.attributes
                0x0000000000000543       0x28 ./Middlewares/MotorControl/pid_regulator.o
 .ARM.attributes
                0x000000000000056b       0x28 ./Middlewares/MotorControl/pqd_motor_power_measurement.o
 .ARM.attributes
                0x0000000000000593       0x28 ./Middlewares/MotorControl/pwm_common.o
 .ARM.attributes
                0x00000000000005bb       0x28 ./Middlewares/MotorControl/pwm_curr_fdbk.o
 .ARM.attributes
                0x00000000000005e3       0x28 ./Middlewares/MotorControl/r3_f0xx_pwm_curr_fdbk.o
 .ARM.attributes
                0x000000000000060b       0x28 ./Middlewares/MotorControl/r_divider_bus_voltage_sensor.o
 .ARM.attributes
                0x0000000000000633       0x28 ./Middlewares/MotorControl/ramp_ext_mngr.o
 .ARM.attributes
                0x000000000000065b       0x28 ./Middlewares/MotorControl/speed_pos_fdbk.o
 .ARM.attributes
                0x0000000000000683       0x28 ./Middlewares/MotorControl/speed_torq_ctrl.o
 .ARM.attributes
                0x00000000000006ab       0x28 ./Middlewares/MotorControl/state_machine.o
 .ARM.attributes
                0x00000000000006d3       0x28 ./Middlewares/MotorControl/usart_frame_communication_protocol.o
 .ARM.attributes
                0x00000000000006fb       0x2d ../../MCSDK_v5.4.8/MotorControl/lib\libmc-gcc_M0.lib(revup_ctrl.o)
 .ARM.attributes
                0x0000000000000728       0x2d ../../MCSDK_v5.4.8/MotorControl/lib\libmc-gcc_M0.lib(sto_pll_speed_pos_fdbk.o)
 .ARM.attributes
                0x0000000000000755       0x2d ../../MCSDK_v5.4.8/MotorControl/lib\libmc-gcc_M0.lib(fast_div.o)
 .ARM.attributes
                0x0000000000000782       0x2c c:/st/stm32cubeide_1.8.0/stm32cubeide/plugins/com.st.stm32cube.ide.mcu.externaltools.gnu-tools-for-stm32.10.3-2021.10.win32_1.0.0.202111181127/tools/bin/../lib/gcc/arm-none-eabi/10.3.1/../../../../arm-none-eabi/lib/thumb/v6-m/nofp\libc_nano.a(lib_a-init.o)
 .ARM.attributes
                0x00000000000007ae       0x2c c:/st/stm32cubeide_1.8.0/stm32cubeide/plugins/com.st.stm32cube.ide.mcu.externaltools.gnu-tools-for-stm32.10.3-2021.10.win32_1.0.0.202111181127/tools/bin/../lib/gcc/arm-none-eabi/10.3.1/../../../../arm-none-eabi/lib/thumb/v6-m/nofp\libc_nano.a(lib_a-memcpy-stub.o)
 .ARM.attributes
                0x00000000000007da       0x2c c:/st/stm32cubeide_1.8.0/stm32cubeide/plugins/com.st.stm32cube.ide.mcu.externaltools.gnu-tools-for-stm32.10.3-2021.10.win32_1.0.0.202111181127/tools/bin/../lib/gcc/arm-none-eabi/10.3.1/../../../../arm-none-eabi/lib/thumb/v6-m/nofp\libc_nano.a(lib_a-memset.o)
 .ARM.attributes
                0x0000000000000806       0x1e c:/st/stm32cubeide_1.8.0/stm32cubeide/plugins/com.st.stm32cube.ide.mcu.externaltools.gnu-tools-for-stm32.10.3-2021.10.win32_1.0.0.202111181127/tools/bin/../lib/gcc/arm-none-eabi/10.3.1/thumb/v6-m/nofp\libgcc.a(_udivsi3.o)
 .ARM.attributes
                0x0000000000000824       0x1e c:/st/stm32cubeide_1.8.0/stm32cubeide/plugins/com.st.stm32cube.ide.mcu.externaltools.gnu-tools-for-stm32.10.3-2021.10.win32_1.0.0.202111181127/tools/bin/../lib/gcc/arm-none-eabi/10.3.1/thumb/v6-m/nofp\libgcc.a(_divsi3.o)
 .ARM.attributes
                0x0000000000000842       0x1e c:/st/stm32cubeide_1.8.0/stm32cubeide/plugins/com.st.stm32cube.ide.mcu.externaltools.gnu-tools-for-stm32.10.3-2021.10.win32_1.0.0.202111181127/tools/bin/../lib/gcc/arm-none-eabi/10.3.1/thumb/v6-m/nofp\libgcc.a(_dvmd_tls.o)
 .ARM.attributes
                0x0000000000000860       0x1e c:/st/stm32cubeide_1.8.0/stm32cubeide/plugins/com.st.stm32cube.ide.mcu.externaltools.gnu-tools-for-stm32.10.3-2021.10.win32_1.0.0.202111181127/tools/bin/../lib/gcc/arm-none-eabi/10.3.1/thumb/v6-m/nofp/crtn.o
OUTPUT(smiglo.elf elf32-littlearm)
LOAD linker stubs
LOAD c:/st/stm32cubeide_1.8.0/stm32cubeide/plugins/com.st.stm32cube.ide.mcu.externaltools.gnu-tools-for-stm32.10.3-2021.10.win32_1.0.0.202111181127/tools/bin/../lib/gcc/arm-none-eabi/10.3.1/../../../../arm-none-eabi/lib/thumb/v6-m/nofp\libc.a
LOAD c:/st/stm32cubeide_1.8.0/stm32cubeide/plugins/com.st.stm32cube.ide.mcu.externaltools.gnu-tools-for-stm32.10.3-2021.10.win32_1.0.0.202111181127/tools/bin/../lib/gcc/arm-none-eabi/10.3.1/../../../../arm-none-eabi/lib/thumb/v6-m/nofp\libm.a
LOAD c:/st/stm32cubeide_1.8.0/stm32cubeide/plugins/com.st.stm32cube.ide.mcu.externaltools.gnu-tools-for-stm32.10.3-2021.10.win32_1.0.0.202111181127/tools/bin/../lib/gcc/arm-none-eabi/10.3.1/thumb/v6-m/nofp\libgcc.a

.debug_line     0x0000000000000000    0x3258e
 .debug_line    0x0000000000000000       0x90 ./Application/Startup/startup_stm32f031c6tx.o
 .debug_line    0x0000000000000090     0x15b5 ./Application/User/main.o
 .debug_line    0x0000000000001645     0x10e0 ./Application/User/mc_api.o
 .debug_line    0x0000000000002725      0xd2d ./Application/User/mc_config.o
 .debug_line    0x0000000000003452      0xf9c ./Application/User/mc_interface.o
 .debug_line    0x00000000000043ee      0xf2a ./Application/User/mc_math.o
 .debug_line    0x0000000000005318      0xd1e ./Application/User/mc_parameters.o
 .debug_line    0x0000000000006036     0x16db ./Application/User/mc_tasks.o
 .debug_line    0x0000000000007711     0x1368 ./Application/User/motor_control_protocol.o
 .debug_line    0x0000000000008a79      0xd72 ./Application/User/motorcontrol.o
 .debug_line    0x00000000000097eb     0x15a1 ./Application/User/regular_conversion_manager.o
 .debug_line    0x000000000000ad8c     0x1145 ./Application/User/stm32f0xx_hal_msp.o
 .debug_line    0x000000000000bed1     0x1221 ./Application/User/stm32f0xx_mc_it.o
 .debug_line    0x000000000000d0f2      0xf0b ./Application/User/ui_task.o
 .debug_line    0x000000000000dffd     0x1a59 ./Application/User/user_interface.o
 .debug_line    0x000000000000fa56      0x7d7 ./Drivers/CMSIS/system_stm32f0xx.o
 .debug_line    0x000000000001022d      0xac4 ./Drivers/STM32F0xx_HAL_Driver/stm32f0xx_hal.o
 .debug_line    0x0000000000010cf1     0x1679 ./Drivers/STM32F0xx_HAL_Driver/stm32f0xx_hal_adc.o
 .debug_line    0x000000000001236a      0xb21 ./Drivers/STM32F0xx_HAL_Driver/stm32f0xx_hal_cortex.o
 .debug_line    0x0000000000012e8b     0x10b3 ./Drivers/STM32F0xx_HAL_Driver/stm32f0xx_hal_dma.o
 .debug_line    0x0000000000013f3e      0xcb6 ./Drivers/STM32F0xx_HAL_Driver/stm32f0xx_hal_gpio.o
 .debug_line    0x0000000000014bf4     0x133c ./Drivers/STM32F0xx_HAL_Driver/stm32f0xx_hal_rcc.o
 .debug_line    0x0000000000015f30      0xa5b ./Drivers/STM32F0xx_HAL_Driver/stm32f0xx_hal_rcc_ex.o
 .debug_line    0x000000000001698b     0x6551 ./Drivers/STM32F0xx_HAL_Driver/stm32f0xx_hal_tim.o
 .debug_line    0x000000000001cedc     0x1e05 ./Drivers/STM32F0xx_HAL_Driver/stm32f0xx_hal_tim_ex.o
 .debug_line    0x000000000001ece1     0x5761 ./Drivers/STM32F0xx_HAL_Driver/stm32f0xx_hal_uart.o
 .debug_line    0x0000000000024442      0x94a ./Middlewares/MotorControl/bus_voltage_sensor.o
 .debug_line    0x0000000000024d8c      0x942 ./Middlewares/MotorControl/circle_limitation.o
 .debug_line    0x00000000000256ce      0xd4b ./Middlewares/MotorControl/frame_communication_protocol.o
 .debug_line    0x0000000000026419     0x172f ./Middlewares/MotorControl/hall_speed_pos_fdbk.o
 .debug_line    0x0000000000027b48      0x9f7 ./Middlewares/MotorControl/motor_power_measurement.o
 .debug_line    0x000000000002853f      0xa8c ./Middlewares/MotorControl/ntc_temperature_sensor.o
 .debug_line    0x0000000000028fcb      0xcec ./Middlewares/MotorControl/pid_regulator.o
 .debug_line    0x0000000000029cb7      0x996 ./Middlewares/MotorControl/pqd_motor_power_measurement.o
 .debug_line    0x000000000002a64d      0xb01 ./Middlewares/MotorControl/pwm_common.o
 .debug_line    0x000000000002b14e      0xf12 ./Middlewares/MotorControl/pwm_curr_fdbk.o
 .debug_line    0x000000000002c060     0x1bbb ./Middlewares/MotorControl/r3_f0xx_pwm_curr_fdbk.o
 .debug_line    0x000000000002dc1b      0xc5b ./Middlewares/MotorControl/r_divider_bus_voltage_sensor.o
 .debug_line    0x000000000002e876      0xb51 ./Middlewares/MotorControl/ramp_ext_mngr.o
 .debug_line    0x000000000002f3c7      0xaa8 ./Middlewares/MotorControl/speed_pos_fdbk.o
 .debug_line    0x000000000002fe6f      0xd77 ./Middlewares/MotorControl/speed_torq_ctrl.o
 .debug_line    0x0000000000030be6      0xb34 ./Middlewares/MotorControl/state_machine.o
 .debug_line    0x000000000003171a      0xe74 ./Middlewares/MotorControl/usart_frame_communication_protocol.o

.debug_info     0x0000000000000000    0x3deff
 .debug_info    0x0000000000000000       0x22 ./Application/Startup/startup_stm32f031c6tx.o
 .debug_info    0x0000000000000022     0x2146 ./Application/User/main.o
 .debug_info    0x0000000000002168      0xfb4 ./Application/User/mc_api.o
 .debug_info    0x000000000000311c     0x3393 ./Application/User/mc_config.o
 .debug_info    0x00000000000064af     0x132e ./Application/User/mc_interface.o
 .debug_info    0x00000000000077dd      0x6c6 ./Application/User/mc_math.o
 .debug_info    0x0000000000007ea3      0x8d2 ./Application/User/mc_parameters.o
 .debug_info    0x0000000000008775     0x42bd ./Application/User/mc_tasks.o
 .debug_info    0x000000000000ca32     0x3b13 ./Application/User/motor_control_protocol.o
 .debug_info    0x0000000000010545     0x295a ./Application/User/motorcontrol.o
 .debug_info    0x0000000000012e9f     0x138f ./Application/User/regular_conversion_manager.o
 .debug_info    0x000000000001422e     0x154f ./Application/User/stm32f0xx_hal_msp.o
 .debug_info    0x000000000001577d     0x39fd ./Application/User/stm32f0xx_mc_it.o
 .debug_info    0x000000000001917a     0x2fd8 ./Application/User/ui_task.o
 .debug_info    0x000000000001c152     0x4238 ./Application/User/user_interface.o
 .debug_info    0x000000000002038a      0x28f ./Drivers/CMSIS/system_stm32f0xx.o
 .debug_info    0x0000000000020619      0x782 ./Drivers/STM32F0xx_HAL_Driver/stm32f0xx_hal.o
 .debug_info    0x0000000000020d9b      0xfe2 ./Drivers/STM32F0xx_HAL_Driver/stm32f0xx_hal_adc.o
 .debug_info    0x0000000000021d7d      0x890 ./Drivers/STM32F0xx_HAL_Driver/stm32f0xx_hal_cortex.o
 .debug_info    0x000000000002260d      0x903 ./Drivers/STM32F0xx_HAL_Driver/stm32f0xx_hal_dma.o
 .debug_info    0x0000000000022f10      0x64b ./Drivers/STM32F0xx_HAL_Driver/stm32f0xx_hal_gpio.o
 .debug_info    0x000000000002355b      0xb33 ./Drivers/STM32F0xx_HAL_Driver/stm32f0xx_hal_rcc.o
 .debug_info    0x000000000002408e      0x3cf ./Drivers/STM32F0xx_HAL_Driver/stm32f0xx_hal_rcc_ex.o
 .debug_info    0x000000000002445d     0x4e67 ./Drivers/STM32F0xx_HAL_Driver/stm32f0xx_hal_tim.o
 .debug_info    0x00000000000292c4     0x1be9 ./Drivers/STM32F0xx_HAL_Driver/stm32f0xx_hal_tim_ex.o
 .debug_info    0x000000000002aead     0x67b3 ./Drivers/STM32F0xx_HAL_Driver/stm32f0xx_hal_uart.o
 .debug_info    0x0000000000031660      0x2c2 ./Middlewares/MotorControl/bus_voltage_sensor.o
 .debug_info    0x0000000000031922      0x2ba ./Middlewares/MotorControl/circle_limitation.o
 .debug_info    0x0000000000031bdc     0x2c7e ./Middlewares/MotorControl/frame_communication_protocol.o
 .debug_info    0x000000000003485a     0x1491 ./Middlewares/MotorControl/hall_speed_pos_fdbk.o
 .debug_info    0x0000000000035ceb      0x311 ./Middlewares/MotorControl/motor_power_measurement.o
 .debug_info    0x0000000000035ffc      0x5a7 ./Middlewares/MotorControl/ntc_temperature_sensor.o
 .debug_info    0x00000000000365a3      0x871 ./Middlewares/MotorControl/pid_regulator.o
 .debug_info    0x0000000000036e14      0x521 ./Middlewares/MotorControl/pqd_motor_power_measurement.o
 .debug_info    0x0000000000037335      0x72b ./Middlewares/MotorControl/pwm_common.o
 .debug_info    0x0000000000037a60      0xb4f ./Middlewares/MotorControl/pwm_curr_fdbk.o
 .debug_info    0x00000000000385af     0x2ae7 ./Middlewares/MotorControl/r3_f0xx_pwm_curr_fdbk.o
 .debug_info    0x000000000003b096      0x698 ./Middlewares/MotorControl/r_divider_bus_voltage_sensor.o
 .debug_info    0x000000000003b72e      0x609 ./Middlewares/MotorControl/ramp_ext_mngr.o
 .debug_info    0x000000000003bd37      0x54e ./Middlewares/MotorControl/speed_pos_fdbk.o
 .debug_info    0x000000000003c285      0xa67 ./Middlewares/MotorControl/speed_torq_ctrl.o
 .debug_info    0x000000000003ccec      0x436 ./Middlewares/MotorControl/state_machine.o
 .debug_info    0x000000000003d122      0xddd ./Middlewares/MotorControl/usart_frame_communication_protocol.o

.debug_abbrev   0x0000000000000000     0x6680
 .debug_abbrev  0x0000000000000000       0x12 ./Application/Startup/startup_stm32f031c6tx.o
 .debug_abbrev  0x0000000000000012      0x38d ./Application/User/main.o
 .debug_abbrev  0x000000000000039f      0x1f0 ./Application/User/mc_api.o
 .debug_abbrev  0x000000000000058f      0x228 ./Application/User/mc_config.o
 .debug_abbrev  0x00000000000007b7      0x236 ./Application/User/mc_interface.o
 .debug_abbrev  0x00000000000009ed      0x192 ./Application/User/mc_math.o
 .debug_abbrev  0x0000000000000b7f      0x158 ./Application/User/mc_parameters.o
 .debug_abbrev  0x0000000000000cd7      0x438 ./Application/User/mc_tasks.o
 .debug_abbrev  0x000000000000110f      0x36f ./Application/User/motor_control_protocol.o
 .debug_abbrev  0x000000000000147e      0x22f ./Application/User/motorcontrol.o
 .debug_abbrev  0x00000000000016ad      0x362 ./Application/User/regular_conversion_manager.o
 .debug_abbrev  0x0000000000001a0f      0x280 ./Application/User/stm32f0xx_hal_msp.o
 .debug_abbrev  0x0000000000001c8f      0x386 ./Application/User/stm32f0xx_mc_it.o
 .debug_abbrev  0x0000000000002015      0x315 ./Application/User/ui_task.o
 .debug_abbrev  0x000000000000232a      0x369 ./Application/User/user_interface.o
 .debug_abbrev  0x0000000000002693      0x134 ./Drivers/CMSIS/system_stm32f0xx.o
 .debug_abbrev  0x00000000000027c7      0x2ca ./Drivers/STM32F0xx_HAL_Driver/stm32f0xx_hal.o
 .debug_abbrev  0x0000000000002a91      0x2c7 ./Drivers/STM32F0xx_HAL_Driver/stm32f0xx_hal_adc.o
 .debug_abbrev  0x0000000000002d58      0x285 ./Drivers/STM32F0xx_HAL_Driver/stm32f0xx_hal_cortex.o
 .debug_abbrev  0x0000000000002fdd      0x226 ./Drivers/STM32F0xx_HAL_Driver/stm32f0xx_hal_dma.o
 .debug_abbrev  0x0000000000003203      0x1fb ./Drivers/STM32F0xx_HAL_Driver/stm32f0xx_hal_gpio.o
 .debug_abbrev  0x00000000000033fe      0x321 ./Drivers/STM32F0xx_HAL_Driver/stm32f0xx_hal_rcc.o
 .debug_abbrev  0x000000000000371f      0x1a9 ./Drivers/STM32F0xx_HAL_Driver/stm32f0xx_hal_rcc_ex.o
 .debug_abbrev  0x00000000000038c8      0x3a4 ./Drivers/STM32F0xx_HAL_Driver/stm32f0xx_hal_tim.o
 .debug_abbrev  0x0000000000003c6c      0x39e ./Drivers/STM32F0xx_HAL_Driver/stm32f0xx_hal_tim_ex.o
 .debug_abbrev  0x000000000000400a      0x40d ./Drivers/STM32F0xx_HAL_Driver/stm32f0xx_hal_uart.o
 .debug_abbrev  0x0000000000004417      0x10d ./Middlewares/MotorControl/bus_voltage_sensor.o
 .debug_abbrev  0x0000000000004524       0xfa ./Middlewares/MotorControl/circle_limitation.o
 .debug_abbrev  0x000000000000461e      0x24e ./Middlewares/MotorControl/frame_communication_protocol.o
 .debug_abbrev  0x000000000000486c      0x33d ./Middlewares/MotorControl/hall_speed_pos_fdbk.o
 .debug_abbrev  0x0000000000004ba9      0x13e ./Middlewares/MotorControl/motor_power_measurement.o
 .debug_abbrev  0x0000000000004ce7      0x190 ./Middlewares/MotorControl/ntc_temperature_sensor.o
 .debug_abbrev  0x0000000000004e77      0x1c0 ./Middlewares/MotorControl/pid_regulator.o
 .debug_abbrev  0x0000000000005037      0x181 ./Middlewares/MotorControl/pqd_motor_power_measurement.o