C:/PP/Dydaktyka/MATERIALY/ISPiS_MATERIALY/ISPiS_PRZYKLADY/L01/smiglo/Src/mc_tasks.c:454:13:FOC_Clear	8	static
C:/PP/Dydaktyka/MATERIALY/ISPiS_MATERIALY/ISPiS_PRZYKLADY/L01/smiglo/Src/mc_tasks.c:122:13:MCboot	64	static
C:/PP/Dydaktyka/MATERIALY/ISPiS_MATERIALY/ISPiS_PRZYKLADY/L01/smiglo/Src/mc_tasks.c:490:13:FOC_InitAdditionalMethods	0	static
C:/PP/Dydaktyka/MATERIALY/ISPiS_MATERIALY/ISPiS_PRZYKLADY/L01/smiglo/Src/mc_tasks.c:507:13:FOC_CalcCurrRef	8	static
C:/PP/Dydaktyka/MATERIALY/ISPiS_MATERIALY/ISPiS_PRZYKLADY/L01/smiglo/Src/mc_tasks.c:530:13:TSK_SetChargeBootCapDelayM1	0	static
C:/PP/Dydaktyka/MATERIALY/ISPiS_MATERIALY/ISPiS_PRZYKLADY/L01/smiglo/Src/mc_tasks.c:541:13:TSK_ChargeBootCapDelayHasElapsedM1	0	static
C:/PP/Dydaktyka/MATERIALY/ISPiS_MATERIALY/ISPiS_PRZYKLADY/L01/smiglo/Src/mc_tasks.c:557:13:TSK_SetStopPermanencyTimeM1	0	static
C:/PP/Dydaktyka/MATERIALY/ISPiS_MATERIALY/ISPiS_PRZYKLADY/L01/smiglo/Src/mc_tasks.c:568:13:TSK_StopPermanencyTimeHasElapsedM1	0	static
C:/PP/Dydaktyka/MATERIALY/ISPiS_MATERIALY/ISPiS_PRZYKLADY/L01/smiglo/Src/mc_tasks.c:317:13:TSK_MediumFrequencyTaskM1	32	static
C:/PP/Dydaktyka/MATERIALY/ISPiS_MATERIALY/ISPiS_PRZYKLADY/L01/smiglo/Src/mc_tasks.c:272:13:MC_Scheduler	16	static
C:/PP/Dydaktyka/MATERIALY/ISPiS_MATERIALY/ISPiS_PRZYKLADY/L01/smiglo/Src/mc_tasks.c:593:16:TSK_HighFrequencyTask	72	static
C:/PP/Dydaktyka/MATERIALY/ISPiS_MATERIALY/ISPiS_PRZYKLADY/L01/smiglo/Src/mc_tasks.c:714:13:TSK_SafetyTask_PWMOFF	32	static
C:/PP/Dydaktyka/MATERIALY/ISPiS_MATERIALY/ISPiS_PRZYKLADY/L01/smiglo/Src/mc_tasks.c:692:13:TSK_SafetyTask	8	static
C:/PP/Dydaktyka/MATERIALY/ISPiS_MATERIALY/ISPiS_PRZYKLADY/L01/smiglo/Src/mc_tasks.c:252:13:MC_RunMotorControlTasks	8	static
C:/PP/Dydaktyka/MATERIALY/ISPiS_MATERIALY/ISPiS_PRZYKLADY/L01/smiglo/Src/mc_tasks.c:765:23:GetMCI	0	static
C:/PP/Dydaktyka/MATERIALY/ISPiS_MATERIALY/ISPiS_PRZYKLADY/L01/smiglo/Src/mc_tasks.c:784:22:GetMCT	0	static
C:/PP/Dydaktyka/MATERIALY/ISPiS_MATERIALY/ISPiS_PRZYKLADY/L01/smiglo/Src/mc_tasks.c:800:13:TSK_HardwareFaultTask	8	static
C:/PP/Dydaktyka/MATERIALY/ISPiS_MATERIALY/ISPiS_PRZYKLADY/L01/smiglo/Src/mc_tasks.c:815:13:mc_lock_pins	64	static
