C:/PP/Dydaktyka/MATERIALY/ISPiS_MATERIALY/ISPiS_PRZYKLADY/L01/smiglo/Drivers/STM32F0xx_HAL_Driver/Src/stm32f0xx_hal_i2c_ex.c:97:19:HAL_I2CEx_ConfigAnalogFilter	20	static
C:/PP/Dydaktyka/MATERIALY/ISPiS_MATERIALY/ISPiS_PRZYKLADY/L01/smiglo/Drivers/STM32F0xx_HAL_Driver/Src/stm32f0xx_hal_i2c_ex.c:141:19:HAL_I2CEx_ConfigDigitalFilter	20	static
C:/PP/Dydaktyka/MATERIALY/ISPiS_MATERIALY/ISPiS_PRZYKLADY/L01/smiglo/Drivers/STM32F0xx_HAL_Driver/Src/stm32f0xx_hal_i2c_ex.c:210:19:HAL_I2CEx_EnableWakeUp	20	static
C:/PP/Dydaktyka/MATERIALY/ISPiS_MATERIALY/ISPiS_PRZYKLADY/L01/smiglo/Drivers/STM32F0xx_HAL_Driver/Src/stm32f0xx_hal_i2c_ex.c:249:19:HAL_I2CEx_DisableWakeUp	20	static
C:/PP/Dydaktyka/MATERIALY/ISPiS_MATERIALY/ISPiS_PRZYKLADY/L01/smiglo/Drivers/STM32F0xx_HAL_Driver/Src/stm32f0xx_hal_i2c_ex.c:313:6:HAL_I2CEx_EnableFastModePlus	8	static
C:/PP/Dydaktyka/MATERIALY/ISPiS_MATERIALY/ISPiS_PRZYKLADY/L01/smiglo/Drivers/STM32F0xx_HAL_Driver/Src/stm32f0xx_hal_i2c_ex.c:338:6:HAL_I2CEx_DisableFastModePlus	8	static
