C:/PP/Dydaktyka/MATERIALY/ISPiS_MATERIALY/ISPiS_PRZYKLADY/L01/smiglo/Drivers/STM32F0xx_HAL_Driver/Src/stm32f0xx_hal_rcc_ex.c:104:19:HAL_RCCEx_PeriphCLKConfig	40	static
C:/PP/Dydaktyka/MATERIALY/ISPiS_MATERIALY/ISPiS_PRZYKLADY/L01/smiglo/Drivers/STM32F0xx_HAL_Driver/Src/stm32f0xx_hal_rcc_ex.c:270:6:HAL_RCCEx_GetPeriphCLKConfig	0	static
C:/PP/Dydaktyka/MATERIALY/ISPiS_MATERIALY/ISPiS_PRZYKLADY/L01/smiglo/Drivers/STM32F0xx_HAL_Driver/Src/stm32f0xx_hal_rcc_ex.c:370:10:HAL_RCCEx_GetPeriphCLKFreq	8	static
