C:/PP/Dydaktyka/MATERIALY/ISPiS_MATERIALY/ISPiS_PRZYKLADY/L01/smiglo2/Src/mc_api.c:69:13:MC_StartMotor1	8	static
C:/PP/Dydaktyka/MATERIALY/ISPiS_MATERIALY/ISPiS_PRZYKLADY/L01/smiglo2/Src/mc_api.c:89:13:MC_StopMotor1	8	static
C:/PP/Dydaktyka/MATERIALY/ISPiS_MATERIALY/ISPiS_PRZYKLADY/L01/smiglo2/Src/mc_api.c:125:13:MC_ProgramSpeedRampMotor1	8	static
C:/PP/Dydaktyka/MATERIALY/ISPiS_MATERIALY/ISPiS_PRZYKLADY/L01/smiglo2/Src/mc_api.c:161:13:MC_ProgramTorqueRampMotor1	8	static
C:/PP/Dydaktyka/MATERIALY/ISPiS_MATERIALY/ISPiS_PRZYKLADY/L01/smiglo2/Src/mc_api.c:186:13:MC_SetCurrentReferenceMotor1	16	static
C:/PP/Dydaktyka/MATERIALY/ISPiS_MATERIALY/ISPiS_PRZYKLADY/L01/smiglo2/Src/mc_api.c:202:28:MC_GetCommandStateMotor1	8	static
C:/PP/Dydaktyka/MATERIALY/ISPiS_MATERIALY/ISPiS_PRZYKLADY/L01/smiglo2/Src/mc_api.c:217:13:MC_StopSpeedRampMotor1	8	static
C:/PP/Dydaktyka/MATERIALY/ISPiS_MATERIALY/ISPiS_PRZYKLADY/L01/smiglo2/Src/mc_api.c:228:13:MC_StopRampMotor1	8	static
C:/PP/Dydaktyka/MATERIALY/ISPiS_MATERIALY/ISPiS_PRZYKLADY/L01/smiglo2/Src/mc_api.c:236:13:MC_HasRampCompletedMotor1	8	static
C:/PP/Dydaktyka/MATERIALY/ISPiS_MATERIALY/ISPiS_PRZYKLADY/L01/smiglo2/Src/mc_api.c:244:16:MC_GetMecSpeedReferenceMotor1	8	static
C:/PP/Dydaktyka/MATERIALY/ISPiS_MATERIALY/ISPiS_PRZYKLADY/L01/smiglo2/Src/mc_api.c:252:16:MC_GetMecSpeedAverageMotor1	8	static
C:/PP/Dydaktyka/MATERIALY/ISPiS_MATERIALY/ISPiS_PRZYKLADY/L01/smiglo2/Src/mc_api.c:260:16:MC_GetLastRampFinalSpeedMotor1	8	static
C:/PP/Dydaktyka/MATERIALY/ISPiS_MATERIALY/ISPiS_PRZYKLADY/L01/smiglo2/Src/mc_api.c:268:23:MC_GetControlModeMotor1	8	static
C:/PP/Dydaktyka/MATERIALY/ISPiS_MATERIALY/ISPiS_PRZYKLADY/L01/smiglo2/Src/mc_api.c:284:16:MC_GetImposedDirectionMotor1	8	static
C:/PP/Dydaktyka/MATERIALY/ISPiS_MATERIALY/ISPiS_PRZYKLADY/L01/smiglo2/Src/mc_api.c:292:13:MC_GetSpeedSensorReliabilityMotor1	8	static
C:/PP/Dydaktyka/MATERIALY/ISPiS_MATERIALY/ISPiS_PRZYKLADY/L01/smiglo2/Src/mc_api.c:307:16:MC_GetPhaseCurrentAmplitudeMotor1	8	static
C:/PP/Dydaktyka/MATERIALY/ISPiS_MATERIALY/ISPiS_PRZYKLADY/L01/smiglo2/Src/mc_api.c:322:16:MC_GetPhaseVoltageAmplitudeMotor1	8	static
C:/PP/Dydaktyka/MATERIALY/ISPiS_MATERIALY/ISPiS_PRZYKLADY/L01/smiglo2/Src/mc_api.c:330:13:MC_GetIabMotor1	16	static
C:/PP/Dydaktyka/MATERIALY/ISPiS_MATERIALY/ISPiS_PRZYKLADY/L01/smiglo2/Src/mc_api.c:338:20:MC_GetIalphabetaMotor1	16	static
C:/PP/Dydaktyka/MATERIALY/ISPiS_MATERIALY/ISPiS_PRZYKLADY/L01/smiglo2/Src/mc_api.c:346:13:MC_GetIqdMotor1	16	static
C:/PP/Dydaktyka/MATERIALY/ISPiS_MATERIALY/ISPiS_PRZYKLADY/L01/smiglo2/Src/mc_api.c:354:13:MC_GetIqdrefMotor1	16	static
C:/PP/Dydaktyka/MATERIALY/ISPiS_MATERIALY/ISPiS_PRZYKLADY/L01/smiglo2/Src/mc_api.c:362:13:MC_GetVqdMotor1	16	static
C:/PP/Dydaktyka/MATERIALY/ISPiS_MATERIALY/ISPiS_PRZYKLADY/L01/smiglo2/Src/mc_api.c:370:20:MC_GetValphabetaMotor1	16	static
C:/PP/Dydaktyka/MATERIALY/ISPiS_MATERIALY/ISPiS_PRZYKLADY/L01/smiglo2/Src/mc_api.c:378:16:MC_GetElAngledppMotor1	8	static
C:/PP/Dydaktyka/MATERIALY/ISPiS_MATERIALY/ISPiS_PRZYKLADY/L01/smiglo2/Src/mc_api.c:386:16:MC_GetTerefMotor1	8	static
C:/PP/Dydaktyka/MATERIALY/ISPiS_MATERIALY/ISPiS_PRZYKLADY/L01/smiglo2/Src/mc_api.c:400:13:MC_SetIdrefMotor1	8	static
C:/PP/Dydaktyka/MATERIALY/ISPiS_MATERIALY/ISPiS_PRZYKLADY/L01/smiglo2/Src/mc_api.c:413:13:MC_Clear_IqdrefMotor1	8	static
C:/PP/Dydaktyka/MATERIALY/ISPiS_MATERIALY/ISPiS_PRZYKLADY/L01/smiglo2/Src/mc_api.c:426:13:MC_AcknowledgeFaultMotor1	8	static
C:/PP/Dydaktyka/MATERIALY/ISPiS_MATERIALY/ISPiS_PRZYKLADY/L01/smiglo2/Src/mc_api.c:440:17:MC_GetOccurredFaultsMotor1	8	static
C:/PP/Dydaktyka/MATERIALY/ISPiS_MATERIALY/ISPiS_PRZYKLADY/L01/smiglo2/Src/mc_api.c:454:17:MC_GetCurrentFaultsMotor1	8	static
C:/PP/Dydaktyka/MATERIALY/ISPiS_MATERIALY/ISPiS_PRZYKLADY/L01/smiglo2/Src/mc_api.c:462:17:MC_GetSTMStateMotor1	8	static
