C:/PP/Dydaktyka/MATERIALY/ISPiS_MATERIALY/ISPiS_PRZYKLADY/L01/smiglo2/Src/mc_tasks.c:447:13:FOC_Clear	8	static
C:/PP/Dydaktyka/MATERIALY/ISPiS_MATERIALY/ISPiS_PRZYKLADY/L01/smiglo2/Src/mc_tasks.c:122:13:MCboot	64	static
C:/PP/Dydaktyka/MATERIALY/ISPiS_MATERIALY/ISPiS_PRZYKLADY/L01/smiglo2/Src/mc_tasks.c:483:13:FOC_InitAdditionalMethods	0	static
C:/PP/Dydaktyka/MATERIALY/ISPiS_MATERIALY/ISPiS_PRZYKLADY/L01/smiglo2/Src/mc_tasks.c:500:13:FOC_CalcCurrRef	8	static
C:/PP/Dydaktyka/MATERIALY/ISPiS_MATERIALY/ISPiS_PRZYKLADY/L01/smiglo2/Src/mc_tasks.c:523:13:TSK_SetChargeBootCapDelayM1	0	static
C:/PP/Dydaktyka/MATERIALY/ISPiS_MATERIALY/ISPiS_PRZYKLADY/L01/smiglo2/Src/mc_tasks.c:534:13:TSK_ChargeBootCapDelayHasElapsedM1	0	static
C:/PP/Dydaktyka/MATERIALY/ISPiS_MATERIALY/ISPiS_PRZYKLADY/L01/smiglo2/Src/mc_tasks.c:550:13:TSK_SetStopPermanencyTimeM1	0	static
C:/PP/Dydaktyka/MATERIALY/ISPiS_MATERIALY/ISPiS_PRZYKLADY/L01/smiglo2/Src/mc_tasks.c:561:13:TSK_StopPermanencyTimeHasElapsedM1	0	static
C:/PP/Dydaktyka/MATERIALY/ISPiS_MATERIALY/ISPiS_PRZYKLADY/L01/smiglo2/Src/mc_tasks.c:312:13:TSK_MediumFrequencyTaskM1	32	static
C:/PP/Dydaktyka/MATERIALY/ISPiS_MATERIALY/ISPiS_PRZYKLADY/L01/smiglo2/Src/mc_tasks.c:267:13:MC_Scheduler	16	static
C:/PP/Dydaktyka/MATERIALY/ISPiS_MATERIALY/ISPiS_PRZYKLADY/L01/smiglo2/Src/mc_tasks.c:586:16:TSK_HighFrequencyTask	56	static
C:/PP/Dydaktyka/MATERIALY/ISPiS_MATERIALY/ISPiS_PRZYKLADY/L01/smiglo2/Src/mc_tasks.c:700:13:TSK_SafetyTask_PWMOFF	32	static
C:/PP/Dydaktyka/MATERIALY/ISPiS_MATERIALY/ISPiS_PRZYKLADY/L01/smiglo2/Src/mc_tasks.c:678:13:TSK_SafetyTask	8	static
C:/PP/Dydaktyka/MATERIALY/ISPiS_MATERIALY/ISPiS_PRZYKLADY/L01/smiglo2/Src/mc_tasks.c:247:13:MC_RunMotorControlTasks	8	static
C:/PP/Dydaktyka/MATERIALY/ISPiS_MATERIALY/ISPiS_PRZYKLADY/L01/smiglo2/Src/mc_tasks.c:751:23:GetMCI	0	static
C:/PP/Dydaktyka/MATERIALY/ISPiS_MATERIALY/ISPiS_PRZYKLADY/L01/smiglo2/Src/mc_tasks.c:770:22:GetMCT	0	static
C:/PP/Dydaktyka/MATERIALY/ISPiS_MATERIALY/ISPiS_PRZYKLADY/L01/smiglo2/Src/mc_tasks.c:786:13:TSK_HardwareFaultTask	8	static
C:/PP/Dydaktyka/MATERIALY/ISPiS_MATERIALY/ISPiS_PRZYKLADY/L01/smiglo2/Src/mc_tasks.c:801:13:mc_lock_pins	64	static
