C:/PP/Dydaktyka/MATERIALY/ISPiS_MATERIALY/ISPiS_PRZYKLADY/L01/smiglo2/Src/regular_conversion_manager.c:200:9:RCM_RegisterRegConv	16	static
C:/PP/Dydaktyka/MATERIALY/ISPiS_MATERIALY/ISPiS_PRZYKLADY/L01/smiglo2/Src/regular_conversion_manager.c:167:9:RCM_RegisterRegConv_WithCB	16	static
C:/PP/Dydaktyka/MATERIALY/ISPiS_MATERIALY/ISPiS_PRZYKLADY/L01/smiglo2/Src/regular_conversion_manager.c:265:10:RCM_ExecRegularConv	20	static
C:/PP/Dydaktyka/MATERIALY/ISPiS_MATERIALY/ISPiS_PRZYKLADY/L01/smiglo2/Src/regular_conversion_manager.c:384:6:RCM_RequestUserConv	0	static
C:/PP/Dydaktyka/MATERIALY/ISPiS_MATERIALY/ISPiS_PRZYKLADY/L01/smiglo2/Src/regular_conversion_manager.c:405:10:RCM_GetUserConv	0	static
C:/PP/Dydaktyka/MATERIALY/ISPiS_MATERIALY/ISPiS_PRZYKLADY/L01/smiglo2/Src/regular_conversion_manager.c:423:6:RCM_ExecUserConv	16	static
C:/PP/Dydaktyka/MATERIALY/ISPiS_MATERIALY/ISPiS_PRZYKLADY/L01/smiglo2/Src/regular_conversion_manager.c:454:21:RCM_GetUserConvState	0	static
C:/PP/Dydaktyka/MATERIALY/ISPiS_MATERIALY/ISPiS_PRZYKLADY/L01/smiglo2/Src/regular_conversion_manager.c:476:6:RCM_PauseRegularConv	8	static
C:/PP/Dydaktyka/MATERIALY/ISPiS_MATERIALY/ISPiS_PRZYKLADY/L01/smiglo2/Src/regular_conversion_manager.c:520:6:RCM_ExecNextConv	16	static
C:/PP/Dydaktyka/MATERIALY/ISPiS_MATERIALY/ISPiS_PRZYKLADY/L01/smiglo2/Src/regular_conversion_manager.c:565:6:RCM_ReadOngoingConv	20	static
