C:/PP/Dydaktyka/MATERIALY/ISPiS_MATERIALY/ISPiS_PRZYKLADY/L01/smiglo2/Src/stm32f0xx_hal_msp.c:66:6:HAL_MspInit	8	static
C:/PP/Dydaktyka/MATERIALY/ISPiS_MATERIALY/ISPiS_PRZYKLADY/L01/smiglo2/Src/stm32f0xx_hal_msp.c:88:6:HAL_ADC_MspInit	56	static
C:/PP/Dydaktyka/MATERIALY/ISPiS_MATERIALY/ISPiS_PRZYKLADY/L01/smiglo2/Src/stm32f0xx_hal_msp.c:147:6:HAL_ADC_MspDeInit	8	static
C:/PP/Dydaktyka/MATERIALY/ISPiS_MATERIALY/ISPiS_PRZYKLADY/L01/smiglo2/Src/stm32f0xx_hal_msp.c:182:6:HAL_TIM_PWM_MspInit	40	static
C:/PP/Dydaktyka/MATERIALY/ISPiS_MATERIALY/ISPiS_PRZYKLADY/L01/smiglo2/Src/stm32f0xx_hal_msp.c:217:6:HAL_TIM_Base_MspInit	40	static
C:/PP/Dydaktyka/MATERIALY/ISPiS_MATERIALY/ISPiS_PRZYKLADY/L01/smiglo2/Src/stm32f0xx_hal_msp.c:248:6:HAL_TIM_MspPostInit	48	static
C:/PP/Dydaktyka/MATERIALY/ISPiS_MATERIALY/ISPiS_PRZYKLADY/L01/smiglo2/Src/stm32f0xx_hal_msp.c:293:6:HAL_TIM_PWM_MspDeInit	8	static
C:/PP/Dydaktyka/MATERIALY/ISPiS_MATERIALY/ISPiS_PRZYKLADY/L01/smiglo2/Src/stm32f0xx_hal_msp.c:331:6:HAL_TIM_Base_MspDeInit	8	static
C:/PP/Dydaktyka/MATERIALY/ISPiS_MATERIALY/ISPiS_PRZYKLADY/L01/smiglo2/Src/stm32f0xx_hal_msp.c:363:6:HAL_UART_MspInit	40	static
C:/PP/Dydaktyka/MATERIALY/ISPiS_MATERIALY/ISPiS_PRZYKLADY/L01/smiglo2/Src/stm32f0xx_hal_msp.c:399:6:HAL_UART_MspDeInit	8	static
